╔══════════════════════════════════════════════════════════════╗
║   SUPER ENTRY STRATEGY BACKTESTER v2 (Cross-TF Heuristic)   ║
╚══════════════════════════════════════════════════════════════╝

  Config:
    P threshold:       0.55
    Warmup bars:       300
    Lookahead:         25
    Max hold bars:     25
    SL fraction:       0.65
    GPU:               false
    Heuristic mode:    Filter
    Heuristic min conf: 0.15
    WFO OOS from:      (ALL data — no WFO filter)

    TF     5m:  TP=2.80%  SL=1.82%  candles=12000   higher=Some(15)  lower=Some(1)
    TF    15m:  TP=3.50%  SL=2.27%  candles=12000   higher=Some(60)  lower=Some(5)
    TF    60m:  TP=5.00%  SL=3.25%  candles=12000   higher=Some(240)  lower=Some(15)
    TF   240m:  TP=7.50%  SL=4.88%  candles=12000   higher=Some(1440)  lower=Some(60)
    TF  1440m:  TP=10.00%  SL=6.50%  candles=3700    higher=None  lower=Some(240)

  Loading candle data for all TFs...
    TF     1m: 164 symbols, 802916 candles (26.7s)
    TF     5m: 164 symbols, 1234807 candles (31.4s)
    TF    15m: 164 symbols, 1695982 candles (39.8s)
    TF    60m: 164 symbols, 1327042 candles (35.0s)
    TF   240m: 164 symbols, 754391 candles (25.1s)
    TF  1440m: 164 symbols, 133942 candles (14.6s)
  All data loaded in 172.7s

  TF     5m: 40905 trades in 5.5s (heuristic_overrides=0, filter_rejects=12613)
  TF    15m: 77364 trades in 9.2s (heuristic_overrides=0, filter_rejects=36851)
  TF    60m: 86080 trades in 7.2s (heuristic_overrides=0, filter_rejects=44436)
  TF   240m: 60916 trades in 4.3s (heuristic_overrides=0, filter_rejects=39913)
  TF  1440m: 17898 trades in 0.7s (heuristic_overrides=0, filter_rejects=11458)

  Total backtest time: 26.9s

╔══════════════════════════════════════════════════════════════════════════════╗
║              SUPER ENTRY BACKTEST RESULTS v2 (Cross-TF Heuristic)            ║
╚══════════════════════════════════════════════════════════════════════════════╝
  Heuristic mode: Filter, min_confidence=0.15

TF      Trades   Wins   Loss   Exprd  WinRate   AvgPnL%   Sharpe   Cover%  HeurOv FltRej
-----------------------------------------------------------------------------------------------
5m       40905  12359  13235   15311    30.2%   0.3547%    0.185    3.45%       0  12613
15m      77364  38707  24035   14622    50.0%   1.1535%    0.444    4.69%       0  36851
1h       86080  53906  26033    6141    62.6%   2.2220%    0.589    6.72%       0  44436
4h       60916  40594  18557    1765    66.6%   3.5533%    0.625    8.62%       0  39913
1d       17898  14915   2734     249    83.3%   7.3504%    1.227   19.25%       0  11458
-----------------------------------------------------------------------------------------------
TOTAL   283163 160481  84594   38088    56.7%   2.2709%

======== P(SUPER) BUCKET ANALYSIS ========
TF      0.55-0.60  0.60-0.70  0.70-0.80  0.80-0.90      0.90+
5m     20%(10623)  26%(13752)  33%(6804)  41%(6676)  51%(3050) 
15m    38%(14093)  45%(22080)  51%(18806)  58%(19651)  83%(2734) 
1h     56%(18564)  60%(36964)  66%(26313)  88%(3953)   98%(286) 
4h     58%(20409)  69%(34125)  84%(5848)   95%(529)    100%(5) 
1d     76%(4319)  84%(7818)  89%(4392)  86%(1223)   81%(146) 

======== DIRECTION: ML vs HEURISTIC ========
TF      ML=Heur  ML≠Heur   MLonly     ->WR    HeurWR%  MLonlyWR%
5m        40105        0      800    30.3%       0.0%      28.1%
15m       51277        0    26087    50.0%       0.0%      50.0%
1h        62279        0    23801    62.7%       0.0%      62.4%
4h        44271        0    16645    68.3%       0.0%      62.3%
1d        10045        0     7853    85.1%       0.0%      81.1%

======== HEURISTIC CONFIDENCE BUCKETS (WinRate by confidence) ========
TF         conf<0.2      0.2-0.4      0.4-0.6      0.6-0.8      0.8-1.0
5m        28%(800)   29%(15068)      28%(65)   31%(24972)          -   
15m     50%(26087)    50%(7174)   48%(10145)   52%(10418)   50%(23540) 
1h      62%(23801)    60%(8457)   63%(15801)   63%(14980)   63%(23041) 
4h      62%(16645)    66%(8102)    64%(9034)   68%(10200)   71%(16935) 
1d       81%(7853)    85%(7195)    85%(2850)          -            -   

======== DIRECTION BREAKDOWN (LONG vs SHORT) ========
TF         LONG    SHORT    LongWR%   ShortWR%   LongPnL%  ShortPnL%
5m        23011    17894      26.3%      35.2%    0.3147%    0.4061%
15m       32961    44403      48.3%      51.3%    1.1135%    1.1831%
1h        28845    57235      54.7%      66.6%    1.5294%    2.5711%
4h        19262    41654      60.8%      69.3%    2.7698%    3.9156%
1d         5341    12557      81.2%      84.2%    7.1056%    7.4545%

╔══════════════════════════════════════════════════════════════╗
║         BACKTEST COMPLETE                                    ║
╚══════════════════════════════════════════════════════════════╝
