╔══════════════════════════════════════════════════════════════╗
║   SUPER ENTRY STRATEGY BACKTESTER v2 (Cross-TF Heuristic)   ║
╚══════════════════════════════════════════════════════════════╝

  Config:
    P threshold:       0.55
    Warmup bars:       300
    Lookahead:         25
    Max hold bars:     25
    SL fraction:       0.65
    GPU:               false
    Heuristic mode:    Filter
    Heuristic min conf: 0.30
    WFO OOS from:      (ALL data — no WFO filter)

    TF     5m:  TP=2.80%  SL=1.82%  candles=12000   higher=Some(15)  lower=Some(1)
    TF    15m:  TP=3.50%  SL=2.27%  candles=12000   higher=Some(60)  lower=Some(5)
    TF    60m:  TP=5.00%  SL=3.25%  candles=12000   higher=Some(240)  lower=Some(15)
    TF   240m:  TP=7.50%  SL=4.88%  candles=12000   higher=Some(1440)  lower=Some(60)
    TF  1440m:  TP=10.00%  SL=6.50%  candles=3700    higher=None  lower=Some(240)

  Loading candle data for all TFs...
    TF     1m: 164 symbols, 802916 candles (26.2s)
    TF     5m: 164 symbols, 1234807 candles (30.6s)
    TF    15m: 164 symbols, 1695982 candles (41.1s)
    TF    60m: 164 symbols, 1327042 candles (34.7s)
    TF   240m: 164 symbols, 754391 candles (24.6s)
    TF  1440m: 164 symbols, 133942 candles (14.5s)
  All data loaded in 171.7s

  TF     5m: 47962 trades in 5.4s (heuristic_overrides=0, filter_rejects=5556)
  TF    15m: 77438 trades in 9.2s (heuristic_overrides=0, filter_rejects=36777)
  TF    60m: 89391 trades in 7.2s (heuristic_overrides=0, filter_rejects=41125)
  TF   240m: 64672 trades in 4.2s (heuristic_overrides=0, filter_rejects=36157)
  TF  1440m: 25056 trades in 0.7s (heuristic_overrides=0, filter_rejects=4300)

  Total backtest time: 26.7s

╔══════════════════════════════════════════════════════════════════════════════╗
║              SUPER ENTRY BACKTEST RESULTS v2 (Cross-TF Heuristic)            ║
╚══════════════════════════════════════════════════════════════════════════════╝
  Heuristic mode: Filter, min_confidence=0.30

TF      Trades   Wins   Loss   Exprd  WinRate   AvgPnL%   Sharpe   Cover%  HeurOv FltRej
-----------------------------------------------------------------------------------------------
5m       47962  14863  15564   17535    31.0%   0.3752%    0.195    4.05%       0   5556
15m      77438  38755  24052   14631    50.0%   1.1541%    0.445    4.70%       0  36777
1h       89391  55744  27248    6399    62.4%   2.2003%    0.583    6.98%       0  41125
4h       64672  43157  19671    1844    66.7%   3.5628%    0.627    9.16%       0  36157
1d       25056  21069   3731     256    84.1%   7.4488%    1.259   26.95%       0   4300
-----------------------------------------------------------------------------------------------
TOTAL   304519 173588  90266   40665    57.0%   2.3680%

======== P(SUPER) BUCKET ANALYSIS ========
TF      0.55-0.60  0.60-0.70  0.70-0.80  0.80-0.90      0.90+
5m     21%(12245)  27%(15697)  33%(7802)  42%(8246)  52%(3972) 
15m    38%(14104)  45%(22113)  51%(18823)  58%(19664)  83%(2734) 
1h     56%(19288)  60%(38469)  66%(27344)  88%(4003)   98%(287) 
4h     58%(21664)  69%(36322)  84%(6130)   95%(551)    100%(5) 
1d     77%(6145)  85%(11211)  90%(5952)  88%(1569)   84%(179) 

======== DIRECTION: ML vs HEURISTIC ========
TF      ML=Heur  ML≠Heur   MLonly     ->WR    HeurWR%  MLonlyWR%
5m        25037        0    22925    31.0%       0.0%      31.0%
15m       51184        0    26254    50.0%       0.0%      50.1%
1h        58978        0    30413    63.1%       0.0%      60.9%
4h        39626        0    25046    68.2%       0.0%      64.4%
1d         2933        0    22123    85.1%       0.0%      84.0%

======== HEURISTIC CONFIDENCE BUCKETS (WinRate by confidence) ========
TF         conf<0.2      0.2-0.4      0.4-0.6      0.6-0.8      0.8-1.0
5m        28%(800)   31%(22125)      28%(65)   31%(24972)          -   
15m     50%(26087)    50%(7248)   48%(10145)   52%(10418)   50%(23540) 
1h      62%(23801)   59%(11768)   63%(15801)   63%(14980)   63%(23041) 
4h      62%(16645)   66%(11858)    64%(9034)   68%(10200)   71%(16935) 
1d       81%(7853)   86%(14353)    85%(2850)          -            -   

======== DIRECTION BREAKDOWN (LONG vs SHORT) ========
TF         LONG    SHORT    LongWR%   ShortWR%   LongPnL%  ShortPnL%
5m        26536    21426      26.8%      36.2%    0.3360%    0.4237%
15m       33011    44427      48.3%      51.3%    1.1153%    1.1829%
1h        31117    58274      54.6%      66.5%    1.5258%    2.5604%
4h        21079    43593      61.3%      69.3%    2.8296%    3.9174%
1d         9966    15090      83.6%      84.4%    7.4165%    7.4702%

╔══════════════════════════════════════════════════════════════╗
║         BACKTEST COMPLETE                                    ║
╚══════════════════════════════════════════════════════════════╝
