╔══════════════════════════════════════════════════════════════╗
║   SUPER ENTRY STRATEGY BACKTESTER v2 (Cross-TF Heuristic)   ║
╚══════════════════════════════════════════════════════════════╝

  Config:
    P threshold:       0.55
    Warmup bars:       300
    Lookahead:         25
    Max hold bars:     25
    SL fraction:       0.65
    GPU:               false
    Heuristic mode:    Filter
    Heuristic min conf: 0.45
    WFO OOS from:      (ALL data — no WFO filter)

    TF     5m:  TP=2.80%  SL=1.82%  candles=12000   higher=Some(15)  lower=Some(1)
    TF    15m:  TP=3.50%  SL=2.27%  candles=12000   higher=Some(60)  lower=Some(5)
    TF    60m:  TP=5.00%  SL=3.25%  candles=12000   higher=Some(240)  lower=Some(15)
    TF   240m:  TP=7.50%  SL=4.88%  candles=12000   higher=Some(1440)  lower=Some(60)
    TF  1440m:  TP=10.00%  SL=6.50%  candles=3700    higher=None  lower=Some(240)

  Loading candle data for all TFs...
    TF     1m: 164 symbols, 802916 candles (26.9s)
    TF     5m: 164 symbols, 1234807 candles (31.1s)
    TF    15m: 164 symbols, 1695982 candles (39.1s)
    TF    60m: 164 symbols, 1327042 candles (35.5s)
    TF   240m: 164 symbols, 754391 candles (24.5s)
    TF  1440m: 164 symbols, 133942 candles (14.5s)
  All data loaded in 171.6s

  TF     5m: 47986 trades in 5.4s (heuristic_overrides=0, filter_rejects=5532)
  TF    15m: 84326 trades in 9.2s (heuristic_overrides=0, filter_rejects=29889)
  TF    60m: 98246 trades in 7.2s (heuristic_overrides=0, filter_rejects=32270)
  TF   240m: 70515 trades in 4.2s (heuristic_overrides=0, filter_rejects=30314)
  TF  1440m: 29356 trades in 0.6s (heuristic_overrides=0, filter_rejects=0)

  Total backtest time: 26.6s

╔══════════════════════════════════════════════════════════════════════════════╗
║              SUPER ENTRY BACKTEST RESULTS v2 (Cross-TF Heuristic)            ║
╚══════════════════════════════════════════════════════════════════════════════╝
  Heuristic mode: Filter, min_confidence=0.45

TF      Trades   Wins   Loss   Exprd  WinRate   AvgPnL%   Sharpe   Cover%  HeurOv FltRej
-----------------------------------------------------------------------------------------------
5m       47986  14878  15571   17537    31.0%   0.3756%    0.195    4.05%       0   5532
15m      84326  42196  25941   16189    50.0%   1.1652%    0.450    5.12%       0  29889
1h       98246  61040  30137    7069    62.1%   2.1829%    0.577    7.68%       0  32270
4h       70515  46845  21673    1997    66.4%   3.5247%    0.618    9.98%       0  30314
1d       29356  24809   4285     262    84.5%   7.5099%    1.281   31.57%       0      0
-----------------------------------------------------------------------------------------------
TOTAL   330429 189768  97607   43054    57.4%   2.4203%

======== P(SUPER) BUCKET ANALYSIS ========
TF      0.55-0.60  0.60-0.70  0.70-0.80  0.80-0.90      0.90+
5m     21%(12248)  27%(15703)  33%(7806)  42%(8251)  53%(3978) 
15m    38%(15606)  45%(24312)  51%(20476)  58%(21108)  83%(2824) 
1h     56%(21094)  60%(42408)  65%(30163)  88%(4290)   98%(291) 
4h     58%(23694)  68%(39721)  84%(6496)   95%(592)   100%(12) 
1d     77%(7270)  85%(13223)  90%(6863)  89%(1775)   87%(225) 

======== DIRECTION: ML vs HEURISTIC ========
TF      ML=Heur  ML≠Heur   MLonly     ->WR    HeurWR%  MLonlyWR%
5m        24972        0    23014    31.0%       0.0%      31.1%
15m       44073        0    40253    50.1%       0.0%      50.0%
1h        49903        0    48343    63.5%       0.0%      60.7%
4h        31674        0    38841    69.1%       0.0%      64.2%
1d            0        0    29356     0.0%       0.0%      84.5%

======== HEURISTIC CONFIDENCE BUCKETS (WinRate by confidence) ========
TF         conf<0.2      0.2-0.4      0.4-0.6      0.6-0.8      0.8-1.0
5m        28%(800)   31%(22125)      37%(89)   31%(24972)          -   
15m     50%(26087)   50%(14120)   48%(10161)   52%(10418)   50%(23540) 
1h      62%(23801)   60%(18316)   62%(18108)   63%(14980)   63%(23041) 
4h      62%(16645)   65%(14434)   65%(12301)   68%(10200)   71%(16935) 
1d       81%(7853)   86%(14440)    86%(7063)          -            -   

======== DIRECTION BREAKDOWN (LONG vs SHORT) ========
TF         LONG    SHORT    LongWR%   ShortWR%   LongPnL%  ShortPnL%
5m        26543    21443      26.8%      36.2%    0.3364%    0.4242%
15m       36786    47540      48.4%      51.3%    1.1289%    1.1933%
1h        37122    61124      55.2%      66.3%    1.5775%    2.5506%
4h        24882    45633      61.6%      69.1%    2.8713%    3.8809%
1d        13240    16116      84.6%      84.4%    7.5572%    7.4711%

╔══════════════════════════════════════════════════════════════╗
║         BACKTEST COMPLETE                                    ║
╚══════════════════════════════════════════════════════════════╝
