╔══════════════════════════════════════════════════════════════╗
║   SUPER ENTRY STRATEGY BACKTESTER v2 (Cross-TF Heuristic)   ║
╚══════════════════════════════════════════════════════════════╝

  Config:
    P threshold:       0.55
    Warmup bars:       300
    Lookahead:         25
    Max hold bars:     25
    SL fraction:       0.65
    GPU:               false
    Heuristic mode:    Off
    Heuristic min conf: 0.30
    WFO OOS from:      (ALL data — no WFO filter)

    TF     5m:  TP=2.80%  SL=1.82%  candles=12000   higher=Some(15)  lower=Some(1)
    TF    15m:  TP=3.50%  SL=2.27%  candles=12000   higher=Some(60)  lower=Some(5)
    TF    60m:  TP=5.00%  SL=3.25%  candles=12000   higher=Some(240)  lower=Some(15)
    TF   240m:  TP=7.50%  SL=4.88%  candles=12000   higher=Some(1440)  lower=Some(60)
    TF  1440m:  TP=10.00%  SL=6.50%  candles=3700    higher=None  lower=Some(240)

  Loading candle data for all TFs...
    TF     1m: 164 symbols, 802916 candles (27.2s)
    TF     5m: 164 symbols, 1234807 candles (31.5s)
    TF    15m: 164 symbols, 1695982 candles (42.4s)
    TF    60m: 164 symbols, 1327042 candles (32.8s)
    TF   240m: 164 symbols, 754391 candles (24.6s)
    TF  1440m: 164 symbols, 133942 candles (14.7s)
  All data loaded in 173.1s

  TF     5m: 53518 trades in 5.2s (heuristic_overrides=0, filter_rejects=0)
  TF    15m: 114215 trades in 9.4s (heuristic_overrides=0, filter_rejects=0)
  TF    60m: 130516 trades in 7.4s (heuristic_overrides=0, filter_rejects=0)
  TF   240m: 100829 trades in 4.2s (heuristic_overrides=0, filter_rejects=0)
  TF  1440m: 29356 trades in 0.6s (heuristic_overrides=0, filter_rejects=0)

  Total backtest time: 26.9s

╔══════════════════════════════════════════════════════════════════════════════╗
║              SUPER ENTRY BACKTEST RESULTS v2 (Cross-TF Heuristic)            ║
╚══════════════════════════════════════════════════════════════════════════════╝
  Heuristic mode: Off, min_confidence=0.30

TF      Trades   Wins   Loss   Exprd  WinRate   AvgPnL%   Sharpe   Cover%  HeurOv FltRej
-----------------------------------------------------------------------------------------------
5m       53518  17158  17600   18760    32.1%   0.3946%    0.203    4.51%       0      0
15m     114215  57941  34064   22210    50.7%   1.2197%    0.474    6.93%       0      0
1h      130516  81320  40344    8852    62.3%   2.1816%    0.576   10.20%       0      0
4h      100829  67194  30948    2687    66.6%   3.5418%    0.622   14.27%       0      0
1d       29356  24809   4285     262    84.5%   7.5099%    1.281   31.57%       0      0
-----------------------------------------------------------------------------------------------
TOTAL   428434 248422 127241   52771    58.0%   2.3872%

======== P(SUPER) BUCKET ANALYSIS ========
TF      0.55-0.60  0.60-0.70  0.70-0.80  0.80-0.90      0.90+
5m     21%(13006)  27%(16618)  33%(8491)  43%(9967)  53%(5436) 
15m    39%(21640)  46%(33482)  52%(26885)  59%(28117)  84%(4091) 
1h     55%(26194)  59%(54158)  65%(41461)  88%(7510)  96%(1193) 
4h     58%(32169)  68%(57467)  84%(10037)  94%(1010)   99%(146) 
1d     77%(7270)  85%(13223)  90%(6863)  89%(1775)   87%(225) 

======== DIRECTION: ML vs HEURISTIC ========
TF      ML=Heur  ML≠Heur   MLonly     ->WR    HeurWR%  MLonlyWR%
5m            0        0    53518     0.0%       0.0%      32.1%
15m           0        0   114215     0.0%       0.0%      50.7%
1h            0        0   130516     0.0%       0.0%      62.3%
4h            0        0   100829     0.0%       0.0%      66.6%
1d            0        0    29356     0.0%       0.0%      84.5%

======== HEURISTIC CONFIDENCE BUCKETS (WinRate by confidence) ========
TF         conf<0.2      0.2-0.4      0.4-0.6      0.6-0.8      0.8-1.0
5m      32%(53518)          -            -            -            -   
15m    51%(114215)          -            -            -            -   
1h     62%(130516)          -            -            -            -   
4h     67%(100829)          -            -            -            -   
1d      85%(29356)          -            -            -            -   

======== DIRECTION BREAKDOWN (LONG vs SHORT) ========
TF         LONG    SHORT    LongWR%   ShortWR%   LongPnL%  ShortPnL%
5m        28212    25306      27.1%      37.6%    0.3463%    0.4483%
15m       59427    54788      50.2%      51.3%    1.2424%    1.1951%
1h        65147    65369      58.4%      66.2%    1.8143%    2.5477%
4h        46805    54024      64.9%      68.2%    3.2918%    3.7585%
1d        13240    16116      84.6%      84.4%    7.5572%    7.4711%

╔══════════════════════════════════════════════════════════════╗
║         BACKTEST COMPLETE                                    ║
╚══════════════════════════════════════════════════════════════╝
