2026-03-29 13:59:31 [INFO] ╔═══════════════════════════════════════════════════════╗
2026-03-29 13:59:31 [INFO] ║  Direction Model v4 — CNN-like Pattern WFO Training   ║
2026-03-29 13:59:31 [INFO] ║  Pure OHLCV sliding window → XGBoost                  ║
2026-03-29 13:59:31 [INFO] ║  No indicators, no noise — just price patterns        ║
2026-03-29 13:59:31 [INFO] ╚═══════════════════════════════════════════════════════╝
2026-03-29 13:59:31 [INFO] Mode: binary
2026-03-29 13:59:31 [INFO] Prediction horizon: 25 bars
2026-03-29 13:59:31 [INFO] Exclude FLAT: False
2026-03-29 13:59:31 [INFO] Loading dataset/direction_v4_dataset.csv...
2026-03-29 14:00:26 [INFO]   Loaded 7,498,826 rows, 107 columns in 54.4s
2026-03-29 14:00:26 [INFO]   Detected 100 pattern feature columns
2026-03-29 14:00:29 [INFO]   Memory: 7.3 GB → 4.2 GB (float32 conversion)
2026-03-29 14:00:29 [INFO] 
  Dataset overview:
2026-03-29 14:00:29 [INFO]     TF     5m: 1,875,240 rows, 266 symbols, UP=225416(12%) FLAT=1467015(78%) DOWN=182809(10%) ◄
2026-03-29 14:00:30 [INFO]     TF    15m: 2,400,984 rows, 265 symbols, UP=447668(19%) FLAT=1518250(63%) DOWN=435066(18%) ◄
2026-03-29 14:00:30 [INFO]     TF    60m: 1,931,430 rows, 269 symbols, UP=582697(30%) FLAT=727161(38%) DOWN=621572(32%) ◄
2026-03-29 14:00:31 [INFO]     TF   240m: 1,091,342 rows, 268 symbols, UP=414904(38%) FLAT=233366(21%) DOWN=443072(41%) ◄
2026-03-29 14:00:31 [INFO]     TF  1440m:   199,830 rows, 262 symbols, UP=91880(46%) FLAT=4047(2%) DOWN=103903(52%) ◄
2026-03-29 14:00:32 [INFO] 
═══════════════════════════════════════════════════════════════════════════
2026-03-29 14:00:32 [INFO]   DIRECTION v4 WFO — TF 5m — BINARY mode
2026-03-29 14:00:32 [INFO]   Data: 1875240 rows, 266 symbols
2026-03-29 14:00:32 [INFO]   Features: 100 pattern features
2026-03-29 14:00:32 [INFO]   Labels: UP=225416 (12.0%), FLAT=1467015 (78.2%), DOWN=182809 (9.7%)
2026-03-29 14:00:32 [INFO]   Target: accuracy ≥ 55%
2026-03-29 14:00:32 [INFO] ═══════════════════════════════════════════════════════════════════════════
2026-03-29 14:00:33 [INFO]   3 WFO folds:
2026-03-29 14:00:33 [INFO]     Fold 0: Train 23d | Test 4d
2026-03-29 14:00:33 [INFO]     Fold 1: Train 26d | Test 4d
2026-03-29 14:00:33 [INFO]     Fold 2: Train 30d | Test 4d
2026-03-29 14:00:33 [INFO] 
  ── Fold 0/2 ──
2026-03-29 14:00:33 [INFO]   Train: 1237624 rows | Test: 174698 rows
2026-03-29 14:00:33 [INFO]   Baseline (majority class): 0.5079
2026-03-29 14:00:33 [INFO]   Fold 0: Training binary (UP vs DOWN) on 276447 examples (UP=155940, DOWN=120507, scale_pos=0.77)
2026-03-29 14:01:06 [INFO]   Fold 0: accuracy=0.5267 ❌  AUC=0.5421  trees=1990
2026-03-29 14:01:06 [INFO]     Predictions: UP=15981 DOWN=19024  UP_recall=0.483  DOWN_recall=0.571
2026-03-29 14:01:06 [INFO]     gate≥0.55: all=0.5410(20605) | UP=0.5398(9395) | DOWN=0.5421(11210)  cov=58.9%
2026-03-29 14:01:06 [INFO]     gate≥0.60: all=0.5555(9814) | UP=0.5401(4875) | DOWN=0.5708(4939)  cov=28.0%
2026-03-29 14:01:06 [INFO]     gate≥0.65: all=0.5888(3791) | UP=0.5581(2193) | DOWN=0.6308(1598)  cov=10.8%
2026-03-29 14:01:06 [INFO]     gate≥0.70: all=0.6206(1339) | UP=0.5623(827) | DOWN=0.7148(512)  cov=3.8%
2026-03-29 14:01:06 [INFO]     gate≥0.75: all=0.6542(402) | UP=0.5764(203) | DOWN=0.7337(199)  cov=1.1%
2026-03-29 14:01:06 [INFO]     gate≥0.80: all=0.7327(101) | UP=0.7097(31) | DOWN=0.7429(70)  cov=0.3%
2026-03-29 14:01:06 [INFO] 
  ── Fold 1/2 ──
2026-03-29 14:01:06 [INFO]   Train: 1422152 rows | Test: 187932 rows
2026-03-29 14:01:06 [INFO]   Baseline (majority class): 0.5741
2026-03-29 14:01:06 [INFO]   Fold 1: Training binary (UP vs DOWN) on 313270 examples (UP=174752, DOWN=138518, scale_pos=0.79)
2026-03-29 14:01:17 [INFO]   Fold 1: accuracy=0.5419 ❌  AUC=0.5761  trees=210
2026-03-29 14:01:17 [INFO]     Predictions: UP=18402 DOWN=25301  UP_recall=0.468  DOWN_recall=0.642
2026-03-29 14:01:17 [INFO]     gate≥0.55: all=0.5755(19702) | UP=0.6758(8277) | DOWN=0.5028(11425)  cov=45.1%
2026-03-29 14:01:17 [INFO]     gate≥0.60: all=0.6244(5351) | UP=0.7006(3283) | DOWN=0.5034(2068)  cov=12.2%
2026-03-29 14:01:17 [INFO]     gate≥0.65: all=0.6624(1102) | UP=0.6923(936) | DOWN=0.4940(166)  cov=2.5%
2026-03-29 14:01:17 [INFO]     gate≥0.70: all=0.6232(138) | UP=0.6991(113) | DOWN=0.2800(25)  cov=0.3%
2026-03-29 14:01:17 [INFO] 
  ── Fold 2/2 ──
2026-03-29 14:01:17 [INFO]   Train: 1618725 rows | Test: 241241 rows
2026-03-29 14:01:17 [INFO]   Baseline (majority class): 0.5096
2026-03-29 14:01:17 [INFO]   Fold 2: Training binary (UP vs DOWN) on 358841 examples (UP=201080, DOWN=157761, scale_pos=0.78)
2026-03-29 14:01:22 [INFO]   Fold 2: accuracy=0.5243 ❌  AUC=0.5313  trees=50
2026-03-29 14:01:22 [INFO]     Predictions: UP=19569 DOWN=27275  UP_recall=0.441  DOWN_recall=0.604
2026-03-29 14:01:22 [INFO]     gate≥0.55: all=0.5434(19126) | UP=0.5508(8300) | DOWN=0.5377(10826)  cov=40.8%
2026-03-29 14:01:22 [INFO]     gate≥0.60: all=0.5856(4416) | UP=0.5964(3402) | DOWN=0.5493(1014)  cov=9.4%
2026-03-29 14:01:22 [INFO]     gate≥0.65: all=0.6499(937) | UP=0.6678(864) | DOWN=0.4384(73)  cov=2.0%
2026-03-29 14:01:22 [INFO]     gate≥0.70: all=0.6071(56) | UP=0.6279(43) | DOWN=0.5385(13)  cov=0.1%
2026-03-29 14:01:22 [INFO] 
  ────────────────────────────────────────────────────────────
2026-03-29 14:01:22 [INFO]   AGGREGATE OOS RESULTS — TF 5m (binary)
2026-03-29 14:01:22 [INFO]   ────────────────────────────────────────────────────────────
2026-03-29 14:01:22 [INFO]   Accuracy: 0.5310±0.0078 ❌  [0.5243..0.5419]
2026-03-29 14:01:22 [INFO]   AUC: 0.5498±0.0191
2026-03-29 14:01:22 [INFO]   Baseline: 0.5305
2026-03-29 14:01:22 [INFO]   Lift over baseline: +0.0004 📈
2026-03-29 14:01:22 [INFO]   UP recall:   0.4640±0.0176
2026-03-29 14:01:22 [INFO]   DOWN recall: 0.6059±0.0288
2026-03-29 14:01:22 [INFO]   Predictions: UP=53952 DOWN=71600 (UP%=43.0% if total_up+total_down > 0)
2026-03-29 14:01:22 [INFO]   Stable top features: w19_low_rel(3/3), w19_high_rel(3/3), w0_low_rel(3/3), w10_high_rel(3/3), w16_high_rel(3/3), w0_high_rel(3/3), w8_high_rel(3/3), w18_low_rel(3/3), w19_close_rel(3/3), w18_high_rel(3/3)
2026-03-29 14:01:22 [INFO]   Confidence gate OOS accuracy:
2026-03-29 14:01:22 [INFO]     gate_0.55: 0.5533±0.0157
2026-03-29 14:01:22 [INFO]     gate_0.60: 0.5885±0.0282
2026-03-29 14:01:22 [INFO]     gate_0.65: 0.6337±0.0322
2026-03-29 14:01:22 [INFO]     gate_0.70: 0.6170±0.0070
2026-03-29 14:01:22 [INFO]     gate_0.75: 0.6542±0.0000
2026-03-29 14:01:22 [INFO]     gate_0.80: 0.7327±0.0000
2026-03-29 14:01:22 [INFO] 
  ── FINAL model (ALL data) ──
2026-03-29 14:01:23 [INFO]   Fold -1: Training binary (UP vs DOWN) on 377722 examples (UP=208069, DOWN=169653, scale_pos=0.82)
2026-03-29 14:02:06 [INFO]   Fold -1: accuracy=0.5836 ✅  AUC=0.6138  trees=1980
2026-03-29 14:02:06 [INFO]     Predictions: UP=17591 DOWN=12912  UP_recall=0.641  DOWN_recall=0.508
2026-03-29 14:02:06 [INFO]     gate≥0.55: all=0.6344(17033) | UP=0.6742(10707) | DOWN=0.5669(6326)  cov=55.8%
2026-03-29 14:02:06 [INFO]     gate≥0.60: all=0.6971(7732) | UP=0.7138(5534) | DOWN=0.6551(2198)  cov=25.3%
2026-03-29 14:02:06 [INFO]     gate≥0.65: all=0.7570(3140) | UP=0.7435(2429) | DOWN=0.8031(711)  cov=10.3%
2026-03-29 14:02:06 [INFO]     gate≥0.70: all=0.8453(1060) | UP=0.8246(741) | DOWN=0.8934(319)  cov=3.5%
2026-03-29 14:02:06 [INFO]     gate≥0.75: all=0.9033(331) | UP=0.8621(145) | DOWN=0.9355(186)  cov=1.1%
2026-03-29 14:02:06 [INFO]     gate≥0.80: all=0.9469(113) | UP=1.0000(16) | DOWN=0.9381(97)  cov=0.4%
2026-03-29 14:02:06 [INFO]   ✅ Saved: models/direction_v4_tf5.ubj
2026-03-29 14:02:06 [INFO]   ✅ Schema: models/direction_v4_tf5.schema.json
2026-03-29 14:02:06 [INFO] 
  📊 Report: models/direction_v4_wfo_report_tf5.json
2026-03-29 14:02:06 [INFO]   ⏱️  Elapsed: 94.6s
2026-03-29 14:02:06 [INFO]   [Memory] gc.collect() after TF 5m
2026-03-29 14:02:07 [INFO] 
═══════════════════════════════════════════════════════════════════════════
2026-03-29 14:02:07 [INFO]   DIRECTION v4 WFO — TF 15m — BINARY mode
2026-03-29 14:02:07 [INFO]   Data: 2400984 rows, 265 symbols
2026-03-29 14:02:07 [INFO]   Features: 100 pattern features
2026-03-29 14:02:07 [INFO]   Labels: UP=447668 (18.6%), FLAT=1518250 (63.2%), DOWN=435066 (18.1%)
2026-03-29 14:02:07 [INFO]   Target: accuracy ≥ 55%
2026-03-29 14:02:07 [INFO] ═══════════════════════════════════════════════════════════════════════════
2026-03-29 14:02:09 [INFO]   5 WFO folds:
2026-03-29 14:02:09 [INFO]     Fold 0: Train 66d | Test 14d
2026-03-29 14:02:09 [INFO]     Fold 1: Train 80d | Test 14d
2026-03-29 14:02:09 [INFO]     Fold 2: Train 94d | Test 14d
2026-03-29 14:02:09 [INFO]     Fold 3: Train 108d | Test 14d
2026-03-29 14:02:09 [INFO]     Fold 4: Train 122d | Test 14d
2026-03-29 14:02:09 [INFO] 
  ── Fold 0/4 ──
2026-03-29 14:02:09 [INFO]   Train: 1205005 rows | Test: 253607 rows
2026-03-29 14:02:09 [INFO]   Baseline (majority class): 0.5750
2026-03-29 14:02:09 [INFO]   Fold 0: Training binary (UP vs DOWN) on 412391 examples (UP=209173, DOWN=203218, scale_pos=0.97)
2026-03-29 14:02:16 [INFO]   Fold 0: accuracy=0.5074 ❌  AUC=0.5123  trees=22
2026-03-29 14:02:16 [INFO]     Predictions: UP=48048 DOWN=50187  UP_recall=0.496  DOWN_recall=0.516
2026-03-29 14:02:16 [INFO]     gate≥0.55: all=0.5148(25540) | UP=0.4524(14079) | DOWN=0.5913(11461)  cov=26.0%
2026-03-29 14:02:16 [INFO]     gate≥0.60: all=0.5433(6032) | UP=0.5123(3787) | DOWN=0.5955(2245)  cov=6.1%
2026-03-29 14:02:16 [INFO]     gate≥0.65: all=0.5473(1363) | UP=0.5216(696) | DOWN=0.5742(667)  cov=1.4%
2026-03-29 14:02:16 [INFO]     gate≥0.70: all=0.4721(197) | UP=0.5641(39) | DOWN=0.4494(158)  cov=0.2%
2026-03-29 14:02:16 [INFO]     gate≥0.75: all=0.2143(14) | DOWN=0.2308(13)  cov=0.0%
2026-03-29 14:02:16 [INFO] 
  ── Fold 1/4 ──
2026-03-29 14:02:16 [INFO]   Train: 1468117 rows | Test: 256376 rows
2026-03-29 14:02:16 [INFO]   Baseline (majority class): 0.5139
2026-03-29 14:02:17 [INFO]   Fold 1: Training binary (UP vs DOWN) on 511504 examples (UP=251315, DOWN=260189, scale_pos=1.04)
2026-03-29 14:02:25 [INFO]   Fold 1: accuracy=0.5153 ❌  AUC=0.5137  trees=35
2026-03-29 14:02:25 [INFO]     Predictions: UP=66192 DOWN=55262  UP_recall=0.559  DOWN_recall=0.469
2026-03-29 14:02:25 [INFO]     gate≥0.55: all=0.4951(20638) | UP=0.5022(12317) | DOWN=0.4844(8321)  cov=17.0%
2026-03-29 14:02:25 [INFO]     gate≥0.60: all=0.4410(4614) | UP=0.4680(3235) | DOWN=0.3778(1379)  cov=3.8%
2026-03-29 14:02:25 [INFO]     gate≥0.65: all=0.4848(990) | UP=0.4820(724) | DOWN=0.4925(266)  cov=0.8%
2026-03-29 14:02:25 [INFO]     gate≥0.70: all=0.6796(103) | UP=0.6825(63) | DOWN=0.6750(40)  cov=0.1%
2026-03-29 14:02:25 [INFO] 
  ── Fold 2/4 ──
2026-03-29 14:02:25 [INFO]   Train: 1734096 rows | Test: 258151 rows
2026-03-29 14:02:25 [INFO]   Baseline (majority class): 0.5318
2026-03-29 14:02:26 [INFO]   Fold 2: Training binary (UP vs DOWN) on 638160 examples (UP=315379, DOWN=322781, scale_pos=1.02)
2026-03-29 14:02:33 [INFO]   Fold 2: accuracy=0.5444 ❌  AUC=0.5590  trees=9
2026-03-29 14:02:33 [INFO]     Predictions: UP=51348 DOWN=47557  UP_recall=0.560  DOWN_recall=0.527
2026-03-29 14:02:33 [INFO]     gate≥0.55: all=0.5844(25458) | UP=0.6094(15162) | DOWN=0.5475(10296)  cov=25.7%
2026-03-29 14:02:33 [INFO]     gate≥0.60: all=0.6076(2966) | UP=0.6881(2161) | DOWN=0.3913(805)  cov=3.0%
2026-03-29 14:02:33 [INFO]     gate≥0.65: all=0.7675(800) | UP=0.8620(623) | DOWN=0.4350(177)  cov=0.8%
2026-03-29 14:02:33 [INFO]     gate≥0.70: all=0.8680(250) | UP=0.9349(215) | DOWN=0.4571(35)  cov=0.3%
2026-03-29 14:02:33 [INFO]     gate≥0.75: all=0.9630(54) | UP=0.9623(53)  cov=0.1%
2026-03-29 14:02:33 [INFO] 
  ── Fold 3/4 ──
2026-03-29 14:02:34 [INFO]   Train: 2001998 rows | Test: 260624 rows
2026-03-29 14:02:34 [INFO]   Baseline (majority class): 0.5942
2026-03-29 14:02:35 [INFO]   Fold 3: Training binary (UP vs DOWN) on 741571 examples (UP=367775, DOWN=373796, scale_pos=1.02)
2026-03-29 14:02:43 [INFO]   Fold 3: accuracy=0.4799 ❌  AUC=0.4682  trees=1
2026-03-29 14:02:43 [INFO]     Predictions: UP=45418 DOWN=43217  UP_recall=0.494  DOWN_recall=0.460
2026-03-29 14:02:43 [INFO]     gate≥0.55: all=0.4572(20201) | UP=0.5756(9830) | DOWN=0.3449(10371)  cov=22.8%
2026-03-29 14:02:43 [INFO]     gate≥0.60: all=0.5461(1432) | UP=0.5703(1231) | DOWN=0.3980(201)  cov=1.6%
2026-03-29 14:02:43 [INFO]     gate≥0.65: all=0.5907(193) | UP=0.5922(179) | DOWN=0.5714(14)  cov=0.2%
2026-03-29 14:02:43 [INFO]     gate≥0.70: all=0.6667(42) | UP=0.6585(41)  cov=0.0%
2026-03-29 14:02:43 [INFO]     gate≥0.75: all=0.5833(12) | UP=0.5833(12)  cov=0.0%
2026-03-29 14:02:43 [INFO] 
  ── Fold 4/4 ──
2026-03-29 14:02:44 [INFO]   Train: 2272173 rows | Test: 113589 rows
2026-03-29 14:02:44 [INFO]   Baseline (majority class): 0.5332
2026-03-29 14:02:45 [INFO]   Fold 4: Training binary (UP vs DOWN) on 835537 examples (UP=422345, DOWN=413192, scale_pos=0.98)
2026-03-29 14:02:54 [INFO]   Fold 4: accuracy=0.5153 ❌  AUC=0.5197  trees=4
2026-03-29 14:02:54 [INFO]     Predictions: UP=22586 DOWN=20623  UP_recall=0.536  DOWN_recall=0.492
2026-03-29 14:02:54 [INFO]     gate≥0.55: all=0.5314(8349) | UP=0.5678(4491) | DOWN=0.4891(3858)  cov=19.3%
2026-03-29 14:02:54 [INFO]     gate≥0.60: all=0.4876(767) | UP=0.4871(620) | DOWN=0.4898(147)  cov=1.8%
2026-03-29 14:02:54 [INFO]     gate≥0.65: all=0.4667(165) | UP=0.4737(152) | DOWN=0.3846(13)  cov=0.4%
2026-03-29 14:02:54 [INFO]     gate≥0.70: all=0.4082(49) | UP=0.4082(49)  cov=0.1%
2026-03-29 14:02:54 [INFO]     gate≥0.75: all=0.1538(13) | UP=0.1538(13)  cov=0.0%
2026-03-29 14:02:54 [INFO] 
  ────────────────────────────────────────────────────────────
2026-03-29 14:02:54 [INFO]   AGGREGATE OOS RESULTS — TF 15m (binary)
2026-03-29 14:02:54 [INFO]   ────────────────────────────────────────────────────────────
2026-03-29 14:02:54 [INFO]   Accuracy: 0.5125±0.0206 ❌  [0.4799..0.5444]
2026-03-29 14:02:54 [INFO]   AUC: 0.5146±0.0288
2026-03-29 14:02:54 [INFO]   Baseline: 0.5496
2026-03-29 14:02:54 [INFO]   Lift over baseline: -0.0372 📉
2026-03-29 14:02:54 [INFO]   UP recall:   0.5287±0.0291
2026-03-29 14:02:54 [INFO]   DOWN recall: 0.4929±0.0258
2026-03-29 14:02:54 [INFO]   Predictions: UP=233592 DOWN=216846 (UP%=51.9% if total_up+total_down > 0)
2026-03-29 14:02:54 [INFO]   Stable top features: w12_high_rel(5/5), w11_high_rel(5/5), w18_high_rel(5/5), w19_low_rel(5/5), w19_high_rel(5/5), w17_high_rel(5/5), w10_high_rel(5/5), w15_low_rel(4/5), w3_low_rel(4/5), w13_high_rel(3/5)
2026-03-29 14:02:54 [INFO]   Confidence gate OOS accuracy:
2026-03-29 14:02:54 [INFO]     gate_0.55: 0.5166±0.0420
2026-03-29 14:02:54 [INFO]     gate_0.60: 0.5251±0.0566
2026-03-29 14:02:54 [INFO]     gate_0.65: 0.5714±0.1076
2026-03-29 14:02:54 [INFO]     gate_0.70: 0.6189±0.1637
2026-03-29 14:02:54 [INFO]     gate_0.75: 0.4786±0.3244
2026-03-29 14:02:54 [INFO] 
  ── FINAL model (ALL data) ──
2026-03-29 14:02:55 [INFO]   Fold -1: Training binary (UP vs DOWN) on 799076 examples (UP=405724, DOWN=393352, scale_pos=0.97)
2026-03-29 14:04:37 [INFO]   Fold -1: accuracy=0.5828 ✅  AUC=0.6262  trees=2000
2026-03-29 14:04:37 [INFO]     Predictions: UP=42501 DOWN=41157  UP_recall=0.591  DOWN_recall=0.575
2026-03-29 14:04:37 [INFO]     gate≥0.55: all=0.6474(39441) | UP=0.6390(20226) | DOWN=0.6563(19215)  cov=47.1%
2026-03-29 14:04:37 [INFO]     gate≥0.60: all=0.7445(14718) | UP=0.7276(7625) | DOWN=0.7627(7093)  cov=17.6%
2026-03-29 14:04:37 [INFO]     gate≥0.65: all=0.8580(5499) | UP=0.8386(2931) | DOWN=0.8801(2568)  cov=6.6%
2026-03-29 14:04:37 [INFO]     gate≥0.70: all=0.9190(2591) | UP=0.9111(1316) | DOWN=0.9271(1275)  cov=3.1%
2026-03-29 14:04:37 [INFO]     gate≥0.75: all=0.9527(1479) | UP=0.9432(740) | DOWN=0.9621(739)  cov=1.8%
2026-03-29 14:04:37 [INFO]     gate≥0.80: all=0.9623(849) | UP=0.9489(450) | DOWN=0.9774(399)  cov=1.0%
2026-03-29 14:04:37 [INFO]   ✅ Saved: models/direction_v4_tf15.ubj
2026-03-29 14:04:37 [INFO]   ✅ Schema: models/direction_v4_tf15.schema.json
2026-03-29 14:04:37 [INFO] 
  📊 Report: models/direction_v4_wfo_report_tf15.json
2026-03-29 14:04:37 [INFO]   ⏱️  Elapsed: 149.8s
2026-03-29 14:04:37 [INFO]   [Memory] gc.collect() after TF 15m
2026-03-29 14:04:38 [INFO] 
═══════════════════════════════════════════════════════════════════════════
2026-03-29 14:04:38 [INFO]   DIRECTION v4 WFO — TF 60m — BINARY mode
2026-03-29 14:04:38 [INFO]   Data: 1931430 rows, 269 symbols
2026-03-29 14:04:38 [INFO]   Features: 100 pattern features
2026-03-29 14:04:38 [INFO]   Labels: UP=582697 (30.2%), FLAT=727161 (37.6%), DOWN=621572 (32.2%)
2026-03-29 14:04:38 [INFO]   Target: accuracy ≥ 55%
2026-03-29 14:04:38 [INFO] ═══════════════════════════════════════════════════════════════════════════
2026-03-29 14:04:39 [INFO]   5 WFO folds:
2026-03-29 14:04:39 [INFO]     Fold 0: Train 214d | Test 60d
2026-03-29 14:04:39 [INFO]     Fold 1: Train 274d | Test 60d
2026-03-29 14:04:39 [INFO]     Fold 2: Train 334d | Test 60d
2026-03-29 14:04:39 [INFO]     Fold 3: Train 394d | Test 60d
2026-03-29 14:04:39 [INFO]     Fold 4: Train 454d | Test 60d
2026-03-29 14:04:39 [INFO] 
  ── Fold 0/4 ──
2026-03-29 14:04:39 [INFO]   Train: 648434 rows | Test: 209763 rows
2026-03-29 14:04:39 [INFO]   Baseline (majority class): 0.5138
2026-03-29 14:04:40 [INFO]   Fold 0: Training binary (UP vs DOWN) on 449924 examples (UP=220757, DOWN=229167, scale_pos=1.04)
2026-03-29 14:04:47 [INFO]   Fold 0: accuracy=0.5025 ❌  AUC=0.5053  trees=1
2026-03-29 14:04:47 [INFO]     Predictions: UP=59269 DOWN=65456  UP_recall=0.477  DOWN_recall=0.527
2026-03-29 14:04:47 [INFO]     gate≥0.55: all=0.5215(26808) | UP=0.4730(9918) | DOWN=0.5500(16890)  cov=21.5%
2026-03-29 14:04:47 [INFO]     gate≥0.60: all=0.5470(4316) | UP=0.5467(1275) | DOWN=0.5472(3041)  cov=3.5%
2026-03-29 14:04:47 [INFO]     gate≥0.65: all=0.5571(770) | UP=0.5566(327) | DOWN=0.5576(443)  cov=0.6%
2026-03-29 14:04:47 [INFO]     gate≥0.70: all=0.5565(239) | UP=0.5714(91) | DOWN=0.5473(148)  cov=0.2%
2026-03-29 14:04:47 [INFO]     gate≥0.75: all=0.4032(62) | UP=0.4444(27) | DOWN=0.3714(35)  cov=0.0%
2026-03-29 14:04:47 [INFO]     gate≥0.80: all=0.5625(16) | UP=0.5714(14)  cov=0.0%
2026-03-29 14:04:47 [INFO] 
  ── Fold 1/4 ──
2026-03-29 14:04:47 [INFO]   Train: 865052 rows | Test: 226568 rows
2026-03-29 14:04:47 [INFO]   Baseline (majority class): 0.5056
2026-03-29 14:04:48 [INFO]   Fold 1: Training binary (UP vs DOWN) on 576242 examples (UP=284400, DOWN=291842, scale_pos=1.03)
2026-03-29 14:04:55 [INFO]   Fold 1: accuracy=0.4928 ❌  AUC=0.4959  trees=2
2026-03-29 14:04:55 [INFO]     Predictions: UP=57036 DOWN=52473  UP_recall=0.513  DOWN_recall=0.472
2026-03-29 14:04:55 [INFO]     gate≥0.55: all=0.5083(25442) | UP=0.5198(8952) | DOWN=0.5021(16490)  cov=23.2%
2026-03-29 14:04:55 [INFO]     gate≥0.60: all=0.5524(3253) | UP=0.5405(888) | DOWN=0.5569(2365)  cov=3.0%
2026-03-29 14:04:55 [INFO]     gate≥0.65: all=0.5190(526) | UP=0.5297(185) | DOWN=0.5132(341)  cov=0.5%
2026-03-29 14:04:55 [INFO]     gate≥0.70: all=0.4388(98) | UP=0.4688(32) | DOWN=0.4242(66)  cov=0.1%
2026-03-29 14:04:55 [INFO]     gate≥0.75: all=0.3125(16) | UP=0.1667(6) | DOWN=0.4000(10)  cov=0.0%
2026-03-29 14:04:55 [INFO] 
  ── Fold 2/4 ──
2026-03-29 14:04:55 [INFO]   Train: 1098847 rows | Test: 251088 rows
2026-03-29 14:04:55 [INFO]   Baseline (majority class): 0.5632
2026-03-29 14:04:56 [INFO]   Fold 2: Training binary (UP vs DOWN) on 692565 examples (UP=340150, DOWN=352415, scale_pos=1.04)
2026-03-29 14:05:32 [INFO]   Fold 2: accuracy=0.5088 ❌  AUC=0.5219  trees=634
2026-03-29 14:05:32 [INFO]     Predictions: UP=88706 DOWN=79924  UP_recall=0.540  DOWN_recall=0.485
2026-03-29 14:05:32 [INFO]     gate≥0.55: all=0.5226(70282) | UP=0.4658(38621) | DOWN=0.5920(31661)  cov=41.7%
2026-03-29 14:05:32 [INFO]     gate≥0.60: all=0.5527(21699) | UP=0.4908(12175) | DOWN=0.6318(9524)  cov=12.9%
2026-03-29 14:05:32 [INFO]     gate≥0.65: all=0.5879(7006) | UP=0.5250(4162) | DOWN=0.6800(2844)  cov=4.2%
2026-03-29 14:05:32 [INFO]     gate≥0.70: all=0.6212(3036) | UP=0.5462(2036) | DOWN=0.7740(1000)  cov=1.8%
2026-03-29 14:05:32 [INFO]     gate≥0.75: all=0.6117(1589) | UP=0.5413(1199) | DOWN=0.8282(390)  cov=0.9%
2026-03-29 14:05:32 [INFO]     gate≥0.80: all=0.5789(767) | UP=0.5408(649) | DOWN=0.7881(118)  cov=0.5%
2026-03-29 14:05:32 [INFO] 
  ── Fold 3/4 ──
2026-03-29 14:05:33 [INFO]   Train: 1358042 rows | Test: 263563 rows
2026-03-29 14:05:33 [INFO]   Baseline (majority class): 0.5048
2026-03-29 14:05:34 [INFO]   Fold 3: Training binary (UP vs DOWN) on 866181 examples (UP=417401, DOWN=448780, scale_pos=1.08)
2026-03-29 14:05:43 [INFO]   Fold 3: accuracy=0.5045 ❌  AUC=0.5021  trees=5
2026-03-29 14:05:43 [INFO]     Predictions: UP=63490 DOWN=80532  UP_recall=0.446  DOWN_recall=0.564
2026-03-29 14:05:43 [INFO]     gate≥0.55: all=0.4766(19661) | UP=0.5707(5348) | DOWN=0.4415(14313)  cov=13.7%
2026-03-29 14:05:43 [INFO]     gate≥0.60: all=0.4370(4025) | UP=0.6082(730) | DOWN=0.3991(3295)  cov=2.8%
2026-03-29 14:05:43 [INFO]     gate≥0.65: all=0.3913(1035) | UP=0.4957(115) | DOWN=0.3783(920)  cov=0.7%
2026-03-29 14:05:43 [INFO]     gate≥0.70: all=0.3393(224) | UP=0.4706(17) | DOWN=0.3285(207)  cov=0.2%
2026-03-29 14:05:43 [INFO]     gate≥0.75: all=0.4706(34) | DOWN=0.4516(31)  cov=0.0%
2026-03-29 14:05:43 [INFO] 
  ── Fold 4/4 ──
2026-03-29 14:05:43 [INFO]   Train: 1630569 rows | Test: 286653 rows
2026-03-29 14:05:43 [INFO]   Baseline (majority class): 0.5117
2026-03-29 14:05:45 [INFO]   Fold 4: Training binary (UP vs DOWN) on 1014730 examples (UP=491279, DOWN=523451, scale_pos=1.07)
2026-03-29 14:06:04 [INFO]   Fold 4: accuracy=0.5133 ❌  AUC=0.5205  trees=105
2026-03-29 14:06:04 [INFO]     Predictions: UP=86763 DOWN=94587  UP_recall=0.492  DOWN_recall=0.534
2026-03-29 14:06:04 [INFO]     gate≥0.55: all=0.5364(34147) | UP=0.4927(15684) | DOWN=0.5735(18463)  cov=18.8%
2026-03-29 14:06:04 [INFO]     gate≥0.60: all=0.5457(4407) | UP=0.5376(2152) | DOWN=0.5534(2255)  cov=2.4%
2026-03-29 14:06:04 [INFO]     gate≥0.65: all=0.5464(829) | UP=0.5294(510) | DOWN=0.5737(319)  cov=0.5%
2026-03-29 14:06:04 [INFO]     gate≥0.70: all=0.5000(160) | UP=0.4957(115) | DOWN=0.5111(45)  cov=0.1%
2026-03-29 14:06:04 [INFO]     gate≥0.75: all=0.3478(23) | UP=0.3125(16) | DOWN=0.4286(7)  cov=0.0%
2026-03-29 14:06:04 [INFO] 
  ────────────────────────────────────────────────────────────
2026-03-29 14:06:04 [INFO]   AGGREGATE OOS RESULTS — TF 60m (binary)
2026-03-29 14:06:04 [INFO]   ────────────────────────────────────────────────────────────
2026-03-29 14:06:04 [INFO]   Accuracy: 0.5044±0.0069 ❌  [0.4928..0.5133]
2026-03-29 14:06:04 [INFO]   AUC: 0.5091±0.0103
2026-03-29 14:06:04 [INFO]   Baseline: 0.5198
2026-03-29 14:06:04 [INFO]   Lift over baseline: -0.0154 📉
2026-03-29 14:06:04 [INFO]   UP recall:   0.4936±0.0319
2026-03-29 14:06:04 [INFO]   DOWN recall: 0.5163±0.0338
2026-03-29 14:06:04 [INFO]   Predictions: UP=355264 DOWN=372972 (UP%=48.8% if total_up+total_down > 0)
2026-03-29 14:06:04 [INFO]   Stable top features: w18_high_rel(5/5), w19_high_rel(5/5), w3_low_rel(5/5), w4_low_rel(5/5), w15_low_rel(5/5), w19_close_rel(5/5), w5_low_rel(4/5), w19_open_rel(4/5), w10_low_rel(4/5), w13_low_rel(3/5)
2026-03-29 14:06:04 [INFO]   Confidence gate OOS accuracy:
2026-03-29 14:06:04 [INFO]     gate_0.55: 0.5131±0.0203
2026-03-29 14:06:04 [INFO]     gate_0.60: 0.5270±0.0451
2026-03-29 14:06:04 [INFO]     gate_0.65: 0.5204±0.0682
2026-03-29 14:06:04 [INFO]     gate_0.70: 0.4912±0.0970
2026-03-29 14:06:04 [INFO]     gate_0.75: 0.4292±0.1058
2026-03-29 14:06:04 [INFO]     gate_0.80: 0.5707±0.0082
2026-03-29 14:06:04 [INFO] 
  ── FINAL model (ALL data) ──
2026-03-29 14:06:05 [INFO]   Fold -1: Training binary (UP vs DOWN) on 1083591 examples (UP=523991, DOWN=559600, scale_pos=1.07)
2026-03-29 14:08:09 [INFO]   Fold -1: accuracy=0.6002 ✅  AUC=0.6479  trees=1999
2026-03-29 14:08:09 [INFO]     Predictions: UP=61080 DOWN=59598  UP_recall=0.609  DOWN_recall=0.592
2026-03-29 14:08:09 [INFO]     gate≥0.55: all=0.6764(54794) | UP=0.6591(27413) | DOWN=0.6937(27381)  cov=45.4%
2026-03-29 14:08:09 [INFO]     gate≥0.60: all=0.7754(19759) | UP=0.7583(9451) | DOWN=0.7911(10308)  cov=16.4%
2026-03-29 14:08:09 [INFO]     gate≥0.65: all=0.8674(7548) | UP=0.8591(3443) | DOWN=0.8743(4105)  cov=6.3%
2026-03-29 14:08:09 [INFO]     gate≥0.70: all=0.9365(3483) | UP=0.9356(1631) | DOWN=0.9374(1852)  cov=2.9%
2026-03-29 14:08:09 [INFO]     gate≥0.75: all=0.9626(1899) | UP=0.9642(977) | DOWN=0.9610(922)  cov=1.6%
2026-03-29 14:08:09 [INFO]     gate≥0.80: all=0.9802(1062) | UP=0.9813(588) | DOWN=0.9789(474)  cov=0.9%
2026-03-29 14:08:09 [INFO]   ✅ Saved: models/direction_v4_tf60.ubj
2026-03-29 14:08:09 [INFO]   ✅ Schema: models/direction_v4_tf60.schema.json
2026-03-29 14:08:09 [INFO] 
  📊 Report: models/direction_v4_wfo_report_tf60.json
2026-03-29 14:08:09 [INFO]   ⏱️  Elapsed: 211.6s
2026-03-29 14:08:09 [INFO]   [Memory] gc.collect() after TF 60m
2026-03-29 14:08:10 [INFO] 
═══════════════════════════════════════════════════════════════════════════
2026-03-29 14:08:10 [INFO]   DIRECTION v4 WFO — TF 240m — BINARY mode
2026-03-29 14:08:10 [INFO]   Data: 1091342 rows, 268 symbols
2026-03-29 14:08:10 [INFO]   Features: 100 pattern features
2026-03-29 14:08:10 [INFO]   Labels: UP=414904 (38.0%), FLAT=233366 (21.4%), DOWN=443072 (40.6%)
2026-03-29 14:08:10 [INFO]   Target: accuracy ≥ 55%
2026-03-29 14:08:10 [INFO] ═══════════════════════════════════════════════════════════════════════════
2026-03-29 14:08:11 [INFO]   6 WFO folds:
2026-03-29 14:08:11 [INFO]     Fold 0: Train 1274d | Test 120d
2026-03-29 14:08:11 [INFO]     Fold 1: Train 1394d | Test 120d
2026-03-29 14:08:11 [INFO]     Fold 2: Train 1514d | Test 120d
2026-03-29 14:08:11 [INFO]     Fold 3: Train 1634d | Test 120d
2026-03-29 14:08:11 [INFO]     Fold 4: Train 1754d | Test 120d
2026-03-29 14:08:11 [INFO]     Fold 5: Train 1874d | Test 120d
2026-03-29 14:08:11 [INFO] 
  ── Fold 0/5 ──
2026-03-29 14:08:11 [INFO]   Train: 430141 rows | Test: 63810 rows
2026-03-29 14:08:11 [INFO]   Baseline (majority class): 0.5893
2026-03-29 14:08:11 [INFO]   Fold 0: Training binary (UP vs DOWN) on 324112 examples (UP=165291, DOWN=158821, scale_pos=0.96)
2026-03-29 14:08:17 [INFO]   Fold 0: accuracy=0.5233 ❌  AUC=0.5309  trees=17
2026-03-29 14:08:17 [INFO]     Predictions: UP=22136 DOWN=26298  UP_recall=0.476  DOWN_recall=0.556
2026-03-29 14:08:17 [INFO]     gate≥0.55: all=0.5778(12980) | UP=0.4406(4787) | DOWN=0.6580(8193)  cov=26.8%
2026-03-29 14:08:17 [INFO]     gate≥0.60: all=0.6561(2585) | UP=0.4737(532) | DOWN=0.7034(2053)  cov=5.3%
2026-03-29 14:08:17 [INFO]     gate≥0.65: all=0.7211(649) | UP=0.5714(42) | DOWN=0.7315(607)  cov=1.3%
2026-03-29 14:08:17 [INFO]     gate≥0.70: all=0.8160(125) | DOWN=0.8130(123)  cov=0.3%
2026-03-29 14:08:17 [INFO]     gate≥0.75: all=0.9091(11) | DOWN=0.9091(11)  cov=0.0%
2026-03-29 14:08:17 [INFO] 
  ── Fold 1/5 ──
2026-03-29 14:08:17 [INFO]   Train: 498238 rows | Test: 68520 rows
2026-03-29 14:08:17 [INFO]   Baseline (majority class): 0.5905
2026-03-29 14:08:17 [INFO]   Fold 1: Training binary (UP vs DOWN) on 375703 examples (UP=186710, DOWN=188993, scale_pos=1.01)
2026-03-29 14:08:21 [INFO]   Fold 1: accuracy=0.5059 ❌  AUC=0.4935  trees=3
2026-03-29 14:08:21 [INFO]     Predictions: UP=29079 DOWN=24400  UP_recall=0.542  DOWN_recall=0.454
2026-03-29 14:08:21 [INFO]     gate≥0.55: all=0.4608(10582) | UP=0.5855(3836) | DOWN=0.3899(6746)  cov=19.8%
2026-03-29 14:08:21 [INFO]     gate≥0.60: all=0.3611(1479) | UP=0.6226(212) | DOWN=0.3173(1267)  cov=2.8%
2026-03-29 14:08:21 [INFO]     gate≥0.65: all=0.3333(195) | UP=0.6667(24) | DOWN=0.2865(171)  cov=0.4%
2026-03-29 14:08:21 [INFO]     gate≥0.70: all=0.3750(16) | DOWN=0.3333(12)  cov=0.0%
2026-03-29 14:08:21 [INFO] 
  ── Fold 2/5 ──
2026-03-29 14:08:21 [INFO]   Train: 571307 rows | Test: 84453 rows
2026-03-29 14:08:21 [INFO]   Baseline (majority class): 0.6122
2026-03-29 14:08:22 [INFO]   Fold 2: Training binary (UP vs DOWN) on 433272 examples (UP=218051, DOWN=215221, scale_pos=0.99)
2026-03-29 14:08:39 [INFO]   Fold 2: accuracy=0.5169 ❌  AUC=0.5257  trees=427
2026-03-29 14:08:39 [INFO]     Predictions: UP=36510 DOWN=36803  UP_recall=0.519  DOWN_recall=0.515
2026-03-29 14:08:39 [INFO]     gate≥0.55: all=0.5233(26978) | UP=0.4313(14279) | DOWN=0.6267(12699)  cov=36.8%
2026-03-29 14:08:39 [INFO]     gate≥0.60: all=0.5463(7699) | UP=0.4915(4775) | DOWN=0.6358(2924)  cov=10.5%
2026-03-29 14:08:39 [INFO]     gate≥0.65: all=0.5799(2147) | UP=0.5443(1545) | DOWN=0.6711(602)  cov=2.9%
2026-03-29 14:08:39 [INFO]     gate≥0.70: all=0.6122(588) | UP=0.6012(484) | DOWN=0.6635(104)  cov=0.8%
2026-03-29 14:08:39 [INFO]     gate≥0.75: all=0.6316(152) | UP=0.6377(138) | DOWN=0.5714(14)  cov=0.2%
2026-03-29 14:08:39 [INFO]     gate≥0.80: all=0.4800(25) | UP=0.4800(25)  cov=0.0%
2026-03-29 14:08:39 [INFO] 
  ── Fold 3/5 ──
2026-03-29 14:08:39 [INFO]   Train: 660483 rows | Test: 97981 rows
2026-03-29 14:08:39 [INFO]   Baseline (majority class): 0.5559
2026-03-29 14:08:40 [INFO]   Fold 3: Training binary (UP vs DOWN) on 511477 examples (UP=251417, DOWN=260060, scale_pos=1.03)
2026-03-29 14:08:48 [INFO]   Fold 3: accuracy=0.4978 ❌  AUC=0.4998  trees=77
2026-03-29 14:08:48 [INFO]     Predictions: UP=40070 DOWN=40331  UP_recall=0.497  DOWN_recall=0.499
2026-03-29 14:08:48 [INFO]     gate≥0.55: all=0.5126(17045) | UP=0.6049(8737) | DOWN=0.4156(8308)  cov=21.2%
2026-03-29 14:08:48 [INFO]     gate≥0.60: all=0.5537(2404) | UP=0.5916(1185) | DOWN=0.5168(1219)  cov=3.0%
2026-03-29 14:08:48 [INFO]     gate≥0.65: all=0.5829(350) | UP=0.5000(132) | DOWN=0.6330(218)  cov=0.4%
2026-03-29 14:08:48 [INFO]     gate≥0.70: all=0.5909(66) | UP=0.5217(23) | DOWN=0.6279(43)  cov=0.1%
2026-03-29 14:08:48 [INFO]     gate≥0.75: all=0.7778(18) | UP=0.6667(9) | DOWN=0.8889(9)  cov=0.0%
2026-03-29 14:08:48 [INFO] 
  ── Fold 4/5 ──
2026-03-29 14:08:48 [INFO]   Train: 764623 rows | Test: 130517 rows
2026-03-29 14:08:48 [INFO]   Baseline (majority class): 0.5464
2026-03-29 14:08:48 [INFO]   Fold 4: Training binary (UP vs DOWN) on 597819 examples (UP=295879, DOWN=301940, scale_pos=1.02)
2026-03-29 14:09:12 [INFO]   Fold 4: accuracy=0.5259 ❌  AUC=0.5343  trees=430
2026-03-29 14:09:12 [INFO]     Predictions: UP=48065 DOWN=56495  UP_recall=0.484  DOWN_recall=0.561
2026-03-29 14:09:12 [INFO]     gate≥0.55: all=0.5519(38748) | UP=0.5255(18011) | DOWN=0.5749(20737)  cov=37.1%
2026-03-29 14:09:12 [INFO]     gate≥0.60: all=0.6049(10214) | UP=0.6051(5100) | DOWN=0.6046(5114)  cov=9.8%
2026-03-29 14:09:12 [INFO]     gate≥0.65: all=0.6709(3133) | UP=0.6850(1508) | DOWN=0.6578(1625)  cov=3.0%
2026-03-29 14:09:12 [INFO]     gate≥0.70: all=0.7023(1085) | UP=0.7192(463) | DOWN=0.6897(622)  cov=1.0%
2026-03-29 14:09:12 [INFO]     gate≥0.75: all=0.7465(359) | UP=0.7160(162) | DOWN=0.7716(197)  cov=0.3%
2026-03-29 14:09:12 [INFO]     gate≥0.80: all=0.7083(96) | UP=0.6538(52) | DOWN=0.7727(44)  cov=0.1%
2026-03-29 14:09:12 [INFO] 
  ── Fold 5/5 ──
2026-03-29 14:09:12 [INFO]   Train: 900503 rows | Test: 172487 rows
2026-03-29 14:09:12 [INFO]   Baseline (majority class): 0.5331
2026-03-29 14:09:13 [INFO]   Fold 5: Training binary (UP vs DOWN) on 707332 examples (UP=343684, DOWN=363648, scale_pos=1.06)
2026-03-29 14:10:02 [INFO]   Fold 5: accuracy=0.5211 ❌  AUC=0.5261  trees=946
2026-03-29 14:10:02 [INFO]     Predictions: UP=59406 DOWN=76468  UP_recall=0.455  DOWN_recall=0.579
2026-03-29 14:10:02 [INFO]     gate≥0.55: all=0.5347(59932) | UP=0.4748(24582) | DOWN=0.5764(35350)  cov=44.1%
2026-03-29 14:10:02 [INFO]     gate≥0.60: all=0.5467(19373) | UP=0.4561(8050) | DOWN=0.6111(11323)  cov=14.3%
2026-03-29 14:10:02 [INFO]     gate≥0.65: all=0.5607(6046) | UP=0.4410(2583) | DOWN=0.6500(3463)  cov=4.4%
2026-03-29 14:10:02 [INFO]     gate≥0.70: all=0.5665(2046) | UP=0.4461(899) | DOWN=0.6609(1147)  cov=1.5%
2026-03-29 14:10:02 [INFO]     gate≥0.75: all=0.5556(702) | UP=0.4601(326) | DOWN=0.6383(376)  cov=0.5%
2026-03-29 14:10:02 [INFO]     gate≥0.80: all=0.5143(210) | UP=0.4138(116) | DOWN=0.6383(94)  cov=0.2%
2026-03-29 14:10:02 [INFO] 
  ────────────────────────────────────────────────────────────
2026-03-29 14:10:02 [INFO]   AGGREGATE OOS RESULTS — TF 240m (binary)
2026-03-29 14:10:02 [INFO]   ────────────────────────────────────────────────────────────
2026-03-29 14:10:02 [INFO]   Accuracy: 0.5152±0.0101 ❌  [0.4978..0.5259]
2026-03-29 14:10:02 [INFO]   AUC: 0.5184±0.0157
2026-03-29 14:10:02 [INFO]   Baseline: 0.5712
2026-03-29 14:10:02 [INFO]   Lift over baseline: -0.0560 📉
2026-03-29 14:10:02 [INFO]   UP recall:   0.4956±0.0284
2026-03-29 14:10:02 [INFO]   DOWN recall: 0.5274±0.0426
2026-03-29 14:10:02 [INFO]   Predictions: UP=235266 DOWN=260795 (UP%=47.4% if total_up+total_down > 0)
2026-03-29 14:10:02 [INFO]   Stable top features: w19_high_rel(6/6), w19_close_rel(6/6), w19_vol_rel(5/6), w18_high_rel(5/6), w10_low_rel(5/6), w11_low_rel(5/6), w7_high_rel(4/6), w19_low_rel(4/6), w8_high_rel(4/6), w18_vol_rel(3/6)
2026-03-29 14:10:02 [INFO]   Confidence gate OOS accuracy:
2026-03-29 14:10:02 [INFO]     gate_0.55: 0.5269±0.0362
2026-03-29 14:10:02 [INFO]     gate_0.60: 0.5448±0.0911
2026-03-29 14:10:02 [INFO]     gate_0.65: 0.5748±0.1220
2026-03-29 14:10:02 [INFO]     gate_0.70: 0.6105±0.1344
2026-03-29 14:10:02 [INFO]     gate_0.75: 0.7241±0.1221
2026-03-29 14:10:02 [INFO]     gate_0.80: 0.5675±0.1005
2026-03-29 14:10:02 [INFO] 
  ── FINAL model (ALL data) ──
2026-03-29 14:10:03 [INFO]   Fold -1: Training binary (UP vs DOWN) on 779355 examples (UP=376856, DOWN=402499, scale_pos=1.07)
2026-03-29 14:11:33 [INFO]   Fold -1: accuracy=0.5920 ✅  AUC=0.6365  trees=2000
2026-03-29 14:11:33 [INFO]     Predictions: UP=40209 DOWN=38412  UP_recall=0.607  DOWN_recall=0.578
2026-03-29 14:11:33 [INFO]     gate≥0.55: all=0.6547(38766) | UP=0.6329(20008) | DOWN=0.6780(18758)  cov=49.3%
2026-03-29 14:11:33 [INFO]     gate≥0.60: all=0.7341(15575) | UP=0.7134(7843) | DOWN=0.7552(7732)  cov=19.8%
2026-03-29 14:11:33 [INFO]     gate≥0.65: all=0.8074(6287) | UP=0.7898(2973) | DOWN=0.8232(3314)  cov=8.0%
2026-03-29 14:11:33 [INFO]     gate≥0.70: all=0.8670(2827) | UP=0.8582(1319) | DOWN=0.8747(1508)  cov=3.6%
2026-03-29 14:11:33 [INFO]     gate≥0.75: all=0.9064(1411) | UP=0.9098(654) | DOWN=0.9036(757)  cov=1.8%
2026-03-29 14:11:33 [INFO]     gate≥0.80: all=0.9293(693) | UP=0.9397(348) | DOWN=0.9188(345)  cov=0.9%
2026-03-29 14:11:33 [INFO]   ✅ Saved: models/direction_v4_tf240.ubj
2026-03-29 14:11:33 [INFO]   ✅ Schema: models/direction_v4_tf240.schema.json
2026-03-29 14:11:33 [INFO] 
  📊 Report: models/direction_v4_wfo_report_tf240.json
2026-03-29 14:11:33 [INFO]   ⏱️  Elapsed: 203.2s
2026-03-29 14:11:33 [INFO]   [Memory] gc.collect() after TF 240m
2026-03-29 14:11:33 [INFO] 
═══════════════════════════════════════════════════════════════════════════
2026-03-29 14:11:33 [INFO]   DIRECTION v4 WFO — TF 1440m — BINARY mode
2026-03-29 14:11:33 [INFO]   Data: 199830 rows, 262 symbols
2026-03-29 14:11:33 [INFO]   Features: 100 pattern features
2026-03-29 14:11:33 [INFO]   Labels: UP=91880 (46.0%), FLAT=4047 (2.0%), DOWN=103903 (52.0%)
2026-03-29 14:11:33 [INFO]   Target: accuracy ≥ 55%
2026-03-29 14:11:33 [INFO] ═══════════════════════════════════════════════════════════════════════════
2026-03-29 14:11:33 [INFO]   5 WFO folds:
2026-03-29 14:11:33 [INFO]     Fold 0: Train 1449d | Test 180d
2026-03-29 14:11:33 [INFO]     Fold 1: Train 1629d | Test 180d
2026-03-29 14:11:33 [INFO]     Fold 2: Train 1809d | Test 180d
2026-03-29 14:11:33 [INFO]     Fold 3: Train 1989d | Test 180d
2026-03-29 14:11:33 [INFO]     Fold 4: Train 2169d | Test 180d
2026-03-29 14:11:33 [INFO] 
  ── Fold 0/4 ──
2026-03-29 14:11:33 [INFO]   Train: 58705 rows | Test: 13177 rows
2026-03-29 14:11:33 [INFO]   Baseline (majority class): 0.6823
2026-03-29 14:11:33 [INFO]   Fold 0: Training binary (UP vs DOWN) on 57326 examples (UP=27622, DOWN=29704, scale_pos=1.08)
2026-03-29 14:11:34 [INFO]   Fold 0: accuracy=0.4922 ❌  AUC=0.4873  trees=1
2026-03-29 14:11:34 [INFO]     Predictions: UP=6362 DOWN=6620  UP_recall=0.487  DOWN_recall=0.503
2026-03-29 14:11:34 [INFO]     gate≥0.55: all=0.4803(7021) | UP=0.6753(3378) | DOWN=0.2995(3643)  cov=54.1%
2026-03-29 14:11:34 [INFO]     gate≥0.60: all=0.4643(2507) | UP=0.6771(1177) | DOWN=0.2759(1330)  cov=19.3%
2026-03-29 14:11:34 [INFO]     gate≥0.65: all=0.4212(482) | UP=0.6651(215) | DOWN=0.2247(267)  cov=3.7%
2026-03-29 14:11:34 [INFO]     gate≥0.70: all=0.3654(52) | UP=0.6667(18) | DOWN=0.2059(34)  cov=0.4%
2026-03-29 14:11:34 [INFO] 
  ── Fold 1/4 ──
2026-03-29 14:11:34 [INFO]   Train: 75556 rows | Test: 15426 rows
2026-03-29 14:11:34 [INFO]   Baseline (majority class): 0.5970
2026-03-29 14:11:34 [INFO]   Fold 1: Training binary (UP vs DOWN) on 73107 examples (UP=38773, DOWN=34334, scale_pos=0.89)
2026-03-29 14:11:39 [INFO]   Fold 1: accuracy=0.4782 ❌  AUC=0.4709  trees=813
2026-03-29 14:11:39 [INFO]     Predictions: UP=7588 DOWN=7611  UP_recall=0.472  DOWN_recall=0.482
2026-03-29 14:11:39 [INFO]     gate≥0.55: all=0.4684(9789) | UP=0.3863(4980) | DOWN=0.5533(4809)  cov=64.4%
2026-03-29 14:11:39 [INFO]     gate≥0.60: all=0.4577(5467) | UP=0.4056(2986) | DOWN=0.5204(2481)  cov=36.0%
2026-03-29 14:11:39 [INFO]     gate≥0.65: all=0.4550(2578) | UP=0.4306(1577) | DOWN=0.4935(1001)  cov=17.0%
2026-03-29 14:11:39 [INFO]     gate≥0.70: all=0.4770(1088) | UP=0.4679(780) | DOWN=0.5000(308)  cov=7.2%
2026-03-29 14:11:39 [INFO]     gate≥0.75: all=0.4709(412) | UP=0.4697(330) | DOWN=0.4756(82)  cov=2.7%
2026-03-29 14:11:39 [INFO]     gate≥0.80: all=0.5424(118) | UP=0.5400(100) | DOWN=0.5556(18)  cov=0.8%
2026-03-29 14:11:39 [INFO] 
  ── Fold 2/4 ──
2026-03-29 14:11:39 [INFO]   Train: 96112 rows | Test: 18670 rows
2026-03-29 14:11:39 [INFO]   Baseline (majority class): 0.6615
2026-03-29 14:11:39 [INFO]   Fold 2: Training binary (UP vs DOWN) on 93442 examples (UP=46343, DOWN=47099, scale_pos=1.02)
2026-03-29 14:11:41 [INFO]   Fold 2: accuracy=0.6030 ✅  AUC=0.6152  trees=93
2026-03-29 14:11:41 [INFO]     Predictions: UP=8106 DOWN=10503  UP_recall=0.557  DOWN_recall=0.627
2026-03-29 14:11:41 [INFO]     gate≥0.55: all=0.6447(10780) | UP=0.4925(4325) | DOWN=0.7467(6455)  cov=57.9%
2026-03-29 14:11:41 [INFO]     gate≥0.60: all=0.6595(5619) | UP=0.5081(2110) | DOWN=0.7506(3509)  cov=30.2%
2026-03-29 14:11:41 [INFO]     gate≥0.65: all=0.6712(2351) | UP=0.5136(921) | DOWN=0.7727(1430)  cov=12.6%
2026-03-29 14:11:41 [INFO]     gate≥0.70: all=0.6328(768) | UP=0.5372(376) | DOWN=0.7245(392)  cov=4.1%
2026-03-29 14:11:41 [INFO]     gate≥0.75: all=0.5556(225) | UP=0.5033(153) | DOWN=0.6667(72)  cov=1.2%
2026-03-29 14:11:41 [INFO]     gate≥0.80: all=0.4800(50) | UP=0.4583(48)  cov=0.3%
2026-03-29 14:11:41 [INFO] 
  ── Fold 3/4 ──
2026-03-29 14:11:41 [INFO]   Train: 119816 rows | Test: 24712 rows
2026-03-29 14:11:41 [INFO]   Baseline (majority class): 0.5406
2026-03-29 14:11:41 [INFO]   Fold 3: Training binary (UP vs DOWN) on 116867 examples (UP=57777, DOWN=59090, scale_pos=1.02)
2026-03-29 14:11:43 [INFO]   Fold 3: accuracy=0.4636 ❌  AUC=0.4546  trees=1
2026-03-29 14:11:43 [INFO]     Predictions: UP=11915 DOWN=12229  UP_recall=0.460  DOWN_recall=0.467
2026-03-29 14:11:43 [INFO]     gate≥0.55: all=0.4518(10075) | UP=0.5030(5254) | DOWN=0.3960(4821)  cov=41.7%
2026-03-29 14:11:43 [INFO]     gate≥0.60: all=0.4406(3030) | UP=0.4847(1830) | DOWN=0.3733(1200)  cov=12.5%
2026-03-29 14:11:43 [INFO]     gate≥0.65: all=0.4249(692) | UP=0.4538(509) | DOWN=0.3443(183)  cov=2.9%
2026-03-29 14:11:43 [INFO]     gate≥0.70: all=0.5702(121) | UP=0.6117(103) | DOWN=0.3333(18)  cov=0.5%
2026-03-29 14:11:43 [INFO]     gate≥0.75: all=0.8571(21) | UP=0.8947(19)  cov=0.1%
2026-03-29 14:11:43 [INFO] 
  ── Fold 4/4 ──
2026-03-29 14:11:43 [INFO]   Train: 151608 rows | Test: 32593 rows
2026-03-29 14:11:43 [INFO]   Baseline (majority class): 0.5877
2026-03-29 14:11:43 [INFO]   Fold 4: Training binary (UP vs DOWN) on 148348 examples (UP=73467, DOWN=74881, scale_pos=1.02)
2026-03-29 14:11:45 [INFO]   Fold 4: accuracy=0.5044 ❌  AUC=0.4934  trees=3
2026-03-29 14:11:45 [INFO]     Predictions: UP=14108 DOWN=18065  UP_recall=0.431  DOWN_recall=0.556
2026-03-29 14:11:45 [INFO]     gate≥0.55: all=0.5074(13819) | UP=0.4163(6054) | DOWN=0.5785(7765)  cov=43.0%
2026-03-29 14:11:45 [INFO]     gate≥0.60: all=0.4937(4472) | UP=0.3920(2283) | DOWN=0.5998(2189)  cov=13.9%
2026-03-29 14:11:45 [INFO]     gate≥0.65: all=0.4890(1186) | UP=0.4079(738) | DOWN=0.6228(448)  cov=3.7%
2026-03-29 14:11:45 [INFO]     gate≥0.70: all=0.5022(225) | UP=0.4778(180) | DOWN=0.6000(45)  cov=0.7%
2026-03-29 14:11:45 [INFO]     gate≥0.75: all=0.2273(22) | UP=0.2500(20)  cov=0.1%
2026-03-29 14:11:45 [INFO] 
  ────────────────────────────────────────────────────────────
2026-03-29 14:11:45 [INFO]   AGGREGATE OOS RESULTS — TF 1440m (binary)
2026-03-29 14:11:45 [INFO]   ────────────────────────────────────────────────────────────
2026-03-29 14:11:45 [INFO]   Accuracy: 0.5083±0.0493 ❌  [0.4636..0.6030]
2026-03-29 14:11:45 [INFO]   AUC: 0.5043±0.0571
2026-03-29 14:11:45 [INFO]   Baseline: 0.6138
2026-03-29 14:11:45 [INFO]   Lift over baseline: -0.1055 📉
2026-03-29 14:11:45 [INFO]   UP recall:   0.4814±0.0420
2026-03-29 14:11:45 [INFO]   DOWN recall: 0.5272±0.0580
2026-03-29 14:11:45 [INFO]   Predictions: UP=48079 DOWN=55028 (UP%=46.6% if total_up+total_down > 0)
2026-03-29 14:11:45 [INFO]   Stable top features: w19_close_rel(5/5), w11_low_rel(5/5), w19_vol_rel(4/5), w12_low_rel(4/5), w0_high_rel(4/5), w19_open_rel(3/5), w19_low_rel(3/5), w19_high_rel(3/5), w9_close_rel(3/5), w9_low_rel(3/5)
2026-03-29 14:11:45 [INFO]   Confidence gate OOS accuracy:
2026-03-29 14:11:45 [INFO]     gate_0.55: 0.5105±0.0695
2026-03-29 14:11:45 [INFO]     gate_0.60: 0.5032±0.0801
2026-03-29 14:11:45 [INFO]     gate_0.65: 0.4923±0.0928
2026-03-29 14:11:45 [INFO]     gate_0.70: 0.5095±0.0903
2026-03-29 14:11:45 [INFO]     gate_0.75: 0.5277±0.2252
2026-03-29 14:11:45 [INFO]     gate_0.80: 0.5112±0.0312
2026-03-29 14:11:45 [INFO] 
  ── FINAL model (ALL data) ──
2026-03-29 14:11:45 [INFO]   Fold -1: Training binary (UP vs DOWN) on 176538 examples (UP=82676, DOWN=93862, scale_pos=1.14)
2026-03-29 14:12:08 [INFO]   Fold -1: accuracy=0.6384 ✅  AUC=0.6941  trees=1998
2026-03-29 14:12:08 [INFO]     Predictions: UP=9989 DOWN=9256  UP_recall=0.665  DOWN_recall=0.614
2026-03-29 14:12:08 [INFO]     gate≥0.55: all=0.6835(13262) | UP=0.6597(6952) | DOWN=0.7097(6310)  cov=68.9%
2026-03-29 14:12:08 [INFO]     gate≥0.60: all=0.7320(8183) | UP=0.7131(4263) | DOWN=0.7526(3920)  cov=42.5%
2026-03-29 14:12:08 [INFO]     gate≥0.65: all=0.7789(4727) | UP=0.7694(2359) | DOWN=0.7884(2368)  cov=24.6%
2026-03-29 14:12:08 [INFO]     gate≥0.70: all=0.8138(2546) | UP=0.8144(1207) | DOWN=0.8133(1339)  cov=13.2%
2026-03-29 14:12:08 [INFO]     gate≥0.75: all=0.8425(1257) | UP=0.8609(539) | DOWN=0.8287(718)  cov=6.5%
2026-03-29 14:12:08 [INFO]     gate≥0.80: all=0.8857(490) | UP=0.9014(213) | DOWN=0.8736(277)  cov=2.5%
2026-03-29 14:12:08 [INFO]   ✅ Saved: models/direction_v4_tf1440.ubj
2026-03-29 14:12:08 [INFO]   ✅ Schema: models/direction_v4_tf1440.schema.json
2026-03-29 14:12:08 [INFO] 
  📊 Report: models/direction_v4_wfo_report_tf1440.json
2026-03-29 14:12:08 [INFO]   ⏱️  Elapsed: 34.8s
2026-03-29 14:12:08 [INFO]   [Memory] gc.collect() after TF 1440m
2026-03-29 14:12:08 [INFO] 
╔═══════════════════════════════════════════════════════════╗
2026-03-29 14:12:08 [INFO] ║  DIRECTION v4 — FINAL SUMMARY (BINARY)        ║
2026-03-29 14:12:08 [INFO] ╚═══════════════════════════════════════════════════════════╝
2026-03-29 14:12:08 [INFO]   TF     5m: acc=0.5310  AUC=0.5498  base=0.5305  lift=+0.0004  ❌
2026-03-29 14:12:08 [INFO]   TF    15m: acc=0.5125  AUC=0.5146  base=0.5496  lift=-0.0372  ❌
2026-03-29 14:12:08 [INFO]   TF    60m: acc=0.5044  AUC=0.5091  base=0.5198  lift=-0.0154  ❌
2026-03-29 14:12:08 [INFO]   TF   240m: acc=0.5152  AUC=0.5184  base=0.5712  lift=-0.0560  ❌
2026-03-29 14:12:08 [INFO]   TF  1440m: acc=0.5083  AUC=0.5043  base=0.6138  lift=-0.1055  ❌
2026-03-29 14:12:08 [INFO] 
  Total time: 697.1s (11.6min)
2026-03-29 14:12:08 [INFO]   Target: accuracy ≥ 55%
2026-03-29 14:12:08 [INFO]   Model files: models/direction_v4_tf{X}.ubj
2026-03-29 14:12:08 [INFO]   Done ✅
