[2m2026-02-16T19:50:57.979052Z[0m [32m INFO[0m [2mingestor[0m[2m:[0m Refreshing universe pairs...
[2m2026-02-16T19:50:58.925122Z[0m [33m WARN[0m [2mingestor::market::pairs[0m[2m:[0m Skipping non-alphanumeric symbol: BTCUSDT_260327
[2m2026-02-16T19:50:58.925151Z[0m [33m WARN[0m [2mingestor::market::pairs[0m[2m:[0m Skipping non-alphanumeric symbol: ETHUSDT_260327
[2m2026-02-16T19:50:58.925162Z[0m [33m WARN[0m [2mingestor::market::pairs[0m[2m:[0m Skipping non-alphanumeric symbol: 币安人生USDT
[2m2026-02-16T19:50:58.925172Z[0m [33m WARN[0m [2mingestor::market::pairs[0m[2m:[0m Skipping non-alphanumeric symbol: BTCUSDT_260626
[2m2026-02-16T19:50:58.925176Z[0m [33m WARN[0m [2mingestor::market::pairs[0m[2m:[0m Skipping non-alphanumeric symbol: ETHUSDT_260626
[2m2026-02-16T19:50:58.925181Z[0m [33m WARN[0m [2mingestor::market::pairs[0m[2m:[0m Skipping non-alphanumeric symbol: 我踏马来了USDT
[2m2026-02-16T19:50:58.944855Z[0m [32m INFO[0m [2mingestor::market::pairs[0m[2m:[0m Pairs refreshed: selected_cnt=48, active_cnt=48
[2m2026-02-16T19:50:58.945082Z[0m [32m INFO[0m [2mingestor[0m[2m:[0m Starting ingest (candles monolith)...
[2m2026-02-16T19:50:58.960618Z[0m [32m INFO[0m [2mingestor::market::candles::candle_runner[0m[2m:[0m Active pairs: 48
[2m2026-02-16T19:50:58.962671Z[0m [32m INFO[0m [2mingestor::market::candles::candle_runner[0m[2m:[0m last_seen loaded for 1m: 0
[2m2026-02-16T19:50:58.963787Z[0m [32m INFO[0m [2mingestor::market::candles::candle_runner[0m[2m:[0m last_seen loaded for 5m: 0
[2m2026-02-16T19:50:58.964967Z[0m [32m INFO[0m [2mingestor::market::candles::candle_runner[0m[2m:[0m last_seen loaded for 15m: 0
[2m2026-02-16T19:50:58.967083Z[0m [32m INFO[0m [2mingestor::market::candles::candle_runner[0m[2m:[0m last_seen loaded for 1h: 0
[2m2026-02-16T19:50:58.968260Z[0m [32m INFO[0m [2mingestor::market::candles::candle_runner[0m[2m:[0m last_seen loaded for 4h: 0
[2m2026-02-16T19:50:58.969281Z[0m [33m WARN[0m [2mingestor::market::candles::candle_writer[0m[2m:[0m writer(5m): synchronous_commit=OFF
[2m2026-02-16T19:50:58.969324Z[0m [33m WARN[0m [2mingestor::market::candles::candle_writer[0m[2m:[0m writer(1m): synchronous_commit=OFF
[2m2026-02-16T19:50:58.970452Z[0m [32m INFO[0m [2mingestor::market::candles::candle_runner[0m[2m:[0m last_seen loaded for 1d: 0
[2m2026-02-16T19:50:58.970712Z[0m [33m WARN[0m [2mingestor::market::candles::candle_writer[0m[2m:[0m writer(15m): synchronous_commit=OFF
[2m2026-02-16T19:50:58.970874Z[0m [32m INFO[0m [2mingestor::market::candles::candle_runner[0m[2m:[0m Empty database detected - performing fast one-shot initial load
[2m2026-02-16T19:50:58.970895Z[0m [32m INFO[0m [2mingestor::market::candles::candle_runner[0m[2m:[0m Rate limiting configured: 39 weight/sec, limit=1000, weight=5, effective ~7.8 req/sec
[2m2026-02-16T19:50:58.971030Z[0m [32m INFO[0m [2mingestor::market::candles::candle_runner[0m[2m:[0m Periodically refreshing universe pairs...
[2m2026-02-16T19:50:58.972697Z[0m [33m WARN[0m [2mingestor::market::candles::candle_writer[0m[2m:[0m writer(1h): synchronous_commit=OFF
[2m2026-02-16T19:50:58.974146Z[0m [33m WARN[0m [2mingestor::market::candles::candle_writer[0m[2m:[0m writer(4h): synchronous_commit=OFF
[2m2026-02-16T19:50:58.975601Z[0m [33m WARN[0m [2mingestor::market::candles::candle_writer[0m[2m:[0m writer(1d): synchronous_commit=OFF
[2m2026-02-16T19:50:59.908104Z[0m [33m WARN[0m [2mingestor::market::pairs[0m[2m:[0m Skipping non-alphanumeric symbol: BTCUSDT_260327
[2m2026-02-16T19:50:59.908132Z[0m [33m WARN[0m [2mingestor::market::pairs[0m[2m:[0m Skipping non-alphanumeric symbol: ETHUSDT_260327
[2m2026-02-16T19:50:59.908143Z[0m [33m WARN[0m [2mingestor::market::pairs[0m[2m:[0m Skipping non-alphanumeric symbol: 币安人生USDT
[2m2026-02-16T19:50:59.908153Z[0m [33m WARN[0m [2mingestor::market::pairs[0m[2m:[0m Skipping non-alphanumeric symbol: BTCUSDT_260626
[2m2026-02-16T19:50:59.908166Z[0m [33m WARN[0m [2mingestor::market::pairs[0m[2m:[0m Skipping non-alphanumeric symbol: ETHUSDT_260626
[2m2026-02-16T19:50:59.908171Z[0m [33m WARN[0m [2mingestor::market::pairs[0m[2m:[0m Skipping non-alphanumeric symbol: 我踏马来了USDT
[2m2026-02-16T19:50:59.928248Z[0m [32m INFO[0m [2mingestor::market::pairs[0m[2m:[0m Pairs refreshed: selected_cnt=48, active_cnt=48
[2m2026-02-16T19:50:59.928390Z[0m [32m INFO[0m [2mingestor::market::candles::candle_runner[0m[2m:[0m Pairs refreshed: selected_cnt=48, active_cnt=48
[2m2026-02-16T19:51:33.146908Z[0m [32m INFO[0m [2mingestor::market::candles::candle_runner[0m[2m:[0m Direct COPY inserted 47961 candles for market.candles_1m in 1.052700623s
[2m2026-02-16T19:51:33.451972Z[0m [32m INFO[0m [2mingestor::market::candles::candle_runner[0m[2m:[0m Direct COPY inserted 47952 candles for market.candles_5m in 305.011541ms
[2m2026-02-16T19:51:33.732866Z[0m [32m INFO[0m [2mingestor::market::candles::candle_runner[0m[2m:[0m Direct COPY inserted 47952 candles for market.candles_15m in 280.856668ms
[2m2026-02-16T19:51:34.042540Z[0m [32m INFO[0m [2mingestor::market::candles::candle_runner[0m[2m:[0m Direct COPY inserted 47460 candles for market.candles_1h in 309.624636ms
[2m2026-02-16T19:51:34.339690Z[0m [32m INFO[0m [2mingestor::market::candles::candle_runner[0m[2m:[0m Direct COPY inserted 44009 candles for market.candles_4h in 297.101662ms
[2m2026-02-16T19:51:34.681518Z[0m [32m INFO[0m [2mingestor::market::candles::candle_runner[0m[2m:[0m Direct COPY inserted 28576 candles for market.candles_1d in 341.791187ms
[2m2026-02-16T19:51:34.681545Z[0m [32m INFO[0m [2mingestor::market::candles::candle_runner[0m[2m:[0m Fast initial load completed in 35.710640688s
[2m2026-02-16T19:51:34.683338Z[0m [32m INFO[0m [2mingestor::market::candles::candle_runner[0m[2m:[0m Waiting for 5 seconds before starting WebSocket connections...
[2m2026-02-16T19:51:39.738849Z[0m [32m INFO[0m [2mingestor::market::candles::candle_runner[0m[2m:[0m WS streams total=192, connections=10
[2m2026-02-16T19:51:39.738878Z[0m [32m INFO[0m [2mingestor::market::candles::candle_runner[0m[2m:[0m Starting live candle writer with flush interval: 2000ms
[2m2026-02-16T19:51:39.742664Z[0m [32m INFO[0m [2mingestor::market::candles::candle_runner[0m[2m:[0m Backfill start...
[2m2026-02-16T19:51:39.742675Z[0m [32m INFO[0m [2mingestor::market::candles::candle_runner[0m[2m:[0m WS worker #0 streams=20
[2m2026-02-16T19:51:39.742696Z[0m [32m INFO[0m [2mingestor::market::candles::candle_runner[0m[2m:[0m WS worker #2 streams=20
[2m2026-02-16T19:51:39.742712Z[0m [32m INFO[0m [2mingestor::market::candles::candle_runner[0m[2m:[0m WS worker #3 streams=20
[2m2026-02-16T19:51:39.742690Z[0m [32m INFO[0m [2mingestor::market::candles::candle_runner[0m[2m:[0m Candles ingest running (WS realtime + BINARY COPY writers). Press Ctrl+C to stop.
[2m2026-02-16T19:51:39.742685Z[0m [32m INFO[0m [2mingestor::market::candles::candle_runner[0m[2m:[0m Backfill done.
[2m2026-02-16T19:51:39.742764Z[0m [32m INFO[0m [2mingestor::market::candles::candle_runner[0m[2m:[0m WS worker #8 streams=20
[2m2026-02-16T19:51:39.742722Z[0m [32m INFO[0m [2mingestor::market::candles::candle_runner[0m[2m:[0m WS worker #4 streams=20
[2m2026-02-16T19:51:39.742785Z[0m [32m INFO[0m [2mingestor::market::candles::candle_runner[0m[2m:[0m WS worker #9 streams=12
[2m2026-02-16T19:51:39.742751Z[0m [32m INFO[0m [2mingestor::market::candles::candle_runner[0m[2m:[0m WS worker #6 streams=20
[2m2026-02-16T19:51:39.742753Z[0m [32m INFO[0m [2mingestor::market::candles::candle_runner[0m[2m:[0m WS worker #7 streams=20
[2m2026-02-16T19:51:39.742685Z[0m [32m INFO[0m [2mingestor::market::candles::candle_runner[0m[2m:[0m WS worker #1 streams=20
[2m2026-02-16T19:51:39.742772Z[0m [32m INFO[0m [2mingestor::market::candles::candle_ws[0m[2m:[0m WS connect: streams=192
[2m2026-02-16T19:51:39.742731Z[0m [32m INFO[0m [2mingestor::market::candles::candle_runner[0m[2m:[0m WS worker #5 streams=20
[2m2026-02-16T19:51:39.744839Z[0m [32m INFO[0m [2mingestor::market::candles::candle_ws[0m[2m:[0m WS connect: wss://fstream.binance.com/stream?streams=btcusdt@kline_1m/btcusdt@kline_5m/btcusdt@kline_15m/btcusdt@kline_1h/ethusdt@kline_1m/ethusdt@kline_5m/ethusdt@kline_15m/ethusdt@kline_1h/bchusdt@kline_1m/bchusdt@kline_5m/bchusdt@kline_15m/bchusdt@kline_1h/xrpusdt@kline_1m/xrpusdt@kline_5m/xrpusdt@kline_15m/xrpusdt@kline_1h/ltcusdt@kline_1m/ltcusdt@kline_5m/ltcusdt@kline_15m/ltcusdt@kline_1h
[2m2026-02-16T19:51:39.745184Z[0m [32m INFO[0m [2mingestor::market::candles::candle_ws[0m[2m:[0m WS connect: wss://fstream.binance.com/stream?streams=linkusdt@kline_1m/linkusdt@kline_5m/linkusdt@kline_15m/linkusdt@kline_1h/adausdt@kline_1m/adausdt@kline_5m/adausdt@kline_15m/adausdt@kline_1h/zecusdt@kline_1m/zecusdt@kline_5m/zecusdt@kline_15m/zecusdt@kline_1h/bnbusdt@kline_1m/bnbusdt@kline_5m/bnbusdt@kline_15m/bnbusdt@kline_1h/dogeusdt@kline_1m/dogeusdt@kline_5m/dogeusdt@kline_15m/dogeusdt@kline_1h
[2m2026-02-16T19:51:39.745213Z[0m [32m INFO[0m [2mingestor::market::candles::candle_ws[0m[2m:[0m WS connect: wss://fstream.binance.com/stream?streams=hypeusdt@kline_1m/hypeusdt@kline_5m/hypeusdt@kline_15m/hypeusdt@kline_1h/husdt@kline_1m/husdt@kline_5m/husdt@kline_15m/husdt@kline_1h/pumpusdt@kline_1m/pumpusdt@kline_5m/pumpusdt@kline_15m/pumpusdt@kline_1h/xplusdt@kline_1m/xplusdt@kline_5m/xplusdt@kline_15m/xplusdt@kline_1h/wlfiusdt@kline_1m/wlfiusdt@kline_5m/wlfiusdt@kline_15m/wlfiusdt@kline_1h
[2m2026-02-16T19:51:39.745337Z[0m [32m INFO[0m [2mingestor::market::candles::candle_ws[0m[2m:[0m WS connect: wss://fstream.binance.com/stream?streams=litusdt@kline_1m/litusdt@kline_5m/litusdt@kline_15m/litusdt@kline_1h/zamausdt@kline_1m/zamausdt@kline_5m/zamausdt@kline_15m/zamausdt@kline_1h/spaceusdt@kline_1m/spaceusdt@kline_5m/spaceusdt@kline_15m/spaceusdt@kline_1h
[2m2026-02-16T19:51:39.745436Z[0m [32m INFO[0m [2mingestor::market::candles::candle_ws[0m[2m:[0m WS connect: wss://fstream.binance.com/stream?streams=wifusdt@kline_1m/wifusdt@kline_5m/wifusdt@kline_15m/wifusdt@kline_1h/enausdt@kline_1m/enausdt@kline_5m/enausdt@kline_15m/enausdt@kline_1h/taousdt@kline_1m/taousdt@kline_5m/taousdt@kline_15m/taousdt@kline_1h/zrousdt@kline_1m/zrousdt@kline_5m/zrousdt@kline_15m/zrousdt@kline_1h/moodengusdt@kline_1m/moodengusdt@kline_5m/moodengusdt@kline_15m/moodengusdt@kline_1h
[2m2026-02-16T19:51:39.745501Z[0m [32m INFO[0m [2mingestor::market::candles::candle_ws[0m[2m:[0m WS connect: wss://fstream.binance.com/stream?streams=asterusdt@kline_1m/asterusdt@kline_5m/asterusdt@kline_15m/asterusdt@kline_1h/riverusdt@kline_1m/riverusdt@kline_5m/riverusdt@kline_15m/riverusdt@kline_1h/kiteusdt@kline_1m/kiteusdt@kline_5m/kiteusdt@kline_15m/kiteusdt@kline_1h/stableusdt@kline_1m/stableusdt@kline_5m/stableusdt@kline_15m/stableusdt@kline_1h/powerusdt@kline_1m/powerusdt@kline_5m/powerusdt@kline_15m/powerusdt@kline_1h
[2m2026-02-16T19:51:39.745725Z[0m [32m INFO[0m [2mingestor::market::candles::candle_ws[0m[2m:[0m WS connect: wss://fstream.binance.com/stream?streams=aaveusdt@kline_1m/aaveusdt@kline_5m/aaveusdt@kline_15m/aaveusdt@kline_1h/filusdt@kline_1m/filusdt@kline_5m/filusdt@kline_15m/filusdt@kline_1h/suiusdt@kline_1m/suiusdt@kline_5m/suiusdt@kline_15m/suiusdt@kline_1h/1000pepeusdt@kline_1m/1000pepeusdt@kline_5m/1000pepeusdt@kline_15m/1000pepeusdt@kline_1h/wldusdt@kline_1m/wldusdt@kline_5m/wldusdt@kline_15m/wldusdt@kline_1h
[2m2026-02-16T19:51:39.745898Z[0m [32m INFO[0m [2mingestor::market::candles::candle_ws[0m[2m:[0m WS connect: wss://fstream.binance.com/stream?streams=dotusdt@kline_1m/dotusdt@kline_5m/dotusdt@kline_15m/dotusdt@kline_1h/solusdt@kline_1m/solusdt@kline_5m/solusdt@kline_15m/solusdt@kline_1h/uniusdt@kline_1m/uniusdt@kline_5m/uniusdt@kline_15m/uniusdt@kline_1h/avaxusdt@kline_1m/avaxusdt@kline_5m/avaxusdt@kline_15m/avaxusdt@kline_1h/nearusdt@kline_1m/nearusdt@kline_5m/nearusdt@kline_15m/nearusdt@kline_1h
[2m2026-02-16T19:51:39.745981Z[0m [32m INFO[0m [2mingestor::market::candles::candle_ws[0m[2m:[0m WS connect: wss://fstream.binance.com/stream?streams=berausdt@kline_1m/berausdt@kline_5m/berausdt@kline_15m/berausdt@kline_1h/ipusdt@kline_1m/ipusdt@kline_5m/ipusdt@kline_15m/ipusdt@kline_1h/sirenusdt@kline_1m/sirenusdt@kline_5m/sirenusdt@kline_15m/sirenusdt@kline_1h/fheusdt@kline_1m/fheusdt@kline_5m/fheusdt@kline_15m/fheusdt@kline_1h/initusdt@kline_1m/initusdt@kline_5m/initusdt@kline_15m/initusdt@kline_1h
[2m2026-02-16T19:51:39.746167Z[0m [32m INFO[0m [2mingestor::market::candles::candle_ws[0m[2m:[0m WS connect: wss://fstream.binance.com/stream?streams=penguusdt@kline_1m/penguusdt@kline_5m/penguusdt@kline_15m/penguusdt@kline_1h/fartcoinusdt@kline_1m/fartcoinusdt@kline_5m/fartcoinusdt@kline_15m/fartcoinusdt@kline_1h/trumpusdt@kline_1m/trumpusdt@kline_5m/trumpusdt@kline_15m/trumpusdt@kline_1h/pippinusdt@kline_1m/pippinusdt@kline_5m/pippinusdt@kline_15m/pippinusdt@kline_1h/vvvusdt@kline_1m/vvvusdt@kline_5m/vvvusdt@kline_15m/vvvusdt@kline_1h
[2m2026-02-16T19:52:00.177331Z[0m [32m INFO[0m [2mingestor::market::candles::candle_writer[0m[2m:[0m writer(1m): inserted 4 WS rows, total 4
[2m2026-02-16T19:52:03.121200Z[0m [32m INFO[0m [2mingestor::market::candles::candle_writer[0m[2m:[0m writer(1m): inserted 3 WS rows, total 48
[2m2026-02-16T19:53:00.177262Z[0m [32m INFO[0m [2mingestor::market::candles::candle_writer[0m[2m:[0m writer(1m): inserted 3 WS rows, total 51
[2m2026-02-16T19:53:02.221070Z[0m [32m INFO[0m [2mingestor::market::candles::candle_writer[0m[2m:[0m writer(1m): inserted 2 WS rows, total 87
[2m2026-02-16T19:54:00.176227Z[0m [32m INFO[0m [2mingestor::market::candles::candle_writer[0m[2m:[0m writer(1m): inserted 5 WS rows, total 101
[2m2026-02-16T19:54:02.220842Z[0m [32m INFO[0m [2mingestor::market::candles::candle_writer[0m[2m:[0m writer(1m): inserted 1 WS rows, total 143
[2m2026-02-16T19:55:00.121768Z[0m [32m INFO[0m [2mingestor::market::candles::candle_writer[0m[2m:[0m writer(1m): inserted 1 WS rows, total 145
[2m2026-02-16T19:55:00.126988Z[0m [32m INFO[0m [2mingestor::market::candles::candle_writer[0m[2m:[0m writer(5m): inserted 1 WS rows, total 1
[2m2026-02-16T19:55:02.371286Z[0m [32m INFO[0m [2mingestor::market::candles::candle_writer[0m[2m:[0m writer(5m): inserted 1 WS rows, total 48
[2m2026-02-16T19:55:02.371387Z[0m [32m INFO[0m [2mingestor::market::candles::candle_writer[0m[2m:[0m writer(1m): inserted 1 WS rows, total 192
[2m2026-02-16T19:56:00.171723Z[0m [32m INFO[0m [2mingestor::market::candles::candle_writer[0m[2m:[0m writer(1m): inserted 3 WS rows, total 195
[2m2026-02-16T19:56:02.220916Z[0m [32m INFO[0m [2mingestor::market::candles::candle_writer[0m[2m:[0m writer(1m): inserted 1 WS rows, total 232
