2026-03-27 17:14:37 [INFO] ╔═══════════════════════════════════════════════════════╗
2026-03-27 17:14:37 [INFO] ║  Pump/Dump Detection — WFO Training                   ║
2026-03-27 17:14:37 [INFO] ║  Multi-TF indicator patterns → XGBoost                ║
2026-03-27 17:14:37 [INFO] ║  Sharp move detection (concentrated in 1-2 hours)     ║
2026-03-27 17:14:37 [INFO] ╚═══════════════════════════════════════════════════════╝
2026-03-27 17:14:37 [INFO] Model type: both
2026-03-27 17:14:37 [INFO] Loading dataset/pump_dump_dataset.csv...
2026-03-27 17:14:39 [INFO]   Loaded 5,868 rows, 4746 columns in 2.5s
2026-03-27 17:14:39 [INFO]   Detected 4740 feature columns
2026-03-27 17:14:40 [INFO]   Memory: 0.22 GB → 0.11 GB (float32)
2026-03-27 17:14:40 [INFO] 
  Dataset overview:
2026-03-27 17:14:40 [INFO]       DUMP:      729 rows (157 symbols)
2026-03-27 17:14:40 [INFO]       NONE:    4,338 rows (161 symbols)
2026-03-27 17:14:40 [INFO]       PUMP:      801 rows (143 symbols)
2026-03-27 17:14:40 [INFO]     Total POS=1530 NEG=4338 (POS ratio=26.1%)
2026-03-27 17:14:40 [INFO] 
===========================================================================
2026-03-27 17:14:40 [INFO]   TRAINING PUMP MODEL
2026-03-27 17:14:40 [INFO] ===========================================================================
2026-03-27 17:14:40 [INFO]   Pump dataset: 5139 rows
2026-03-27 17:14:40 [INFO] 
═══════════════════════════════════════════════════════════════════════════
2026-03-27 17:14:40 [INFO]   PUMP/DUMP WFO — PUMP model
2026-03-27 17:14:40 [INFO]   Data: 5139 rows, 161 symbols
2026-03-27 17:14:40 [INFO]   Features: 4740
2026-03-27 17:14:40 [INFO]   Labels: POS=801 (15.6%), NEG=4338 (84.4%)
2026-03-27 17:14:40 [INFO]   Target: accuracy ≥ 65%
2026-03-27 17:14:40 [INFO] ═══════════════════════════════════════════════════════════════════════════
2026-03-27 17:14:40 [INFO]   4 WFO folds:
2026-03-27 17:14:40 [INFO]     Fold 0: Train 1941d | Test 90d
2026-03-27 17:14:40 [INFO]     Fold 1: Train 2031d | Test 90d
2026-03-27 17:14:40 [INFO]     Fold 2: Train 2121d | Test 90d
2026-03-27 17:14:40 [INFO]     Fold 3: Train 2211d | Test 90d
2026-03-27 17:14:40 [INFO] 
  ── Fold 0/3 ──
2026-03-27 17:14:40 [INFO]   Train: 1324 rows | Test: 435 rows
2026-03-27 17:14:40 [INFO]   Baseline (majority class): 0.8414
2026-03-27 17:14:41 [INFO]   Fold 0: Training pump binary on 1324 examples (POS=141, NEG=1183, scale_pos=8.39)
2026-03-27 17:15:13 [INFO]   Fold 0: acc=0.8575 AUC=0.9673 prec=0.5280 recall=0.9565 F1=0.6804 ✅
2026-03-27 17:15:13 [INFO]     Test: POS=69 NEG=366 | Pred: POS=125 NEG=310 | trees=897
2026-03-27 17:15:13 [INFO]     gate_0.55: prec=0.533 rec=1.000 n=122 cov=28.0%
2026-03-27 17:15:13 [INFO]     gate_0.60: prec=0.551 rec=1.000 n=118 cov=27.1%
2026-03-27 17:15:13 [INFO]     gate_0.65: prec=0.561 rec=1.000 n=114 cov=26.2%
2026-03-27 17:15:13 [INFO]     gate_0.70: prec=0.579 rec=1.000 n=107 cov=24.6%
2026-03-27 17:15:13 [INFO]     gate_0.75: prec=0.614 rec=1.000 n=101 cov=23.2%
2026-03-27 17:15:13 [INFO]     gate_0.80: prec=0.634 rec=1.000 n=93 cov=21.4%
2026-03-27 17:15:13 [INFO] 
  ── Fold 1/3 ──
2026-03-27 17:15:13 [INFO]   Train: 1774 rows | Test: 714 rows
2026-03-27 17:15:13 [INFO]   Baseline (majority class): 0.8347
2026-03-27 17:15:13 [INFO]   Fold 1: Training pump binary on 1774 examples (POS=211, NEG=1563, scale_pos=7.41)
2026-03-27 17:15:43 [INFO]   Fold 1: acc=0.9230 AUC=0.9663 prec=0.7333 recall=0.8390 F1=0.7826 ✅
2026-03-27 17:15:43 [INFO]     Test: POS=118 NEG=596 | Pred: POS=135 NEG=579 | trees=490
2026-03-27 17:15:43 [INFO]     gate_0.55: prec=0.754 rec=1.000 n=130 cov=18.2%
2026-03-27 17:15:43 [INFO]     gate_0.60: prec=0.758 rec=1.000 n=124 cov=17.4%
2026-03-27 17:15:43 [INFO]     gate_0.65: prec=0.767 rec=1.000 n=120 cov=16.8%
2026-03-27 17:15:43 [INFO]     gate_0.70: prec=0.805 rec=1.000 n=113 cov=15.8%
2026-03-27 17:15:43 [INFO]     gate_0.75: prec=0.843 rec=1.000 n=102 cov=14.3%
2026-03-27 17:15:43 [INFO]     gate_0.80: prec=0.874 rec=1.000 n=95 cov=13.3%
2026-03-27 17:15:43 [INFO] 
  ── Fold 2/3 ──
2026-03-27 17:15:43 [INFO]   Train: 2513 rows | Test: 1229 rows
2026-03-27 17:15:43 [INFO]   Baseline (majority class): 0.8145
2026-03-27 17:15:43 [INFO]   Fold 2: Training pump binary on 2513 examples (POS=333, NEG=2180, scale_pos=6.55)
2026-03-27 17:16:20 [INFO]   Fold 2: acc=0.9251 AUC=0.9631 prec=0.7833 recall=0.8246 F1=0.8034 ✅
2026-03-27 17:16:20 [INFO]     Test: POS=228 NEG=1001 | Pred: POS=240 NEG=989 | trees=523
2026-03-27 17:16:20 [INFO]     gate_0.55: prec=0.796 rec=1.000 n=230 cov=18.7%
2026-03-27 17:16:20 [INFO]     gate_0.60: prec=0.826 rec=1.000 n=218 cov=17.7%
2026-03-27 17:16:20 [INFO]     gate_0.65: prec=0.847 rec=1.000 n=203 cov=16.5%
2026-03-27 17:16:20 [INFO]     gate_0.70: prec=0.866 rec=1.000 n=194 cov=15.8%
2026-03-27 17:16:20 [INFO]     gate_0.75: prec=0.875 rec=1.000 n=184 cov=15.0%
2026-03-27 17:16:20 [INFO]     gate_0.80: prec=0.886 rec=1.000 n=176 cov=14.3%
2026-03-27 17:16:20 [INFO] 
  ── Fold 3/3 ──
2026-03-27 17:16:20 [INFO]   Train: 3813 rows | Test: 1140 rows
2026-03-27 17:16:20 [INFO]   Baseline (majority class): 0.8132
2026-03-27 17:16:21 [INFO]   Fold 3: Training pump binary on 3813 examples (POS=568, NEG=3245, scale_pos=5.71)
2026-03-27 17:17:04 [INFO]   Fold 3: acc=0.9246 AUC=0.9685 prec=0.7848 recall=0.8216 F1=0.8028 ✅
2026-03-27 17:17:04 [INFO]     Test: POS=213 NEG=927 | Pred: POS=223 NEG=917 | trees=428
2026-03-27 17:17:04 [INFO]     gate_0.55: prec=0.810 rec=1.000 n=211 cov=18.5%
2026-03-27 17:17:04 [INFO]     gate_0.60: prec=0.833 rec=1.000 n=204 cov=17.9%
2026-03-27 17:17:04 [INFO]     gate_0.65: prec=0.839 rec=1.000 n=199 cov=17.5%
2026-03-27 17:17:04 [INFO]     gate_0.70: prec=0.874 rec=1.000 n=183 cov=16.1%
2026-03-27 17:17:04 [INFO]     gate_0.75: prec=0.891 rec=1.000 n=175 cov=15.4%
2026-03-27 17:17:04 [INFO]     gate_0.80: prec=0.896 rec=1.000 n=164 cov=14.4%
2026-03-27 17:17:04 [INFO] 
  ────────────────────────────────────────────────────────────
2026-03-27 17:17:04 [INFO]   AGGREGATE OOS — PUMP model
2026-03-27 17:17:04 [INFO]   ────────────────────────────────────────────────────────────
2026-03-27 17:17:04 [INFO]   Accuracy:  0.9075±0.0289 ✅
2026-03-27 17:17:04 [INFO]   AUC:       0.9663±0.0020
2026-03-27 17:17:04 [INFO]   Precision: 0.7074
2026-03-27 17:17:04 [INFO]   Recall:    0.8604
2026-03-27 17:17:04 [INFO]   F1:        0.7673
2026-03-27 17:17:04 [INFO]   Baseline:  0.8259
2026-03-27 17:17:04 [INFO]   Lift:      +0.0816 📈
2026-03-27 17:17:04 [INFO]   Stable top features: tf60_c9_dist_to_low_50(4/4), tf60_c8_dist_to_low_50(4/4), tf60_c7_dist_to_low_50(3/4), tf60_c9_price_vs_ema20(3/4), tf60_c6_dist_to_low_50(3/4), tf60_c9_price_vs_supertrend(3/4), tf60_c9_rsi(2/4), tf60_c9_rsi_norm(2/4), tf60_c6_vol_ratio_10(2/4), tf1440_c9_stoch_norm(2/4), tf60_c9_price_vs_ema50(2/4), tf1440_c6_lower_wick_ratio(2/4), tf1440_c9_stoch_d(2/4), tf1440_c8_rsi_norm(2/4), tf60_c6_atr_pct(2/4)
2026-03-27 17:17:04 [INFO] 
  ── FINAL model (ALL data) ──
2026-03-27 17:17:04 [INFO]   Fold -1: Training pump binary on 4626 examples (POS=725, NEG=3901, scale_pos=5.38)
2026-03-27 17:17:50 [INFO]   Fold -1: acc=0.9727 AUC=0.9865 prec=0.8974 recall=0.9211 F1=0.9091 ✅
2026-03-27 17:17:50 [INFO]     Test: POS=76 NEG=437 | Pred: POS=78 NEG=435 | trees=360
2026-03-27 17:17:50 [INFO]     gate_0.55: prec=0.897 rec=1.000 n=78 cov=15.2%
2026-03-27 17:17:50 [INFO]     gate_0.60: prec=0.908 rec=1.000 n=76 cov=14.8%
2026-03-27 17:17:50 [INFO]     gate_0.65: prec=0.918 rec=1.000 n=73 cov=14.2%
2026-03-27 17:17:50 [INFO]     gate_0.70: prec=0.929 rec=1.000 n=70 cov=13.6%
2026-03-27 17:17:50 [INFO]     gate_0.75: prec=0.926 rec=1.000 n=68 cov=13.3%
2026-03-27 17:17:50 [INFO]     gate_0.80: prec=0.938 rec=1.000 n=65 cov=12.7%
2026-03-27 17:17:50 [INFO]   ✅ Saved: models/pump_dump_pump_v1.ubj
2026-03-27 17:17:50 [INFO]   ✅ Schema: models/pump_dump_pump_v1.schema.json
2026-03-27 17:17:50 [INFO] 
  📊 Report: models/pump_dump_pump_wfo_report.json
2026-03-27 17:17:50 [INFO]   ⏱️  Elapsed: 190.2s
2026-03-27 17:17:50 [INFO] 
===========================================================================
2026-03-27 17:17:50 [INFO]   TRAINING DUMP MODEL
2026-03-27 17:17:50 [INFO] ===========================================================================
2026-03-27 17:17:51 [INFO]   Dump dataset: 5067 rows
2026-03-27 17:17:51 [INFO] 
═══════════════════════════════════════════════════════════════════════════
2026-03-27 17:17:51 [INFO]   PUMP/DUMP WFO — DUMP model
2026-03-27 17:17:51 [INFO]   Data: 5067 rows, 161 symbols
2026-03-27 17:17:51 [INFO]   Features: 4740
2026-03-27 17:17:51 [INFO]   Labels: POS=729 (14.4%), NEG=4338 (85.6%)
2026-03-27 17:17:51 [INFO]   Target: accuracy ≥ 65%
2026-03-27 17:17:51 [INFO] ═══════════════════════════════════════════════════════════════════════════
2026-03-27 17:17:51 [INFO]   4 WFO folds:
2026-03-27 17:17:51 [INFO]     Fold 0: Train 1941d | Test 90d
2026-03-27 17:17:51 [INFO]     Fold 1: Train 2031d | Test 90d
2026-03-27 17:17:51 [INFO]     Fold 2: Train 2121d | Test 90d
2026-03-27 17:17:51 [INFO]     Fold 3: Train 2211d | Test 90d
2026-03-27 17:17:51 [INFO] 
  ── Fold 0/3 ──
2026-03-27 17:17:51 [INFO]   Train: 1407 rows | Test: 386 rows
2026-03-27 17:17:51 [INFO]   Baseline (majority class): 0.9482
2026-03-27 17:17:51 [INFO]   Fold 0: Training dump binary on 1407 examples (POS=224, NEG=1183, scale_pos=5.28)
2026-03-27 17:18:17 [INFO]   Fold 0: acc=0.8964 AUC=0.8794 prec=0.2917 recall=0.7000 F1=0.4118 ✅
2026-03-27 17:18:17 [INFO]     Test: POS=20 NEG=366 | Pred: POS=48 NEG=338 | trees=652
2026-03-27 17:18:17 [INFO]     gate_0.55: prec=0.311 rec=1.000 n=45 cov=11.7%
2026-03-27 17:18:17 [INFO]     gate_0.60: prec=0.310 rec=1.000 n=42 cov=10.9%
2026-03-27 17:18:17 [INFO]     gate_0.65: prec=0.325 rec=1.000 n=40 cov=10.4%
2026-03-27 17:18:17 [INFO]     gate_0.70: prec=0.342 rec=1.000 n=38 cov=9.8%
2026-03-27 17:18:17 [INFO]     gate_0.75: prec=0.353 rec=1.000 n=34 cov=8.8%
2026-03-27 17:18:17 [INFO]     gate_0.80: prec=0.387 rec=1.000 n=31 cov=8.0%
2026-03-27 17:18:17 [INFO] 
  ── Fold 1/3 ──
2026-03-27 17:18:17 [INFO]   Train: 1844 rows | Test: 651 rows
2026-03-27 17:18:17 [INFO]   Baseline (majority class): 0.9155
2026-03-27 17:18:17 [INFO]   Fold 1: Training dump binary on 1844 examples (POS=281, NEG=1563, scale_pos=5.56)
2026-03-27 17:18:38 [INFO]   Fold 1: acc=0.9555 AUC=0.9821 prec=0.6806 recall=0.8909 F1=0.7717 ✅
2026-03-27 17:18:38 [INFO]     Test: POS=55 NEG=596 | Pred: POS=72 NEG=579 | trees=296
2026-03-27 17:18:38 [INFO]     gate_0.55: prec=0.712 rec=1.000 n=66 cov=10.1%
2026-03-27 17:18:38 [INFO]     gate_0.60: prec=0.708 rec=1.000 n=65 cov=10.0%
2026-03-27 17:18:38 [INFO]     gate_0.65: prec=0.738 rec=1.000 n=61 cov=9.4%
2026-03-27 17:18:38 [INFO]     gate_0.70: prec=0.768 rec=1.000 n=56 cov=8.6%
2026-03-27 17:18:38 [INFO]     gate_0.75: prec=0.824 rec=1.000 n=51 cov=7.8%
2026-03-27 17:18:38 [INFO]     gate_0.80: prec=0.822 rec=1.000 n=45 cov=6.9%
2026-03-27 17:18:38 [INFO] 
  ── Fold 2/3 ──
2026-03-27 17:18:38 [INFO]   Train: 2514 rows | Test: 1158 rows
2026-03-27 17:18:38 [INFO]   Baseline (majority class): 0.8644
2026-03-27 17:18:39 [INFO]   Fold 2: Training dump binary on 2514 examples (POS=334, NEG=2180, scale_pos=6.53)
2026-03-27 17:19:18 [INFO]   Fold 2: acc=0.9257 AUC=0.9596 prec=0.6940 recall=0.8089 F1=0.7471 ✅
2026-03-27 17:19:18 [INFO]     Test: POS=157 NEG=1001 | Pred: POS=183 NEG=975 | trees=659
2026-03-27 17:19:18 [INFO]     gate_0.55: prec=0.708 rec=1.000 n=171 cov=14.8%
2026-03-27 17:19:18 [INFO]     gate_0.60: prec=0.724 rec=1.000 n=163 cov=14.1%
2026-03-27 17:19:18 [INFO]     gate_0.65: prec=0.737 rec=1.000 n=152 cov=13.1%
2026-03-27 17:19:18 [INFO]     gate_0.70: prec=0.755 rec=1.000 n=143 cov=12.3%
2026-03-27 17:19:18 [INFO]     gate_0.75: prec=0.784 rec=1.000 n=134 cov=11.6%
2026-03-27 17:19:18 [INFO]     gate_0.80: prec=0.835 rec=1.000 n=121 cov=10.4%
2026-03-27 17:19:18 [INFO] 
  ── Fold 3/3 ──
2026-03-27 17:19:18 [INFO]   Train: 3746 rows | Test: 1147 rows
2026-03-27 17:19:18 [INFO]   Baseline (majority class): 0.8082
2026-03-27 17:19:18 [INFO]   Fold 3: Training dump binary on 3746 examples (POS=501, NEG=3245, scale_pos=6.48)
2026-03-27 17:20:11 [INFO]   Fold 3: acc=0.9320 AUC=0.9700 prec=0.8381 recall=0.8000 F1=0.8186 ✅
2026-03-27 17:20:11 [INFO]     Test: POS=220 NEG=927 | Pred: POS=210 NEG=937 | trees=609
2026-03-27 17:20:11 [INFO]     gate_0.55: prec=0.848 rec=1.000 n=204 cov=17.8%
2026-03-27 17:20:11 [INFO]     gate_0.60: prec=0.880 rec=1.000 n=191 cov=16.7%
2026-03-27 17:20:11 [INFO]     gate_0.65: prec=0.901 rec=1.000 n=181 cov=15.8%
2026-03-27 17:20:11 [INFO]     gate_0.70: prec=0.900 rec=1.000 n=170 cov=14.8%
2026-03-27 17:20:11 [INFO]     gate_0.75: prec=0.903 rec=1.000 n=154 cov=13.4%
2026-03-27 17:20:11 [INFO]     gate_0.80: prec=0.903 rec=1.000 n=145 cov=12.6%
2026-03-27 17:20:11 [INFO] 
  ────────────────────────────────────────────────────────────
2026-03-27 17:20:11 [INFO]   AGGREGATE OOS — DUMP model
2026-03-27 17:20:11 [INFO]   ────────────────────────────────────────────────────────────
2026-03-27 17:20:11 [INFO]   Accuracy:  0.9274±0.0211 ✅
2026-03-27 17:20:11 [INFO]   AUC:       0.9478±0.0403
2026-03-27 17:20:11 [INFO]   Precision: 0.6261
2026-03-27 17:20:11 [INFO]   Recall:    0.8000
2026-03-27 17:20:11 [INFO]   F1:        0.6873
2026-03-27 17:20:11 [INFO]   Baseline:  0.8841
2026-03-27 17:20:11 [INFO]   Lift:      +0.0433 📈
2026-03-27 17:20:11 [INFO]   Stable top features: tf60_c9_dist_to_high_50(4/4), tf60_c9_atr_pct(4/4), tf60_c9_price_vs_ema20(4/4), tf60_c9_bb_width_pct(4/4), tf60_c9_volume_spike(3/4), tf60_c9_vol_ratio_10(3/4), tf60_c8_atr_pct(3/4), tf60_c9_price_vs_fibo_pivot(3/4), tf60_c9_price_vs_ema50(3/4), tf60_c2_bb_width_pct(2/4), tf60_c8_dist_to_high_50(2/4), tf60_c6_atr_pct(2/4), tf1440_c8_stoch_k(2/4), tf1440_c0_supertrend(2/4), tf1440_c1_supertrend(2/4)
2026-03-27 17:20:11 [INFO] 
  ── FINAL model (ALL data) ──
2026-03-27 17:20:11 [INFO]   Fold -1: Training dump binary on 4561 examples (POS=670, NEG=3891, scale_pos=5.81)
2026-03-27 17:21:17 [INFO]   Fold -1: acc=0.9783 AUC=0.9945 prec=0.9615 recall=0.8475 F1=0.9009 ✅
2026-03-27 17:21:17 [INFO]     Test: POS=59 NEG=447 | Pred: POS=52 NEG=454 | trees=654
2026-03-27 17:21:17 [INFO]     gate_0.55: prec=0.980 rec=1.000 n=51 cov=10.1%
2026-03-27 17:21:17 [INFO]     gate_0.60: prec=0.980 rec=1.000 n=51 cov=10.1%
2026-03-27 17:21:17 [INFO]     gate_0.65: prec=0.980 rec=1.000 n=51 cov=10.1%
2026-03-27 17:21:17 [INFO]     gate_0.70: prec=0.980 rec=1.000 n=49 cov=9.7%
2026-03-27 17:21:17 [INFO]     gate_0.75: prec=1.000 rec=1.000 n=45 cov=8.9%
2026-03-27 17:21:17 [INFO]     gate_0.80: prec=1.000 rec=1.000 n=45 cov=8.9%
2026-03-27 17:21:17 [INFO]   ✅ Saved: models/pump_dump_dump_v1.ubj
2026-03-27 17:21:17 [INFO]   ✅ Schema: models/pump_dump_dump_v1.schema.json
2026-03-27 17:21:17 [INFO] 
  📊 Report: models/pump_dump_dump_wfo_report.json
2026-03-27 17:21:17 [INFO]   ⏱️  Elapsed: 206.8s
2026-03-27 17:21:17 [INFO] 
╔═══════════════════════════════════════════════════════════╗
2026-03-27 17:21:17 [INFO] ║  PUMP/DUMP — FINAL SUMMARY                                ║
2026-03-27 17:21:17 [INFO] ╚═══════════════════════════════════════════════════════════╝
2026-03-27 17:21:17 [INFO]    DUMP: acc=0.9274 AUC=0.9478 F1=0.6873 base=0.8841 ✅
2026-03-27 17:21:17 [INFO]    PUMP: acc=0.9075 AUC=0.9663 F1=0.7673 base=0.8259 ✅
2026-03-27 17:21:17 [INFO] 
  Total time: 397.3s (6.6min)
2026-03-27 17:21:17 [INFO]   Models: models/pump_dump_{pump,dump}_v1.ubj
2026-03-27 17:21:17 [INFO]   Done ✅
