[2m===========================================[0m
[1m[36mSTART[0m
[2m===========================================[0m
[2m[20:22:35][0m ROOT: [1m/home/anton/Desktop/Whitelist[0m
[2m[20:22:35][0m LOG : [1m/home/anton/Desktop/Whitelist/logs/start_20260130_202235.log[0m
[2m[20:22:35][0m Loading env: [1m/home/anton/Desktop/Whitelist/.env[0m
[2m===========================================[0m
[1m[36mTOOLCHAIN[0m
[2m===========================================[0m
[2m[20:22:35][0m rustc: rustc 1.93.0 (254b59607 2026-01-19)
[2m[20:22:35][0m cargo: cargo 1.93.0 (083ac5135 2025-12-15)
[2m===========================================[0m
[1m[36mINFRA[0m
[2m===========================================[0m
[2m[20:22:35][0m Compose file: [1minfra/docker-compose.yaml[0m
[2m[20:22:35][0m docker compose up -d --remove-orphans
 Container redpanda Running 
 Container redpanda_console Running 
 Container timescaledb Running 
 Container redpanda Waiting 
 Container redpanda Healthy 
[2m[20:22:35][0m Waiting for TCP [1m127.0.0.1:5433[0m (timeout 45s)...
[2m[20:22:35][0m [32m✅[0m TCP ready: 127.0.0.1:5433
[2m[20:22:35][0m Waiting for TCP [1m127.0.0.1:19092[0m (timeout 45s)...
[2m[20:22:35][0m [32m✅[0m TCP ready: 127.0.0.1:19092
[2m===========================================[0m
[1m[36mBUILD[0m
[2m===========================================[0m
[2m[20:22:35][0m [32m✅[0m Skipping build (auto-mode: binaries are up-to-date).
[2m===========================================[0m
[1m[36mDATABASE INITIALIZATION CHECK[0m
[2m===========================================[0m
[2m[20:22:36][0m [32m✅[0m Database is already initialized.
[2m===========================================[0m
[1m[36mONESHOT: load_candles[0m
[2m===========================================[0m
[2m[20:22:36][0m Loading historical candles and starting real-time ingestion...
[2m[20:22:36][0m This may take a few minutes depending on the number of pairs...
[2m[20:22:36][0m [33m⚠️[0m Skipping oneshot binaries (ingestor_pairs/load_candles) - not used in current architecture.
[2m===========================================[0m
[1m[36mSTART SERVICES[0m
[2m===========================================[0m
[2m[20:22:36][0m Starting: [1mconnections[0m
[2m[20:22:36][0m   bin: /home/anton/Desktop/Whitelist/target/release/connections
[2m[20:22:36][0m   log: /home/anton/Desktop/Whitelist/logs/connections.out
[2m[20:22:36][0m [32m✅[0m Started: [1mconnections[0m pid=1057990
[2m[20:22:36][0m Starting: [1mingestor[0m
[2m[20:22:36][0m   bin: /home/anton/Desktop/Whitelist/target/release/ingestor
[2m[20:22:36][0m   log: /home/anton/Desktop/Whitelist/logs/ingestor.out
[2m[20:22:36][0m [32m✅[0m Started: [1mingestor[0m pid=1058014
[2m===========================================[0m
[1m[36mDONE[0m
[2m===========================================[0m
[2m[20:22:36][0m [32m✅[0m START DONE @ Fri 30 Jan 2026 08:22:36 PM MSK
[2m[20:22:36][0m Services: connections ingestor
[2m[20:22:36][0m PIDs in : /home/anton/Desktop/Whitelist/run
[2m[20:22:36][0m Logs in : /home/anton/Desktop/Whitelist/logs
[2m===========================================[0m
[1m[36mSTART GRAFANA HEALTHCHECK[0m
[2m===========================================[0m
[2m[20:22:36][0m Starting Grafana for healthcheck monitoring...
 Network grafana_healthcheck_net Creating 
 Network grafana_healthcheck_net Created 
 Container healthcheck_prometheus Creating 
 Container healthcheck_prometheus Created 
 Container healthcheck_grafana Creating 
 Container healthcheck_grafana Created 
 Container healthcheck_prometheus Starting 
 Container healthcheck_prometheus Started 
 Container healthcheck_grafana Starting 
 Container healthcheck_grafana Started 
[2m[20:22:36][0m [32m✅[0m Grafana started. Access at http://localhost:3001 (admin/admin)
