[2m===========================================[0m
[1m[36mSTARTING SERVICES[0m
[2m===========================================[0m
[2m[20:03:16][0m Starting connections...
[2m[20:03:16][0m   bin: /home/anton/Desktop/Rust_trader/target/release/connections
[2m[20:03:16][0m   log: /home/anton/Desktop/Rust_trader/logs/connections.out
[2m[20:03:16][0m [32m✅[0m Started connections (pid 1912680)
[2m[20:03:16][0m Starting ingestor...
[2m[20:03:16][0m   bin: /home/anton/Desktop/Rust_trader/target/release/ingestor
[2m[20:03:16][0m   log: /home/anton/Desktop/Rust_trader/logs/ingestor.out
[2m[20:03:16][0m [32m✅[0m Started ingestor (pid 1912702)
[2m[20:03:16][0m Starting compute_history service...
[2m[20:03:16][0m Starting compute_history...
[2m[20:03:16][0m   bin: /home/anton/Desktop/Rust_trader/target/release/compute_history
[2m[20:03:16][0m   log: /home/anton/Desktop/Rust_trader/logs/compute_history.out
[2m[20:03:16][0m [32m✅[0m Started compute_history (pid 1912744)
[2m[20:03:16][0m Starting compute_realtime service...
[2m[20:03:16][0m Starting compute_realtime...
[2m[20:03:16][0m   bin: /home/anton/Desktop/Rust_trader/target/release/compute_realtime
[2m[20:03:16][0m   log: /home/anton/Desktop/Rust_trader/logs/compute_realtime.out
[2m[20:03:16][0m [32m✅[0m Started compute_realtime (pid 1912774)
[2m===========================================[0m
[1m[36mSTART GRAFANA HEALTHCHECK[0m
[2m===========================================[0m
[2m[20:03:16][0m Starting Grafana for healthcheck monitoring...
[2m[20:03:16][0m [32m✅[0m Grafana started. Access at http://localhost:3001 (admin/admin)
[2m===========================================[0m
[1m[36mSUPER ENTRY SERVICE[0m
[2m===========================================[0m
[2m[20:03:16][0m Super Entry strategy is ENABLED
[2m[20:03:16][0m Starting super_entry_service...
[2m[20:03:16][0m   bin: /home/anton/Desktop/Rust_trader/target/release/super_entry_service
[2m[20:03:16][0m   log: /home/anton/Desktop/Rust_trader/logs/super_entry_service.out
[2m[20:03:16][0m [32m✅[0m Started super_entry_service (pid 1912851)
[2m===========================================[0m
[1m[36mALL SERVICES STARTED[0m
[2m===========================================[0m
[2m[20:03:16][0m [32m✅[0m START DONE @ Thu 19 Feb 2026 08:03:16 PM MSK
[2m[20:03:16][0m Services started successfully
[2m[20:03:16][0m PIDs in : /home/anton/Desktop/Rust_trader/run
[2m[20:03:16][0m Logs in : /home/anton/Desktop/Rust_trader/logs
