[2m===========================================[0m
[1m[36mSTART[0m
[2m===========================================[0m
[2m[04:35:18][0m ROOT: [1m/home/anton/Desktop/Rust_trader[0m
[2m[04:35:18][0m LOG : [1m/home/anton/Desktop/Rust_trader/logs/start_20260213_043518.log[0m
[2m[04:35:18][0m [32m✅[0m sccache server is already running.
[2m[04:35:18][0m Loading env: [1m/home/anton/Desktop/Rust_trader/.env[0m
[2m===========================================[0m
[1m[36mTOOLCHAIN[0m
[2m===========================================[0m
[2m[04:35:18][0m rustc: rustc 1.92.0 (ded5c06cf 2025-12-08)
[2m[04:35:18][0m cargo: cargo 1.92.0 (344c4567c 2025-10-21)
[2m===========================================[0m
[1m[36mINFRA[0m
[2m===========================================[0m
[2m[04:35:18][0m Compose file: [1minfra/docker-compose.yaml[0m
[2m[04:35:18][0m docker compose up -d --remove-orphans
 Container redpanda Running 
 Container timescaledb Running 
 Container redpanda_console Running 
 Container redpanda Waiting 
 Container redpanda Healthy 
[2m[04:35:19][0m Waiting for TCP [1m127.0.0.1:5433[0m (timeout 45s)...
[2m[04:35:19][0m [32m✅[0m TCP ready: 127.0.0.1:5433
[2m[04:35:19][0m Waiting for TCP [1m127.0.0.1:19092[0m (timeout 45s)...
[2m[04:35:19][0m [32m✅[0m TCP ready: 127.0.0.1:19092
[2m===========================================[0m
[1m[36mDATABASE INITIALIZATION CHECK[0m
[2m===========================================[0m
[2m[04:35:19][0m [33m⚠️[0m Database not initialized. Starting initialization...
[2m[04:35:19][0m Database not initialized. Initializing database schema...
[2m[04:35:19][0m Running database initialization...
[2m2026-02-13T01:35:19.546378Z[0m [32m INFO[0m [2mdatabase_lib::init_db[0m[2m:[0m Starting database initialization process...
[2m2026-02-13T01:35:19.551727Z[0m [32m INFO[0m [2mdatabase_lib::init_db[0m[2m:[0m Database connection test successful
[2m2026-02-13T01:35:19.551732Z[0m [32m INFO[0m [2mdatabase_lib::init_db[0m[2m:[0m Initializing database schema...
[2m2026-02-13T01:35:19.551735Z[0m [32m INFO[0m [2mdatabase_lib::init_db[0m[2m:[0m Executing DDL file #0...
[2m2026-02-13T01:35:19.556578Z[0m [32m INFO[0m [2msqlx::postgres::notice[0m[2m:[0m relation "integration_test_data" already exists, skipping
[2m2026-02-13T01:35:19.556909Z[0m [32m INFO[0m [2msqlx::postgres::notice[0m[2m:[0m relation "cross_system_test" already exists, skipping
[2m2026-02-13T01:35:19.558850Z[0m [32m INFO[0m [2msqlx::postgres::notice[0m[2m:[0m relation "idx_integration_test_timestamp" already exists, skipping
[2m2026-02-13T01:35:19.559053Z[0m [32m INFO[0m [2msqlx::postgres::notice[0m[2m:[0m relation "idx_cross_system_test_timestamp" already exists, skipping
[2m2026-02-13T01:35:19.559598Z[0m [32m INFO[0m [2msqlx::postgres::notice[0m[2m:[0m relation "idx_integration_symbol" already exists, skipping
[2m2026-02-13T01:35:19.559716Z[0m [32m INFO[0m [2msqlx::postgres::notice[0m[2m:[0m relation "idx_cross_system_symbol" already exists, skipping
[2m2026-02-13T01:35:19.559764Z[0m [32m INFO[0m [2mdatabase_lib::init_db[0m[2m:[0m Successfully executed DDL file #0
[2m2026-02-13T01:35:19.559771Z[0m [32m INFO[0m [2mdatabase_lib::init_db[0m[2m:[0m Executing DDL file #1...
[2m2026-02-13T01:35:19.560077Z[0m [32m INFO[0m [2msqlx::postgres::notice[0m[2m:[0m extension "timescaledb" already exists, skipping
[2m2026-02-13T01:35:19.560120Z[0m [32m INFO[0m [2msqlx::postgres::notice[0m[2m:[0m extension "pgcrypto" already exists, skipping
[2m2026-02-13T01:35:19.560162Z[0m [32m INFO[0m [2msqlx::postgres::notice[0m[2m:[0m schema "market" already exists, skipping
[2m2026-02-13T01:35:19.560240Z[0m [32m INFO[0m [2msqlx::postgres::notice[0m[2m:[0m schema "trade" already exists, skipping
[2m2026-02-13T01:35:19.560273Z[0m [32m INFO[0m [2msqlx::postgres::notice[0m[2m:[0m schema "core" already exists, skipping
[2m2026-02-13T01:35:19.560288Z[0m [32m INFO[0m [2mdatabase_lib::init_db[0m[2m:[0m Successfully executed DDL file #1
[2m2026-02-13T01:35:19.560290Z[0m [32m INFO[0m [2mdatabase_lib::init_db[0m[2m:[0m Executing DDL file #2...
[2m2026-02-13T01:35:19.582056Z[0m [32m INFO[0m [2msqlx::postgres::notice[0m[2m:[0m relation "collected_candles" already exists, skipping
[2m2026-02-13T01:35:19.582125Z[0m [32m INFO[0m [2mdatabase_lib::init_db[0m[2m:[0m Successfully executed DDL file #2
[2m2026-02-13T01:35:19.582129Z[0m [32m INFO[0m [2mdatabase_lib::init_db[0m[2m:[0m Executing DDL file #3...
[2m2026-02-13T01:35:19.676107Z[0m [32m INFO[0m [2mdatabase_lib::init_db[0m[2m:[0m Successfully executed DDL file #3
[2m2026-02-13T01:35:19.676116Z[0m [32m INFO[0m [2mdatabase_lib::init_db[0m[2m:[0m Executing DDL file #4...
[2m2026-02-13T01:35:19.676511Z[0m [32m INFO[0m [2msqlx::postgres::notice[0m[2m:[0m schema "market" already exists, skipping
[2m2026-02-13T01:35:19.691429Z[0m [32m INFO[0m [2mdatabase_lib::init_db[0m[2m:[0m Successfully executed DDL file #4
[2m2026-02-13T01:35:19.691435Z[0m [32m INFO[0m [2mdatabase_lib::init_db[0m[2m:[0m Executing DDL file #5...
[2m2026-02-13T01:35:19.691834Z[0m [32m INFO[0m [2msqlx::postgres::notice[0m[2m:[0m relation "candles_staging" already exists, skipping
[2m2026-02-13T01:35:19.691931Z[0m [32m INFO[0m [2msqlx::postgres::notice[0m[2m:[0m relation "indicators_staging" already exists, skipping
[2m2026-02-13T01:35:19.692155Z[0m [32m INFO[0m [2msqlx::postgres::notice[0m[2m:[0m relation "ix_candles_staging_symbol_time" already exists, skipping
[2m2026-02-13T01:35:19.692469Z[0m [32m INFO[0m [2msqlx::postgres::notice[0m[2m:[0m relation "ix_ind_staging_symbol_time" already exists, skipping
[2m2026-02-13T01:35:19.692479Z[0m [32m INFO[0m [2mdatabase_lib::init_db[0m[2m:[0m Successfully executed DDL file #5
[2m2026-02-13T01:35:19.692482Z[0m [32m INFO[0m [2mdatabase_lib::init_db[0m[2m:[0m Executing DDL file #6...
[2m2026-02-13T01:35:19.692829Z[0m [32m INFO[0m [2msqlx::postgres::notice[0m[2m:[0m schema "market" already exists, skipping
[2m2026-02-13T01:35:19.692921Z[0m [32m INFO[0m [2msqlx::postgres::notice[0m[2m:[0m extension "timescaledb" already exists, skipping
[2m2026-02-13T01:35:19.693079Z[0m [32m INFO[0m [2msqlx::postgres::notice[0m[2m:[0m table "indicators_wide" does not exist, skipping
[2m2026-02-13T01:35:19.719439Z[0m [32m INFO[0m [2mdatabase_lib::init_db[0m[2m:[0m Successfully executed DDL file #6
[2m2026-02-13T01:35:19.719446Z[0m [32m INFO[0m [2mdatabase_lib::init_db[0m[2m:[0m Executing DDL file #7...
[2m2026-02-13T01:35:19.719794Z[0m [32m INFO[0m [2msqlx::postgres::notice[0m[2m:[0m schema "market" already exists, skipping
[2m2026-02-13T01:35:19.719869Z[0m [32m INFO[0m [2msqlx::postgres::notice[0m[2m:[0m extension "timescaledb" already exists, skipping
[2m2026-02-13T01:35:19.720020Z[0m [32m INFO[0m [2msqlx::postgres::notice[0m[2m:[0m table "raw_signals" does not exist, skipping
[2m2026-02-13T01:35:19.742954Z[0m [32m INFO[0m [2mdatabase_lib::init_db[0m[2m:[0m Successfully executed DDL file #7
[2m2026-02-13T01:35:19.742960Z[0m [32m INFO[0m [2mdatabase_lib::init_db[0m[2m:[0m Executing DDL file #8...
[2m2026-02-13T01:35:19.743609Z[0m [32m INFO[0m [2msqlx::postgres::notice[0m[2m:[0m column "symbol" of relation "candles_1m" already exists, skipping
[2m2026-02-13T01:35:19.743896Z[0m [32m INFO[0m [2msqlx::postgres::notice[0m[2m:[0m column "symbol" of relation "candles_5m" already exists, skipping
[2m2026-02-13T01:35:19.744104Z[0m [32m INFO[0m [2msqlx::postgres::notice[0m[2m:[0m column "symbol" of relation "candles_15m" already exists, skipping
[2m2026-02-13T01:35:19.744324Z[0m [32m INFO[0m [2msqlx::postgres::notice[0m[2m:[0m column "symbol" of relation "candles_1h" already exists, skipping
[2m2026-02-13T01:35:19.744511Z[0m [32m INFO[0m [2msqlx::postgres::notice[0m[2m:[0m column "symbol" of relation "candles_4h" already exists, skipping
[2m2026-02-13T01:35:19.744727Z[0m [32m INFO[0m [2msqlx::postgres::notice[0m[2m:[0m column "symbol" of relation "candles_1d" already exists, skipping
[2m2026-02-13T01:35:19.744876Z[0m [32m INFO[0m [2msqlx::postgres::notice[0m[2m:[0m column "symbol" of relation "candles_live" already exists, skipping
[2m2026-02-13T01:35:19.745111Z[0m [32m INFO[0m [2msqlx::postgres::notice[0m[2m:[0m column "symbol" of relation "indicators_wide" already exists, skipping
[2m2026-02-13T01:35:19.745429Z[0m [32m INFO[0m [2msqlx::postgres::notice[0m[2m:[0m column "symbol" of relation "raw_signals" already exists, skipping
[2m2026-02-13T01:35:19.779928Z[0m [32m INFO[0m [2msqlx::postgres::notice[0m[2m:[0m relation "ix_raw_signals_symbol" already exists, skipping
[2m2026-02-13T01:35:19.779965Z[0m [32m INFO[0m [2mdatabase_lib::init_db[0m[2m:[0m Successfully executed DDL file #8
[2m2026-02-13T01:35:19.779968Z[0m [32m INFO[0m [2mdatabase_lib::init_db[0m[2m:[0m Executing DDL file #9...
[2m2026-02-13T01:35:19.856175Z[0m [32m INFO[0m [2mdatabase_lib::init_db[0m[2m:[0m Successfully executed DDL file #9
[2m2026-02-13T01:35:19.856183Z[0m [32m INFO[0m [2mdatabase_lib::init_db[0m[2m:[0m Executing DDL file #10...
[2m2026-02-13T01:35:19.859883Z[0m [32m INFO[0m [2mdatabase_lib::init_db[0m[2m:[0m Successfully executed DDL file #10
[2m2026-02-13T01:35:19.859888Z[0m [32m INFO[0m [2mdatabase_lib::init_db[0m[2m:[0m Executing DDL file #11...
[2m2026-02-13T01:35:19.873331Z[0m [32m INFO[0m [2mdatabase_lib::init_db[0m[2m:[0m Successfully executed DDL file #11
[2m2026-02-13T01:35:19.873341Z[0m [32m INFO[0m [2mdatabase_lib::init_db[0m[2m:[0m Executing DDL file #12...
[2m2026-02-13T01:35:19.882025Z[0m [32m INFO[0m [2msqlx::postgres::notice[0m[2m:[0m default order by for hypertable "candles_1m" is set to ""time" DESC, symbol"
[2m2026-02-13T01:35:19.884438Z[0m [32m INFO[0m [2msqlx::postgres::notice[0m[2m:[0m default order by for hypertable "candles_5m" is set to ""time" DESC, symbol"
[2m2026-02-13T01:35:19.886730Z[0m [32m INFO[0m [2msqlx::postgres::notice[0m[2m:[0m default order by for hypertable "candles_15m" is set to ""time" DESC, symbol"
[2m2026-02-13T01:35:19.889299Z[0m [32m INFO[0m [2msqlx::postgres::notice[0m[2m:[0m default order by for hypertable "candles_1h" is set to ""time" DESC, symbol"
[2m2026-02-13T01:35:19.891947Z[0m [32m INFO[0m [2msqlx::postgres::notice[0m[2m:[0m default order by for hypertable "candles_4h" is set to ""time" DESC, symbol"
[2m2026-02-13T01:35:19.895119Z[0m [32m INFO[0m [2msqlx::postgres::notice[0m[2m:[0m default order by for hypertable "candles_1d" is set to ""time" DESC, symbol"
[2m2026-02-13T01:35:19.896673Z[0m [33m WARN[0m [2msqlx::postgres::notice[0m[2m:[0m compression policy already exists for hypertable "indicators_wide"
[2m2026-02-13T01:35:19.896733Z[0m [32m INFO[0m [2mdatabase_lib::init_db[0m[2m:[0m Successfully executed DDL file #12
[2m2026-02-13T01:35:19.896738Z[0m [32m INFO[0m [2mdatabase_lib::init_db[0m[2m:[0m Executing DDL file #13...
[2m2026-02-13T01:35:19.900309Z[0m [32m INFO[0m [2mdatabase_lib::init_db[0m[2m:[0m Successfully executed DDL file #13
[2m2026-02-13T01:35:19.900313Z[0m [32m INFO[0m [2mdatabase_lib::init_db[0m[2m:[0m Executing DDL file #14...
[2m2026-02-13T01:35:19.911708Z[0m [32m INFO[0m [2mdatabase_lib::init_db[0m[2m:[0m Successfully executed DDL file #14
[2m2026-02-13T01:35:19.911716Z[0m [32m INFO[0m [2mdatabase_lib::init_db[0m[2m:[0m Executing DDL file #15...
[2m2026-02-13T01:35:19.956422Z[0m [32m INFO[0m [2mdatabase_lib::init_db[0m[2m:[0m Successfully executed DDL file #15
[2m2026-02-13T01:35:19.956433Z[0m [32m INFO[0m [2mdatabase_lib::init_db[0m[2m:[0m Database schema initialization completed.
[2m2026-02-13T01:35:19.959110Z[0m [32m INFO[0m [2mdatabase_lib::init_db[0m[2m:[0m Verified that integration_test_data table exists
[2m2026-02-13T01:35:19.959115Z[0m [32m INFO[0m [2mdatabase_lib::init_db[0m[2m:[0m Inserting test data for integration verification...
[2m2026-02-13T01:35:19.960292Z[0m [32m INFO[0m [2mdatabase_lib::init_db[0m[2m:[0m Test data insertion completed successfully
[2m2026-02-13T01:35:19.960298Z[0m [32m INFO[0m [2mdatabase_lib::init_db[0m[2m:[0m Database initialization process completed successfully
[2m[04:35:19][0m [32m✅[0m Database initialization completed successfully.
[2m===========================================[0m
[1m[36mBUILD[0m
[2m===========================================[0m
[2m[04:35:20][0m [33m⚠️[0m rustc changed since last build:
[2m[04:35:20][0m old: <none>
[2m[04:35:20][0m new: rustc 1.92.0 (ded5c06cf 2025-12-08)
[2m[04:35:20][0m Profile: [1mrelease[0m
[2m[04:35:20][0m Targets : [1mconnections ingestor[0m
[1m[92m   Compiling[0m cudarc v0.11.9
[1m[92m   Compiling[0m predictors v0.1.0 (/home/anton/Desktop/Rust_trader/compute/predictors)
[1m[96m    Building[0m [=======================> ] 500/507: predictors(build), cudarc(b…[1m[96m    Building[0m [=======================> ] 501/507: predictors(build), cudarc   [1m[96m    Building[0m [=======================> ] 502/507: cudarc                      [K[1m[92m   Compiling[0m cuda v0.1.0 (/home/anton/Desktop/Rust_trader/cuda)
[1m[96m    Building[0m [=======================> ] 502/507: cudarc, cuda, predictors    [1m[96m    Building[0m [=======================> ] 503/507: cuda, predictors            [1m[96m    Building[0m [=======================> ] 504/507: predictors                  [K[1m[92m   Compiling[0m compute v0.1.0 (/home/anton/Desktop/Rust_trader/compute)
[1m[96m    Building[0m [=======================> ] 504/507: predictors, compute         [1m[96m    Building[0m [=======================> ] 505/507: compute                     [1m[96m    Building[0m [=======================> ] 506/507: compute_history(bin)        [K[1m[92m    Finished[0m ]8;;https://doc.rust-lang.org/cargo/reference/profiles.html#default-profiles\`release` profile [optimized]]8;;\ target(s) in 7.88s
[1m[92m   Compiling[0m predictors v0.1.0 (/home/anton/Desktop/Rust_trader/compute/predictors)
[1m[96m    Building[0m [=======================> ] 489/493: predictors(build)           [1m[96m    Building[0m [=======================> ] 490/493: predictors                  [K[1m[92m   Compiling[0m compute v0.1.0 (/home/anton/Desktop/Rust_trader/compute)
[1m[96m    Building[0m [=======================> ] 490/493: compute, predictors         [1m[96m    Building[0m [=======================> ] 491/493: compute                     [1m[96m    Building[0m [=======================> ] 492/493: compute_realtime(bin)       [K[1m[92m    Finished[0m ]8;;https://doc.rust-lang.org/cargo/reference/profiles.html#default-profiles\`release` profile [optimized]]8;;\ target(s) in 6.62s
[1m[92m    Finished[0m ]8;;https://doc.rust-lang.org/cargo/reference/profiles.html#default-profiles\`release` profile [optimized]]8;;\ target(s) in 0.12s
[1m[92m    Finished[0m ]8;;https://doc.rust-lang.org/cargo/reference/profiles.html#default-profiles\`release` profile [optimized]]8;;\ target(s) in 0.12s
[2m[04:35:35][0m [32m✅[0m Build finished.
[2m===========================================[0m
[1m[36mKAFKA TOPICS SETUP[0m
[2m===========================================[0m
[2m[04:35:35][0m Creating necessary Kafka topics...
TOPIC          STATUS
candles.close  TOPIC_ALREADY_EXISTS: The topic has already been created
  Topic candles.close already exists or error occurred
TOPIC           STATUS
candles.update  TOPIC_ALREADY_EXISTS: The topic has already been created
  Topic candles.update already exists or error occurred
TOPIC             STATUS
indicators.close  TOPIC_ALREADY_EXISTS: The topic has already been created
  Topic indicators.close already exists or error occurred
TOPIC    STATUS
ws_feed  TOPIC_ALREADY_EXISTS: The topic has already been created
  Topic ws_feed already exists or error occurred
TOPIC        STATUS
signals.raw  TOPIC_ALREADY_EXISTS: The topic has already been created
  Topic signals.raw already exists or error occurred
TOPIC          STATUS
signals.final  TOPIC_ALREADY_EXISTS: The topic has already been created
  Topic signals.final already exists or error occurred
TOPIC              STATUS
features.snapshot  TOPIC_ALREADY_EXISTS: The topic has already been created
  Topic features.snapshot already exists or error occurred
TOPIC       STATUS
orders.cmd  TOPIC_ALREADY_EXISTS: The topic has already been created
  Topic orders.cmd already exists or error occurred
TOPIC          STATUS
orders.events  TOPIC_ALREADY_EXISTS: The topic has already been created
  Topic orders.events already exists or error occurred
TOPIC             STATUS
positions.events  TOPIC_ALREADY_EXISTS: The topic has already been created
  Topic positions.events already exists or error occurred
[2m[04:35:35][0m [32m✅[0m Kafka topics setup completed.
[2m===========================================[0m
[1m[36mONESHOT: load_candles[0m
[2m===========================================[0m
[2m[04:35:35][0m Loading historical candles and starting real-time ingestion...
[2m[04:35:35][0m This may take a few minutes depending on the number of pairs...
[2m[04:35:35][0m [33m⚠️[0m Skipping oneshot binaries (ingestor_pairs/load_candles) - not used in current architecture.
[2m===========================================[0m
[1m[36mSTART SERVICES[0m
[2m===========================================[0m
[2m[04:35:35][0m Starting: [1mconnections[0m
[2m[04:35:35][0m   bin: /home/anton/Desktop/Rust_trader/target/release/connections
[2m[04:35:35][0m   log: /home/anton/Desktop/Rust_trader/logs/connections.out
[2m[04:35:35][0m [32m✅[0m Started: [1mconnections[0m pid=480328
[2m[04:35:35][0m Starting: [1mingestor[0m
[2m[04:35:35][0m   bin: /home/anton/Desktop/Rust_trader/target/release/ingestor
[2m[04:35:35][0m   log: /home/anton/Desktop/Rust_trader/logs/ingestor.out
[2m[04:35:35][0m [32m✅[0m Started: [1mingestor[0m pid=480355
[2m===========================================[0m
[1m[36mSTART COMPUTE SERVICES[0m
[2m===========================================[0m
[2m[04:35:35][0m Starting: [1mcompute_history[0m
[2m[04:35:35][0m   bin: /home/anton/Desktop/Rust_trader/target/release/compute_history
[2m[04:35:35][0m   log: /home/anton/Desktop/Rust_trader/logs/compute_history.out
[2m[04:35:35][0m [32m✅[0m Started: [1mcompute_history[0m pid=480379
[2m[04:35:35][0m Starting: [1mcompute_realtime[0m
[2m[04:35:35][0m   bin: /home/anton/Desktop/Rust_trader/target/release/compute_realtime
[2m[04:35:35][0m   log: /home/anton/Desktop/Rust_trader/logs/compute_realtime.out
[2m[04:35:35][0m [32m✅[0m Started: [1mcompute_realtime[0m pid=480394
[2m===========================================[0m
[1m[36mDONE[0m
[2m===========================================[0m
[2m[04:35:35][0m [32m✅[0m START DONE @ Fri 13 Feb 2026 04:35:35 AM MSK
[2m[04:35:35][0m Services: connections ingestor
[2m[04:35:35][0m PIDs in : /home/anton/Desktop/Rust_trader/run
[2m[04:35:35][0m Logs in : /home/anton/Desktop/Rust_trader/logs
[2m===========================================[0m
[1m[36mSTART GRAFANA HEALTHCHECK[0m
[2m===========================================[0m
[2m[04:35:35][0m Starting Grafana for healthcheck monitoring...
healthcheck_prometheus is up-to-date
healthcheck_grafana is up-to-date
[2m[04:35:36][0m [32m✅[0m Grafana started. Access at http://localhost:3001 (admin/admin)
