[1m===========================================[0m
[1m[36mSTART (GPU MODE)[0m
[1m===========================================[0m
[1m[19:59:32][0m ROOT:     [1m/home/anton/Desktop/Rust_trader[0m
[1m[19:59:32][0m LOG :     [1m/home/anton/Desktop/Rust_trader/logs/start_20260221_195932.log[0m
[1m[19:59:32][0m STRATEGY: [1msuper_entry[0m
[1m[19:59:32][0m SUPER ENTRY: [32mENABLED[0m
[2m===========================================[0m
[1m[36mGPU SYSTEM CHECK[0m
[2m===========================================[0m
[2m[19:59:32][0m [32m✅[0m Using CUDA from: /usr/local/cuda-13.1
[2m[19:59:33][0m NVCC Version: Cuda compilation tools, release 13.1, V13.1.115
[2m[19:59:33][0m nvidia-smi available: NVIDIA GeForce RTX 3080 Ti
[2m[19:59:33][0m [32m✅[0m Found libcudnn.so.9
[2m[19:59:33][0m Detected CUDA: 13.1.115 (Req: >= 12.9 for latest XGBoost)
[2m[19:59:33][0m [32m✅[0m GPU system check completed successfully.
[2m===========================================[0m
[1m[36mGPU SYSTEM CHECK[0m
[2m===========================================[0m
[2m[19:59:33][0m [32m✅[0m Using CUDA from: /usr/local/cuda-13.1
[2m[19:59:33][0m NVCC Version: Cuda compilation tools, release 13.1, V13.1.115
[2m[19:59:33][0m nvidia-smi available: NVIDIA GeForce RTX 3080 Ti
[2m[19:59:33][0m [32m✅[0m Found libcudnn.so.9
[2m[19:59:33][0m Detected CUDA: 13.1.115 (Req: >= 12.9 for latest XGBoost)
[2m[19:59:33][0m [32m✅[0m GPU system check completed successfully.
[2m===========================================[0m
[1m[36mINSTALL GPU DEPS (XGBoost)[0m
[2m===========================================[0m
[2m[19:59:33][0m XGBoost not found. Building with CUDA support...
[xgb] root=/home/anton/Desktop/Rust_trader
[xgb] installing deps (ubuntu/debian expected)...
Get:1 file:/var/cuda-repo-ubuntu2404-13-1-local  InRelease [1,572 B]
Get:1 file:/var/cuda-repo-ubuntu2404-13-1-local  InRelease [1,572 B]
Hit:2 http://ru.archive.ubuntu.com/ubuntu noble InRelease
Hit:3 http://ru.archive.ubuntu.com/ubuntu noble-updates InRelease
Hit:4 http://ru.archive.ubuntu.com/ubuntu noble-backports InRelease
Hit:5 https://dl.google.com/linux/chrome/deb stable InRelease
Hit:6 http://security.ubuntu.com/ubuntu noble-security InRelease
Hit:7 https://apt.postgresql.org/pub/repos/apt noble-pgdg InRelease
Hit:8 https://download.docker.com/linux/ubuntu noble InRelease
Hit:9 https://ftp.postgresql.org/pub/pgadmin/pgadmin4/apt/noble pgadmin4 InRelease
Hit:10 https://developer.download.nvidia.com/compute/cuda/repos/ubuntu2004/x86_64  InRelease
Hit:11 https://developer.download.nvidia.com/compute/cuda/repos/ubuntu2404/x86_64  InRelease
Hit:12 https://packagecloud.io/timescale/timescaledb/ubuntu noble InRelease
Reading package lists...
Reading package lists...
Building dependency tree...
Reading state information...
git is already the newest version (1:2.43.0-1ubuntu7.3).
cmake is already the newest version (3.28.3-1build7).
ninja-build is already the newest version (1.11.1-2).
build-essential is already the newest version (12.10ubuntu1).
libomp-dev is already the newest version (1:18.0-59~exp2).
0 upgraded, 0 newly installed, 0 to remove and 48 not upgraded.
HEAD is now at 799126051 Bump version to 3.2.0. (#12004)
CMake Warning:
  Ignoring extra path from command line:

   ".."


CMake Error: The source directory "/home/anton/Desktop/Rust_trader/third_party/xgboost" does not appear to contain CMakeLists.txt.
Specify --help for usage, or press the help button on the CMake GUI.
[2m[19:59:36][0m Loading env: [1m/home/anton/Desktop/Rust_trader/.env[0m
[2m===========================================[0m
[1m[36mINFRASTRUCTURE[0m
[2m===========================================[0m
[2m[19:59:36][0m Starting Docker Compose...
 Container redpanda Running 
 Container timescaledb Running 
 Container redpanda_console Running 
 Container redpanda Waiting 
 Container redpanda Healthy 
[2m[19:59:37][0m Waiting for TCP [1m127.0.0.1:5433[0m (timeout 45s)...
[2m[19:59:37][0m [32m✅[0m TCP ready: 127.0.0.1:5433
[2m[19:59:37][0m Waiting for TCP [1m127.0.0.1:19092[0m (timeout 45s)...
[2m[19:59:37][0m [32m✅[0m TCP ready: 127.0.0.1:19092
[2m===========================================[0m
[1m[36mKAFKA TOPICS[0m
[2m===========================================[0m
TOPIC          STATUS
candles.close  TOPIC_ALREADY_EXISTS: The topic has already been created
TOPIC           STATUS
candles.update  TOPIC_ALREADY_EXISTS: The topic has already been created
TOPIC             STATUS
indicators.close  TOPIC_ALREADY_EXISTS: The topic has already been created
TOPIC    STATUS
ws_feed  TOPIC_ALREADY_EXISTS: The topic has already been created
TOPIC        STATUS
signals.raw  TOPIC_ALREADY_EXISTS: The topic has already been created
TOPIC          STATUS
signals.final  TOPIC_ALREADY_EXISTS: The topic has already been created
TOPIC              STATUS
features.snapshot  TOPIC_ALREADY_EXISTS: The topic has already been created
TOPIC       STATUS
orders.cmd  TOPIC_ALREADY_EXISTS: The topic has already been created
TOPIC          STATUS
orders.events  TOPIC_ALREADY_EXISTS: The topic has already been created
TOPIC             STATUS
positions.events  TOPIC_ALREADY_EXISTS: The topic has already been created
[2m[19:59:38][0m [32m✅[0m Kafka topics ready.
[2m===========================================[0m
[1m[36mDATABASE INITIALIZATION[0m
[2m===========================================[0m
[2m[19:59:38][0m [33m⚠️[0m Database schema missing. Running initialization...
   Compiling proc-macro2 v1.0.106
   Compiling unicode-ident v1.0.23
   Compiling quote v1.0.44
   Compiling libc v0.2.181
   Compiling serde_core v1.0.228
   Compiling cfg-if v1.0.4
   Compiling serde v1.0.228
   Compiling shlex v1.3.0
   Compiling find-msvc-tools v0.1.9
   Compiling stable_deref_trait v1.2.1
   Compiling once_cell v1.21.3
   Compiling typenum v1.19.0
   Compiling pin-project-lite v0.2.16
   Compiling version_check v0.9.5
   Compiling memchr v2.8.0
   Compiling signal-hook v0.3.18
   Compiling pkg-config v0.3.32
   Compiling futures-core v0.3.31
   Compiling zerocopy v0.8.39
   Compiling parking_lot_core v0.9.12
   Compiling crunchy v0.2.4
   Compiling cc v1.2.55
   Compiling scopeguard v1.2.0
   Compiling generic-array v0.14.7
   Compiling litemap v0.8.1
   Compiling writeable v0.6.2
   Compiling equivalent v1.0.2
   Compiling autocfg v1.5.0
   Compiling futures-sink v0.3.31
   Compiling tiny-keccak v2.0.2
   Compiling zmij v1.0.21
   Compiling lock_api v0.4.14
   Compiling icu_properties_data v2.1.2
   Compiling icu_normalizer_data v2.1.1
   Compiling subtle v2.6.1
   Compiling pin-utils v0.1.0
   Compiling ring v0.17.14
   Compiling num-traits v0.2.19
   Compiling futures-channel v0.3.31
   Compiling slab v0.4.12
   Compiling futures-io v0.3.31
   Compiling winnow v0.7.14
   Compiling foldhash v0.1.5
   Compiling zeroize v1.8.2
   Compiling errno v0.3.14
   Compiling os_pipe v1.2.3
   Compiling getrandom v0.2.17
   Compiling allocator-api2 v0.2.21
   Compiling crypto-common v0.1.7
   Compiling block-buffer v0.10.4
   Compiling futures-task v0.3.31
   Compiling serde_json v1.0.149
   Compiling crossbeam-utils v0.8.21
   Compiling hashbrown v0.16.1
   Compiling log v0.4.29
   Compiling rustls-pki-types v1.14.0
   Compiling signal-hook-registry v1.4.8
   Compiling digest v0.10.7
   Compiling socket2 v0.6.2
   Compiling mio v1.1.1
   Compiling hashbrown v0.15.5
   Compiling toml_parser v1.0.8+spec-1.1.0
   Compiling indexmap v2.13.0
   Compiling ppv-lite86 v0.2.21
   Compiling tracing-core v0.1.36
   Compiling ucd-trie v0.1.7
   Compiling bytes v1.11.1
   Compiling toml_datetime v0.7.5+spec-1.1.0
   Compiling itoa v1.0.17
   Compiling vcpkg v0.2.15
   Compiling typeid v1.0.3
   Compiling getrandom v0.3.4
   Compiling hashlink v0.10.0
   Compiling sigchld v0.2.4
   Compiling const-random-macro v0.1.16
   Compiling syn v2.0.115
   Compiling rustversion v1.0.22
   Compiling toml_edit v0.23.10+spec-1.0.0
   Compiling untrusted v0.9.0
   Compiling bitflags v2.10.0
   Compiling pest v2.8.6
   Compiling openssl-sys v0.9.111
   Compiling const-random v0.1.18
   Compiling iana-time-zone v0.1.65
   Compiling rustls v0.23.36
   Compiling thiserror v2.0.18
   Compiling shared_child v1.1.1
   Compiling erased-serde v0.4.9
   Compiling utf8_iter v1.0.4
   Compiling tinyvec_macros v0.1.1
   Compiling percent-encoding v2.3.2
   Compiling proc-macro-crate v3.4.0
   Compiling concurrent-queue v2.5.0
   Compiling webpki-roots v1.0.6
   Compiling dlv-list v0.5.2
   Compiling rand_core v0.9.5
   Compiling rand_core v0.6.4
   Compiling form_urlencoded v1.2.2
   Compiling synstructure v0.13.2
   Compiling serde_derive v1.0.228
   Compiling zerovec-derive v0.11.2
   Compiling displaydoc v0.2.5
   Compiling futures-macro v0.3.31
   Compiling duct v0.13.7
   Compiling tokio-macros v2.6.0
   Compiling tracing-attributes v0.1.31
   Compiling pest_meta v2.8.6
   Compiling num_enum_derive v0.7.5
   Compiling tinyvec v1.10.0
   Compiling thiserror-impl v2.0.18
   Compiling rdkafka-sys v4.10.0+2.12.1
   Compiling crc-catalog v2.4.0
   Compiling zerofrom-derive v0.1.6
   Compiling yoke-derive v0.8.1
   Compiling sasl2-sys v0.1.22+2.1.28
   Compiling pest_generator v2.8.6
   Compiling hashbrown v0.14.5
   Compiling parking v2.2.1
   Compiling cpufeatures v0.2.17
   Compiling pest_derive v2.8.6
   Compiling futures-util v0.3.31
   Compiling ordered-multimap v0.7.3
   Compiling event-listener v5.4.1
   Compiling sha2 v0.10.9
   Compiling num_enum v0.7.5
   Compiling crc v3.4.0
   Compiling unicode-normalization v0.1.25
   Compiling rand_chacha v0.9.0
   Compiling webpki-roots v0.26.11
   Compiling rand_chacha v0.3.1
   Compiling tracing v0.1.44
   Compiling zerofrom v0.1.6
   Compiling crossbeam-queue v0.3.12
   Compiling hmac v0.12.1
   Compiling serde_spanned v1.0.4
   Compiling encoding_rs v0.8.35
   Compiling unicode-segmentation v1.12.0
   Compiling arraydeque v0.5.1
   Compiling rustls-webpki v0.103.9
   Compiling yoke v0.8.1
   Compiling uuid v1.20.0
   Compiling anyhow v1.0.101
   Compiling base64 v0.22.1
   Compiling unicode-bidi v0.3.18
   Compiling regex-syntax v0.8.9
   Compiling unicode-properties v0.1.4
   Compiling toml v0.9.12+spec-1.1.0
   Compiling futures-executor v0.3.31
   Compiling convert_case v0.6.0
   Compiling zerovec v0.11.5
   Compiling zerotrie v0.2.3
   Compiling serde-untagged v0.1.9
   Compiling hkdf v0.12.4
   Compiling rand v0.8.5
   Compiling yaml-rust2 v0.10.4
   Compiling stringprep v0.1.5
   Compiling rand v0.9.2
   Compiling rust-ini v0.21.3
   Compiling async-trait v0.1.89
   Compiling atoi v2.0.0
   Compiling tinystr v0.8.2
   Compiling potential_utf v0.1.4
   Compiling md-5 v0.10.6
   Compiling home v0.5.12
   Compiling regex-automata v0.4.14
   Compiling hex v0.4.3
   Compiling pathdiff v0.2.3
   Compiling whoami v1.6.1
   Compiling byteorder v1.5.0
   Compiling lazy_static v1.5.0
   Compiling icu_locale_core v2.1.1
   Compiling icu_collections v2.1.1
   Compiling dotenvy v0.15.7
   Compiling twox-hash v2.1.2
   Compiling futures v0.3.31
   Compiling tracing-log v0.2.0
   Compiling thread_local v1.1.9
   Compiling nu-ansi-term v0.50.3
   Compiling sharded-slab v0.1.7
   Compiling smallvec v1.15.1
   Compiling chrono v0.4.43
   Compiling either v1.15.0
   Compiling ron v0.12.0
   Compiling json5 v0.4.1
   Compiling bincode v1.3.3
   Compiling matchers v0.2.0
   Compiling icu_provider v2.1.1
   Compiling tracing-subscriber v0.3.22
   Compiling config v0.15.19
   Compiling parking_lot v0.12.5
   Compiling icu_properties v2.1.2
   Compiling icu_normalizer v2.1.1
   Compiling tokio v1.49.0
   Compiling futures-intrusive v0.5.0
   Compiling idna_adapter v1.2.1
   Compiling idna v1.1.0
   Compiling url v2.5.8
   Compiling tokio-stream v0.1.18
