[2m===========================================[0m
[1m[36mSTARTING SERVICES[0m
[2m===========================================[0m
[2m[21:17:19][0m Starting connections...
[2m[21:17:19][0m   bin: /home/anton/Desktop/Rust_trader/target/release/connections
[2m[21:17:19][0m   log: /home/anton/Desktop/Rust_trader/logs/connections.out
[2m[21:17:19][0m [32m✅[0m Started connections (pid 2901346)
[2m[21:17:19][0m Starting ingestor...
[2m[21:17:19][0m   bin: /home/anton/Desktop/Rust_trader/target/release/ingestor
[2m[21:17:19][0m   log: /home/anton/Desktop/Rust_trader/logs/ingestor.out
[2m[21:17:19][0m [32m✅[0m Started ingestor (pid 2901367)
[2m[21:17:19][0m Starting compute_history service...
[2m[21:17:19][0m Starting compute_history...
[2m[21:17:19][0m   bin: /home/anton/Desktop/Rust_trader/target/release/compute_history
[2m[21:17:19][0m   log: /home/anton/Desktop/Rust_trader/logs/compute_history.out
[2m[21:17:19][0m [32m✅[0m Started compute_history (pid 2901398)
[2m[21:17:19][0m Starting compute_realtime service...
[2m[21:17:19][0m Starting compute_realtime...
[2m[21:17:19][0m   bin: /home/anton/Desktop/Rust_trader/target/release/compute_realtime
[2m[21:17:19][0m   log: /home/anton/Desktop/Rust_trader/logs/compute_realtime.out
[2m[21:17:19][0m [32m✅[0m Started compute_realtime (pid 2901424)
[2m===========================================[0m
[1m[36mSTART GRAFANA HEALTHCHECK[0m
[2m===========================================[0m
[2m[21:17:20][0m Starting Grafana for healthcheck monitoring...
[2m[21:17:20][0m [32m✅[0m Grafana started. Access at http://localhost:3001 (admin/admin)
[2m===========================================[0m
[1m[36mALL SERVICES STARTED[0m
[2m===========================================[0m
[2m[21:17:20][0m [32m✅[0m START DONE @ Wed 18 Feb 2026 09:17:20 PM MSK
[2m[21:17:20][0m Services started successfully
[2m[21:17:20][0m PIDs in : /home/anton/Desktop/Rust_trader/run
[2m[21:17:20][0m Logs in : /home/anton/Desktop/Rust_trader/logs
