[2m===========================================[0m
[1m[36mSTART[0m
[2m===========================================[0m
[2m[21:54:28][0m ROOT: [1m/home/anton/Desktop/Rust_trader[0m
[2m[21:54:28][0m LOG : [1m/home/anton/Desktop/Rust_trader/logs/start_20260212_215428.log[0m
[2m[21:54:28][0m Starting sccache server...
sccache: Starting the server...
[2m[21:54:28][0m [32m✅[0m sccache server started
[2m[21:54:28][0m Loading env: [1m/home/anton/Desktop/Rust_trader/.env[0m
[2m===========================================[0m
[1m[36mTOOLCHAIN[0m
[2m===========================================[0m
[2m[21:54:28][0m rustc: rustc 1.92.0 (ded5c06cf 2025-12-08)
[2m[21:54:28][0m cargo: cargo 1.92.0 (344c4567c 2025-10-21)
[2m===========================================[0m
[1m[36mINFRA[0m
[2m===========================================[0m
[2m[21:54:28][0m Compose file: [1minfra/docker-compose.yaml[0m
[2m[21:54:28][0m docker compose up -d --remove-orphans
 Container timescaledb Running 
 Container redpanda Running 
 Container redpanda_console Running 
 Container redpanda Waiting 
 Container redpanda Healthy 
[2m[21:54:29][0m Waiting for TCP [1m127.0.0.1:5433[0m (timeout 45s)...
[2m[21:54:29][0m [32m✅[0m TCP ready: 127.0.0.1:5433
[2m[21:54:29][0m Waiting for TCP [1m127.0.0.1:19092[0m (timeout 45s)...
[2m[21:54:29][0m [32m✅[0m TCP ready: 127.0.0.1:19092
[2m===========================================[0m
[1m[36mDATABASE INITIALIZATION CHECK[0m
[2m===========================================[0m
[2m[21:54:29][0m [32m✅[0m Database is already initialized.
[2m===========================================[0m
[1m[36mBUILD[0m
[2m===========================================[0m
[2m[21:54:29][0m Profile: [1mrelease[0m
[2m[21:54:29][0m Targets : [1mconnections ingestor[0m
[1m[33mwarning[0m[1m: unused variable: `raw_scores_host`[0m
  [1m[94m--> [0mcompute/src/cuda_backend.rs:76:13
   [1m[94m|[0m
[1m[94m76[0m [1m[94m|[0m         let raw_scores_host = device.dtoh_sync_copy(&raw_scores_dev)?;
   [1m[94m|[0m             [1m[33m^^^^^^^^^^^^^^^[0m [1m[33mhelp: if this is intentional, prefix it with an underscore: `_raw_scores_host`[0m
   [1m[94m|[0m
   [1m[94m= [0m[1mnote[0m: `#[warn(unused_variables)]` (part of `#[warn(unused)]`) on by default

[1m[33mwarning[0m[1m: unused variable: `raw_sides_host`[0m
  [1m[94m--> [0mcompute/src/cuda_backend.rs:77:13
   [1m[94m|[0m
[1m[94m77[0m [1m[94m|[0m         let raw_sides_host = device.dtoh_sync_copy(&raw_sides_dev)?;
   [1m[94m|[0m             [1m[33m^^^^^^^^^^^^^^[0m [1m[33mhelp: if this is intentional, prefix it with an underscore: `_raw_sides_host`[0m

[1m[33mwarning[0m: `compute` (lib) generated 2 warnings (run `cargo fix --lib -p compute` to apply 2 suggestions)
[1m[92m   Compiling[0m compute v0.1.0 (/home/anton/Desktop/Rust_trader/compute)
[1m[96m    Building[0m [=======================> ] 506/507: compute_history(bin)        [K[1m[91merror[0m[1m: linking with `clang` failed: exit status: 1[0m
  [1m[94m|[0m
  [1m[94m= [0m[1mnote[0m:  "clang" "-m64" "<1411 object files omitted>" "-Wl,--as-needed" "-Wl,-Bstatic" "/tmp/rustcSFilAE/{libaws_lc_sys-e6505e85ccbd3702,libring-a0f1131e77d9ae57,librdkafka_sys-4975b8ce597e9287}.rlib" "<sysroot>/lib/rustlib/x86_64-unknown-linux-gnu/lib/libcompiler_builtins-*.rlib" "-Wl,-Bdynamic" "-lxgboost" "-ldl" "-lz" "-lsasl2" "-lssl" "-lcrypto" "-lgcc_s" "-lutil" "-lrt" "-lpthread" "-lm" "-ldl" "-lc" "-L" "/tmp/rustcSFilAE/raw-dylibs" "-Wl,--eh-frame-hdr" "-Wl,-z,noexecstack" "-L" "/home/anton/Desktop/Rust_trader/target/release/build/rdkafka-sys-8b56602c7a0f8736/out/src" "-L" "/home/anton/Desktop/Rust_trader/target/release/build/aws-lc-sys-18cd427c4682cd0a/out" "-L" "/home/anton/Desktop/Rust_trader/target/release/build/ring-454f051253ca110d/out" "-L" "/home/anton/Desktop/Rust_trader/third_party/xgboost/install/lib" "-L" "<sysroot>/lib/rustlib/x86_64-unknown-linux-gnu/lib" "-o" "/home/anton/Desktop/Rust_trader/target/release/deps/compute_history-1b66aa6a3045c9ea" "-Wl,--gc-sections" "-pie" "-Wl,-z,relro,-z,now" "-Wl,-O1" "-Wl,--strip-debug" "-nodefaultlibs" "-fuse-ld=mold"
  [1m[94m= [0m[1mnote[0m: some arguments are omitted. use `--verbose` to show all linker arguments
  [1m[94m= [0m[1mnote[0m: mold: fatal: library not found: xgboost
          clang: error: linker command failed with exit code 1 (use -v to see invocation)
          

[1m[96m    Building[0m [=======================> ] 506/507: compute_history(bin)        [K[1m[91merror[0m: could not compile `compute` (bin "compute_history") due to 1 previous error
