[1m===========================================[0m
[1m[36mSTART (GPU MODE)[0m
[1m===========================================[0m
[1m[20:08:15][0m ROOT:     [1m/home/anton/Desktop/Rust_trader[0m
[1m[20:08:15][0m LOG :     [1m/home/anton/Desktop/Rust_trader/logs/start_20260315_200815.log[0m
[1m[20:08:15][0m STRATEGY: [1msuper_entry[0m
[1m[20:08:15][0m SUPER ENTRY: [32mENABLED[0m
[1m[20:08:15][0m SUPER_ENTRY_TIMEFRAMES: [1m15,60,240,1440[0m
[2m===========================================[0m
[1m[36mGPU SYSTEM CHECK[0m
[2m===========================================[0m
[2m[20:08:15][0m [32m✅[0m Using CUDA from: /usr/local/cuda-13.1
[2m[20:08:15][0m NVCC Version: Cuda compilation tools, release 13.1, V13.1.115
[2m[20:08:16][0m nvidia-smi available: NVIDIA GeForce RTX 3080 Ti
[2m[20:08:16][0m [32m✅[0m Found libcudnn.so.9
[2m[20:08:16][0m Detected CUDA: 13.1.115 (Req: >= 12.9 for latest XGBoost)
[2m[20:08:16][0m [32m✅[0m GPU system check completed successfully.
[2m===========================================[0m
[1m[36mGPU SYSTEM CHECK[0m
[2m===========================================[0m
[2m[20:08:16][0m [32m✅[0m Using CUDA from: /usr/local/cuda-13.1
[2m[20:08:16][0m NVCC Version: Cuda compilation tools, release 13.1, V13.1.115
[2m[20:08:16][0m nvidia-smi available: NVIDIA GeForce RTX 3080 Ti
[2m[20:08:16][0m [32m✅[0m Found libcudnn.so.9
[2m[20:08:16][0m Detected CUDA: 13.1.115 (Req: >= 12.9 for latest XGBoost)
[2m[20:08:16][0m [32m✅[0m GPU system check completed successfully.
[2m===========================================[0m
[1m[36mINSTALL GPU DEPS (XGBoost)[0m
[2m===========================================[0m
[2m[20:08:16][0m XGBoost not found. Building with CUDA support...
[xgb] root=/home/anton/Desktop/Rust_trader
[xgb] installing deps (ubuntu/debian expected)...
Get:1 file:/var/cuda-repo-ubuntu2404-13-1-local  InRelease [1,572 B]
Get:1 file:/var/cuda-repo-ubuntu2404-13-1-local  InRelease [1,572 B]
Hit:2 http://ru.archive.ubuntu.com/ubuntu noble InRelease
Get:3 http://ru.archive.ubuntu.com/ubuntu noble-updates InRelease [126 kB]
Get:4 http://ru.archive.ubuntu.com/ubuntu noble-backports InRelease [126 kB]
Hit:5 https://dl.google.com/linux/chrome/deb stable InRelease
Hit:6 https://ftp.postgresql.org/pub/pgadmin/pgadmin4/apt/noble pgadmin4 InRelease
Get:7 https://apt.postgresql.org/pub/repos/apt noble-pgdg InRelease [180 kB]
Get:8 http://ru.archive.ubuntu.com/ubuntu noble-updates/main amd64 Components [177 kB]
Get:9 http://security.ubuntu.com/ubuntu noble-security InRelease [126 kB]
Hit:10 https://download.docker.com/linux/ubuntu noble InRelease
Get:11 http://ru.archive.ubuntu.com/ubuntu noble-updates/restricted amd64 Components [212 B]
Get:12 http://ru.archive.ubuntu.com/ubuntu noble-updates/universe amd64 Components [386 kB]
Get:13 http://ru.archive.ubuntu.com/ubuntu noble-updates/multiverse amd64 Components [940 B]
Get:14 http://ru.archive.ubuntu.com/ubuntu noble-backports/main amd64 Components [7,368 B]
Get:15 http://ru.archive.ubuntu.com/ubuntu noble-backports/restricted amd64 Components [216 B]
Get:16 http://ru.archive.ubuntu.com/ubuntu noble-backports/universe amd64 Components [13.2 kB]
Get:17 http://ru.archive.ubuntu.com/ubuntu noble-backports/multiverse amd64 Components [212 B]
Get:18 https://apt.postgresql.org/pub/repos/apt noble-pgdg/main amd64 Packages [433 kB]
Get:19 http://security.ubuntu.com/ubuntu noble-security/main amd64 Components [21.6 kB]
Get:20 http://security.ubuntu.com/ubuntu noble-security/restricted amd64 Components [212 B]
Get:21 http://security.ubuntu.com/ubuntu noble-security/universe amd64 Components [74.2 kB]
Get:22 http://security.ubuntu.com/ubuntu noble-security/multiverse amd64 Components [212 B]
Hit:23 https://developer.download.nvidia.com/compute/cuda/repos/ubuntu2004/x86_64  InRelease
Hit:24 https://developer.download.nvidia.com/compute/cuda/repos/ubuntu2404/x86_64  InRelease
Hit:25 https://packagecloud.io/timescale/timescaledb/ubuntu noble InRelease
Fetched 1,673 kB in 2s (997 kB/s)
Reading package lists...
Reading package lists...
Building dependency tree...
Reading state information...
git is already the newest version (1:2.43.0-1ubuntu7.3).
cmake is already the newest version (3.28.3-1build7).
ninja-build is already the newest version (1.11.1-2).
build-essential is already the newest version (12.10ubuntu1).
libomp-dev is already the newest version (1:18.0-59~exp2).
0 upgraded, 0 newly installed, 0 to remove and 15 not upgraded.
From https://github.com/dmlc/xgboost
   4f18c88e0..de523b295  master     -> origin/master
HEAD is now at 799126051 Bump version to 3.2.0. (#12004)
CMake Warning:
  Ignoring extra path from command line:

   ".."


CMake Error: The source directory "/home/anton/Desktop/Rust_trader/third_party/xgboost" does not appear to contain CMakeLists.txt.
Specify --help for usage, or press the help button on the CMake GUI.
[2m[20:08:27][0m Loading env: [1m/home/anton/Desktop/Rust_trader/.env[0m
[2m===========================================[0m
[1m[36mINFRASTRUCTURE[0m
[2m===========================================[0m
[2m[20:08:27][0m Starting Docker Compose...
 Container redpanda Running 
 Container timescaledb Running 
 Container redpanda_console Running 
 Container redpanda Waiting 
 Container redpanda Healthy 
[2m[20:08:27][0m Waiting for TCP [1m127.0.0.1:5433[0m (timeout 45s)...
[2m[20:08:27][0m [32m✅[0m TCP ready: 127.0.0.1:5433
[2m[20:08:27][0m Waiting for TCP [1m127.0.0.1:19092[0m (timeout 45s)...
[2m[20:08:27][0m [32m✅[0m TCP ready: 127.0.0.1:19092
[2m===========================================[0m
[1m[36mKAFKA TOPICS[0m
[2m===========================================[0m
TOPIC          STATUS
candles.close  TOPIC_ALREADY_EXISTS: The topic has already been created
TOPIC           STATUS
candles.update  TOPIC_ALREADY_EXISTS: The topic has already been created
TOPIC             STATUS
indicators.close  TOPIC_ALREADY_EXISTS: The topic has already been created
TOPIC    STATUS
ws_feed  TOPIC_ALREADY_EXISTS: The topic has already been created
TOPIC        STATUS
signals.raw  TOPIC_ALREADY_EXISTS: The topic has already been created
TOPIC          STATUS
signals.final  TOPIC_ALREADY_EXISTS: The topic has already been created
TOPIC              STATUS
features.snapshot  TOPIC_ALREADY_EXISTS: The topic has already been created
TOPIC       STATUS
orders.cmd  TOPIC_ALREADY_EXISTS: The topic has already been created
TOPIC          STATUS
orders.events  TOPIC_ALREADY_EXISTS: The topic has already been created
TOPIC             STATUS
positions.events  TOPIC_ALREADY_EXISTS: The topic has already been created
[2m[20:08:28][0m [32m✅[0m Kafka topics ready.
[2m===========================================[0m
[1m[36mDATABASE INITIALIZATION[0m
[2m===========================================[0m
[2m[20:08:28][0m [32m✅[0m Database already initialized.
[2m===========================================[0m
[1m[36mBUILD (GPU MODE)[0m
[2m===========================================[0m
[2m[20:08:28][0m [32m✅[0m All binaries already built. Skipping build.
[2m===========================================[0m
[1m[36mSTARTING SERVICES[0m
[2m===========================================[0m
[2m[20:08:28][0m Starting connections...
[2m[20:08:28][0m   bin: /home/anton/Desktop/Rust_trader/target/release/connections
[2m[20:08:28][0m   log: /home/anton/Desktop/Rust_trader/logs/connections.out
[2m[20:08:28][0m [32m✅[0m Started connections (pid 280175)
[2m[20:08:28][0m Starting ingestor...
[2m[20:08:28][0m   bin: /home/anton/Desktop/Rust_trader/target/release/ingestor
[2m[20:08:28][0m   log: /home/anton/Desktop/Rust_trader/logs/ingestor.out
[2m[20:08:28][0m [32m✅[0m Started ingestor (pid 280180)
[2m[20:08:28][0m Starting compute_history service...
[2m[20:08:28][0m Starting compute_history...
[2m[20:08:28][0m   bin: /home/anton/Desktop/Rust_trader/target/release/compute_history
[2m[20:08:28][0m   log: /home/anton/Desktop/Rust_trader/logs/compute_history.out
[2m[20:08:28][0m [32m✅[0m Started compute_history (pid 280202)
[2m[20:08:28][0m Starting compute_realtime service...
[2m[20:08:28][0m Starting compute_realtime...
[2m[20:08:28][0m   bin: /home/anton/Desktop/Rust_trader/target/release/compute_realtime
[2m[20:08:28][0m   log: /home/anton/Desktop/Rust_trader/logs/compute_realtime.out
[2m[20:08:28][0m [32m✅[0m Started compute_realtime (pid 280224)
[2m===========================================[0m
[1m[36mSTART GRAFANA HEALTHCHECK[0m
[2m===========================================[0m
[2m[20:08:28][0m Starting Grafana for healthcheck monitoring...
[2m[20:08:28][0m [32m✅[0m Grafana started. Access at http://localhost:3001 (admin/admin)
[2m[20:08:28][0m Active strategy: super_entry
[2m===========================================[0m
[1m[36mSUPER ENTRY STRATEGY[0m
[2m===========================================[0m
[2m[20:08:28][0m Super Entry strategy active
[2m[20:08:28][0m   History: ZERO-COPY pipeline in compute_history (GPU→indicators→XGBoost→DB)
[2m[20:08:28][0m   Realtime: SuperEntryStage in compute_realtime (single-candle inference)
[2m[20:08:28][0m   Predictors/trade_signals pipeline: SKIPPED
[2m[20:08:28][0m   NOTE: Must have models in models/super_entry_v1_tf{X}.ubj
[2m===========================================[0m
[1m[36mORDER MANAGER[0m
[2m===========================================[0m
[2m[20:08:28][0m Starting order_manager service...
[2m[20:08:28][0m Starting order_manager...
[2m[20:08:28][0m   bin: /home/anton/Desktop/Rust_trader/target/release/order_manager
[2m[20:08:28][0m   log: /home/anton/Desktop/Rust_trader/logs/order_manager.out
[2m[20:08:28][0m [32m✅[0m Started order_manager (pid 280332)
[2m===========================================[0m
[1m[36mALL SERVICES STARTED[0m
[2m===========================================[0m
[2m[20:08:28][0m [32m✅[0m START DONE @ Sun 15 Mar 2026 08:08:28 PM MSK
[2m[20:08:28][0m Services started successfully
[2m[20:08:28][0m PIDs in : /home/anton/Desktop/Rust_trader/run
[2m[20:08:28][0m Logs in : /home/anton/Desktop/Rust_trader/logs
[1m===========================================[0m
[1m[36mSUPER ENTRY STRATEGY[0m
[1m===========================================[0m
[1m[20:08:28][0m Super Entry strategy is ENABLED
[1m[20:08:28][0m   History backfill: integrated into compute_history (batch mode after indicators)
[1m[20:08:28][0m   Realtime signals: integrated into compute_realtime (super_entry_stage)
[1m[20:08:28][0m   NOTE: For backtesting, run separately: ./scripts/super_entry_backtester.sh
[1m[20:08:28][0m [32m✅[0m Super Entry integrated into compute pipeline

[1;32mGPU BOT STARTED SUCCESSFULLY[0m
Active strategy: super_entry
Super Entry: [1;32mENABLED[0m
