===========================================
STOP @ Sun 01 Feb 2026 10:25:00 PM MSK
ROOT: /home/anton/Desktop/Whitelist
LOG : /home/anton/Desktop/Whitelist/logs/stop_20260201_222500.log
===========================================
Loading env: /home/anton/Desktop/Whitelist/.env
No pidfiles in /home/anton/Desktop/Whitelist/run. Nothing to stop via pidfiles.
Leaving infra running (use --down to stop docker compose).
Stopping healthcheck Grafana services...
Stopping sccache server...
Stopping sccache server...
Compile requests                   2710
Compile requests executed          2138
Cache hits                         2111
Cache hits (C/C++)                  819
Cache hits (Rust)                  1292
Cache misses                         15
Cache misses (Rust)                  15
Cache timeouts                        0
Cache read errors                     0
Forced recaches                       0
Cache write errors                    0
Compilation failures                 12
Cache errors                          0
Non-cacheable compilations            0
Non-cacheable calls                 560
Non-compilation calls                12
Unsupported compiler calls            0
Average cache write               0.002 s
Average compiler                  1.769 s
Average cache read hit            0.002 s
Failed distributed compilations       0

Non-cacheable reasons:
unknown source language             309
crate-type                          180
incremental                          49
-                                     9
missing input                         7
-E                                    6

Cache location                  Local disk: "/home/anton/.cache/sccache"
Use direct/preprocessor mode?   yes
Version (client)                0.7.7
Cache size                            1 GiB
Max cache size                       10 GiB
sccache server stopped
===========================================
STOP DONE @ Sun 01 Feb 2026 10:25:00 PM MSK
Logs in : /home/anton/Desktop/Whitelist/logs
===========================================
