===========================================
STOP @ Wed 11 Feb 2026 09:11:46 AM MSK
ROOT: /home/anton/Desktop/Rust_trader
LOG : /home/anton/Desktop/Rust_trader/logs/stop_20260211_091146.log
===========================================
Loading env: /home/anton/Desktop/Rust_trader/.env
No pidfiles in /home/anton/Desktop/Rust_trader/run. Nothing to stop via pidfiles.
Leaving infra running (use --down to stop docker compose).
Stopping healthcheck Grafana services...
Removing network grafana_healthcheck_net
Network grafana_healthcheck_net not found.
Stopping sccache server...
Stopping sccache server...
Compile requests                      2
Compile requests executed             0
Cache hits                            0
Cache misses                          0
Cache timeouts                        0
Cache read errors                     0
Forced recaches                       0
Cache write errors                    0
Compilation failures                  0
Cache errors                          0
Non-cacheable compilations            0
Non-cacheable calls                   2
Non-compilation calls                 0
Unsupported compiler calls            0
Average cache write               0.000 s
Average compiler                  0.000 s
Average cache read hit            0.000 s
Failed distributed compilations       0

Non-cacheable reasons:
missing input                         2

Cache location                  Local disk: "/home/anton/.cache/sccache"
Use direct/preprocessor mode?   yes
Version (client)                0.7.7
Max cache size                       10 GiB
sccache server stopped
===========================================
STOP DONE @ Wed 11 Feb 2026 09:11:46 AM MSK
Logs in : /home/anton/Desktop/Rust_trader/logs
===========================================
