===========================================
STOP @ Sun 01 Feb 2026 04:55:13 AM MSK
ROOT: /home/anton/Desktop/Whitelist
LOG : /home/anton/Desktop/Whitelist/logs/stop_20260201_045513.log
===========================================
Loading env: /home/anton/Desktop/Whitelist/.env
No pidfiles in /home/anton/Desktop/Whitelist/run. Nothing to stop via pidfiles.
Leaving infra running (use --down to stop docker compose).
Stopping healthcheck Grafana services...
 Container healthcheck_grafana Stopping 
 Container healthcheck_grafana Stopped 
 Container healthcheck_grafana Removing 
 Container healthcheck_grafana Removed 
 Container healthcheck_prometheus Stopping 
 Container healthcheck_prometheus Stopped 
 Container healthcheck_prometheus Removing 
 Container healthcheck_prometheus Removed 
 Network grafana_healthcheck_net Removing 
 Network grafana_healthcheck_net Removed 
Stopping sccache server...
Stopping sccache server...
Compile requests                     772
Compile requests executed            590
Cache hits                           586
Cache hits (C/C++)                   289
Cache hits (Rust)                    297
Cache misses                           1
Cache misses (Rust)                    1
Cache timeouts                         0
Cache read errors                      0
Forced recaches                        0
Cache write errors                     0
Compilation failures                   3
Cache errors                           0
Non-cacheable compilations             0
Non-cacheable calls                  177
Non-compilation calls                  5
Unsupported compiler calls             0
Average cache write                0.009 s
Average compiler                  11.092 s
Average cache read hit             0.001 s
Failed distributed compilations        0

Non-cacheable reasons:
unknown source language              117
crate-type                            53
-                                      3
missing input                          2
-E                                     2

Cache location                  Local disk: "/home/anton/.cache/sccache"
Use direct/preprocessor mode?   yes
Version (client)                0.7.7
Cache size                           586 MiB
Max cache size                        10 GiB
sccache server stopped
===========================================
STOP DONE @ Sun 01 Feb 2026 04:55:14 AM MSK
Logs in : /home/anton/Desktop/Whitelist/logs
===========================================
