===========================================
STOP @ Fri 06 Feb 2026 08:46:49 PM MSK
ROOT: /home/anton/Desktop/Rust_trader
LOG : /home/anton/Desktop/Rust_trader/logs/stop_20260206_204649.log
===========================================
Loading env: /home/anton/Desktop/Rust_trader/.env
Stopping compute pid=300731 (TERM)...
Stopped: compute
Stopping connections pid=300678 (TERM)...
Stopped: connections
Stopping ingestor pid=300704 (TERM)...
Stopped: ingestor
Leaving infra running (use --down to stop docker compose).
Stopping healthcheck Grafana services...
Stopping healthcheck_grafana    ... 
Stopping healthcheck_prometheus ... 
Stopping healthcheck_grafana    ... done
Stopping healthcheck_prometheus ... done
Removing healthcheck_grafana    ... 
Removing healthcheck_prometheus ... 
Removing healthcheck_prometheus ... done
Removing healthcheck_grafana    ... done
Removing network grafana_healthcheck_net
Stopping sccache server...
Stopping sccache server...
Compile requests                    942
Compile requests executed           732
Cache hits                          718
Cache hits (C/C++)                  305
Cache hits (Rust)                   413
Cache misses                          9
Cache misses (Rust)                   9
Cache timeouts                        0
Cache read errors                     0
Forced recaches                       0
Cache write errors                    0
Compilation failures                  5
Cache errors                          0
Non-cacheable compilations            0
Non-cacheable calls                 204
Non-compilation calls                 6
Unsupported compiler calls            0
Average cache write               0.001 s
Average compiler                  1.444 s
Average cache read hit            0.002 s
Failed distributed compilations       0

Non-cacheable reasons:
unknown source language             131
crate-type                           62
-                                     5
-E                                    4
missing input                         2

Cache location                  Local disk: "/home/anton/.cache/sccache"
Use direct/preprocessor mode?   yes
Version (client)                0.7.7
Cache size                            3 GiB
Max cache size                       10 GiB
sccache server stopped
===========================================
STOP DONE @ Fri 06 Feb 2026 08:46:53 PM MSK
Logs in : /home/anton/Desktop/Rust_trader/logs
===========================================
