===========================================
STOP @ Tue 03 Feb 2026 09:40:03 PM MSK
ROOT: /home/anton/Desktop/Rust_trader
LOG : /home/anton/Desktop/Rust_trader/logs/stop_20260203_214003.log
===========================================
Loading env: /home/anton/Desktop/Rust_trader/.env
Stopping compute pid=1366925 (TERM)...
Stopped: compute
Stopping connections pid=1366872 (TERM)...
Stopped: connections
Stopping ingestor pid=1366899 (TERM)...
Stopped: ingestor
Leaving infra running (use --down to stop docker compose).
Stopping healthcheck Grafana services...
Stopping healthcheck_grafana    ... 
Stopping healthcheck_prometheus ... 
Stopping healthcheck_grafana    ... done
Stopping healthcheck_prometheus ... done
Removing healthcheck_grafana    ... 
Removing healthcheck_prometheus ... 
Removing healthcheck_grafana    ... done
Removing healthcheck_prometheus ... done
Removing network grafana_healthcheck_net
Stopping sccache server...
Stopping sccache server...
Compile requests                    930
Compile requests executed           723
Cache hits                          717
Cache hits (C/C++)                  305
Cache hits (Rust)                   412
Cache misses                          1
Cache misses (Rust)                   1
Cache timeouts                        0
Cache read errors                     0
Forced recaches                       0
Cache write errors                    0
Compilation failures                  5
Cache errors                          0
Non-cacheable compilations            0
Non-cacheable calls                 200
Non-compilation calls                 7
Unsupported compiler calls            0
Average cache write               0.000 s
Average compiler                  0.749 s
Average cache read hit            0.002 s
Failed distributed compilations       0

Non-cacheable reasons:
unknown source language             131
crate-type                           60
-                                     5
-E                                    2
missing input                         2

Cache location                  Local disk: "/home/anton/.cache/sccache"
Use direct/preprocessor mode?   yes
Version (client)                0.7.7
Cache size                            1 GiB
Max cache size                       10 GiB
sccache server stopped
===========================================
STOP DONE @ Tue 03 Feb 2026 09:40:07 PM MSK
Logs in : /home/anton/Desktop/Rust_trader/logs
===========================================
