===========================================
STOP @ Wed 11 Feb 2026 02:04:43 AM MSK
ROOT: /home/anton/Desktop/Rust_trader
LOG : /home/anton/Desktop/Rust_trader/logs/stop_20260211_020443.log
===========================================
Loading env: /home/anton/Desktop/Rust_trader/.env
Stopping compute pid=2045074 (TERM)...
Stopped: compute
Stopping connections pid=2045021 (TERM)...
Stopped: connections
Stopping ingestor pid=2045048 (TERM)...
Stopped: ingestor
Leaving infra running (use --down to stop docker compose).
Stopping healthcheck Grafana services...
Stopping healthcheck_grafana    ... 
Stopping healthcheck_prometheus ... 
Stopping healthcheck_grafana    ... done
Stopping healthcheck_prometheus ... done
Removing healthcheck_grafana    ... 
Removing healthcheck_prometheus ... 
Removing healthcheck_prometheus ... done
Removing healthcheck_grafana    ... done
Removing network grafana_healthcheck_net
Stopping sccache server...
Stopping sccache server...
Compile requests                    994
Compile requests executed           770
Cache hits                          765
Cache hits (C/C++)                  305
Cache hits (Rust)                   460
Cache misses                          0
Cache timeouts                        0
Cache read errors                     0
Forced recaches                       0
Cache write errors                    0
Compilation failures                  5
Cache errors                          0
Non-cacheable compilations            0
Non-cacheable calls                 217
Non-compilation calls                 7
Unsupported compiler calls            0
Average cache write               0.000 s
Average compiler                  0.000 s
Average cache read hit            0.002 s
Failed distributed compilations       0

Non-cacheable reasons:
unknown source language             131
crate-type                           69
-                                     7
-E                                    5
missing input                         5

Cache location                  Local disk: "/home/anton/.cache/sccache"
Use direct/preprocessor mode?   yes
Version (client)                0.7.7
Cache size                            5 GiB
Max cache size                       10 GiB
sccache server stopped
===========================================
STOP DONE @ Wed 11 Feb 2026 02:04:47 AM MSK
Logs in : /home/anton/Desktop/Rust_trader/logs
===========================================
