===========================================
STOP @ Fri 06 Feb 2026 01:11:18 PM MSK
ROOT: /home/anton/Desktop/Rust_trader
LOG : /home/anton/Desktop/Rust_trader/logs/stop_20260206_131118.log
===========================================
Loading env: /home/anton/Desktop/Rust_trader/.env
Stopping compute pid=755637 (TERM)...
Stopped: compute
Stopping connections pid=755584 (TERM)...
Stopped: connections
Stopping ingestor pid=755612 (TERM)...
Stopped: ingestor
Leaving infra running (use --down to stop docker compose).
Stopping healthcheck Grafana services...
Stopping healthcheck_grafana    ... 
Stopping healthcheck_prometheus ... 
Stopping healthcheck_grafana    ... done
Stopping healthcheck_prometheus ... done
Removing healthcheck_grafana    ... 
Removing healthcheck_prometheus ... 
Removing healthcheck_grafana    ... done
Removing healthcheck_prometheus ... done
Removing network grafana_healthcheck_net
Stopping sccache server...
Stopping sccache server...
sccache: error: couldn't connect to server
sccache: caused by: Connection refused (os error 111)
sccache server stopped
===========================================
STOP DONE @ Fri 06 Feb 2026 01:11:22 PM MSK
Logs in : /home/anton/Desktop/Rust_trader/logs
===========================================
