╔═════════════════════════════════════════════════════════════════════════╗
║  Walk-Forward Optimization — Super Entry Strategy                      ║
╚═════════════════════════════════════════════════════════════════════════╝

Loading dataset from dataset/super_entry_dataset.csv...
  Loaded 5,301,452 rows, 115 columns in 32.8s

  Dataset overview:
    TF     1m:   705,925 rows, 151 symbols, super=22.0%  [2026-03-10..2026-03-13] ◄
    TF     5m:   783,310 rows, 151 symbols, super=21.9%  [2026-02-25..2026-03-15] ◄
    TF    15m: 1,670,190 rows, 151 symbols, super=34.2%  [2025-11-11..2026-03-15] ◄
    TF    60m: 1,324,534 rows, 149 symbols, super=54.8%  [2024-11-11..2026-03-14] ◄
    TF   240m:   725,560 rows, 144 symbols, super=66.2%  [2020-11-09..2026-03-09] ◄
    TF  1440m:    91,933 rows, 102 symbols, super=77.4%  [2020-07-04..2026-02-15] ◄

═══════════════════════════════════════════════════════════════════════════
  WFO TRAINING — TF 1m
  1m: very short history, 2 folds — limited statistical power
  Data: 705925 rows, 151 symbols
  Folds: 2 × 0.75d test, min_train=1.5d
  Purge: 25 bars × 1min = 0.4h
  Embargo: 50 bars × 1min = 0.8h
═══════════════════════════════════════════════════════════════════════════

  2 Walk-Forward folds:
    Fold 0: Train [2026-03-10 → 2026-03-12] (2d) | Test [2026-03-12 → 2026-03-12] (1d)
    Fold 1: Train [2026-03-10 → 2026-03-12] (3d) | Test [2026-03-12 → 2026-03-13] (1d)

  ── Fold 0/1 ──
    Train: 384393 rows, 151 symbols, super=22.2%
    Test:  155681 rows, 151 symbols, super=21.0%
    Training P(super) fold 0... (train=384393, test=155681, pos=85162/384393 = 22.2%)
      → AUC=0.8228  P=0.4567  R=0.7263  F1=0.5608  LogLoss=0.5066  (trees=475)
    Direction: training on 317233 clear-direction examples (from 384393 total, ratio>1.5 filter)
    Training P(dir) fold 0... (train=317233, test=127801, pos=160734/317233 = 50.7%)
      → AUC=0.5478  P=0.5515  R=0.5176  F1=0.5340  LogLoss=0.6893  (trees=89)

  ── Fold 1/1 ──
    Train: 547473 rows, 151 symbols, super=21.8%
    Test:  147278 rows, 151 symbols, super=23.0%
    Training P(super) fold 1... (train=547473, test=147278, pos=119251/547473 = 21.8%)
      → AUC=0.7872  P=0.4427  R=0.6979  F1=0.5418  LogLoss=0.5518  (trees=132)
    Direction: training on 451386 clear-direction examples (from 547473 total, ratio>1.5 filter)
    Training P(dir) fold 1... (train=451386, test=121985, pos=229205/451386 = 50.8%)
      → AUC=0.5220  P=0.5503  R=0.4771  F1=0.5111  LogLoss=0.6933  (trees=26)

  ────────────────────────────────────────────────────────────
  WFO Aggregate Out-of-Sample Metrics — TF 1m
  ────────────────────────────────────────────────────────────
    P(super) (across 2 folds, 302959 OOS samples):
      auc           0.8050 ± 0.0178  [0.7872 .. 0.8228]  CV=0.022
      precision     0.4497 ± 0.0070  [0.4427 .. 0.4567]  CV=0.016
      recall        0.7121 ± 0.0142  [0.6979 .. 0.7263]  CV=0.020
      f1            0.5513 ± 0.0095  [0.5418 .. 0.5608]  CV=0.017
      logloss       0.5292 ± 0.0226  [0.5066 .. 0.5518]  CV=0.043
    P(direction) (across 2 folds, 249786 OOS samples):
      auc           0.5349 ± 0.0129  [0.5220 .. 0.5478]  CV=0.024
      precision     0.5509 ± 0.0006  [0.5503 .. 0.5515]  CV=0.001
      recall        0.4973 ± 0.0203  [0.4771 .. 0.5176]  CV=0.041
      f1            0.5225 ± 0.0115  [0.5111 .. 0.5340]  CV=0.022
      logloss       0.6913 ± 0.0020  [0.6893 .. 0.6933]  CV=0.003

    Stable features P(super) (appeared in top-5 across 2 folds):
      ema20_direction_lb15                 2/2 folds
      price_return_lb50                    2/2 folds
      price_return_lb25                    2/2 folds
      price_accel                          2/2 folds
      ema20_direction_lb25                 2/2 folds
    Stable features P(dir) (appeared in top-5 across 2 folds):
      price_return_lb10                    2/2 folds
      price_return_lb3                     2/2 folds
      ema20_direction_lb10                 2/2 folds
      price_return_lb50                    1/2 folds
      ema20_direction_lb15                 1/2 folds
      ema20_direction_lb5                  1/2 folds
      price_return_lb5                     1/2 folds

  ── FINAL model (trained on ALL data) ──
    Training FINAL P(super)... (train=635333, test=70592, pos=142534/635333 = 22.4%)
      → AUC=0.7643  P=0.4156  R=0.5715  F1=0.4812  LogLoss=0.5141  (trees=110)
    ✅ Saved: models/super_entry_v1_tf1.ubj
    Training FINAL P(dir)... (train=524335, test=58259, pos=269094/524335 = 51.3%)
      → AUC=0.5427  P=0.5561  R=0.5157  F1=0.5351  LogLoss=0.6905  (trees=112)
    ✅ Saved: models/super_dir_v1_tf1.ubj

  📊 WFO report saved: models/wfo_report_tf1.json
  ⏱️  Elapsed: 59.1s

═══════════════════════════════════════════════════════════════════════════
  WFO TRAINING — TF 5m
  5m: 18 days, 3 folds with expanding window
  Data: 783310 rows, 151 symbols
  Folds: 3 × 3.5d test, min_train=6.0d
  Purge: 25 bars × 5min = 2.1h
  Embargo: 50 bars × 5min = 4.2h
═══════════════════════════════════════════════════════════════════════════

  3 Walk-Forward folds:
    Fold 0: Train [2026-02-25 → 2026-03-04] (8d) | Test [2026-03-04 → 2026-03-08] (4d)
    Fold 1: Train [2026-02-25 → 2026-03-08] (11d) | Test [2026-03-08 → 2026-03-11] (4d)
    Fold 2: Train [2026-02-25 → 2026-03-11] (15d) | Test [2026-03-11 → 2026-03-15] (4d)

  ── Fold 0/2 ──
    Train: 324777 rows, 150 symbols, super=26.1%
    Test:  144710 rows, 151 symbols, super=17.6%
    Training P(super) fold 0... (train=324777, test=144710, pos=84640/324777 = 26.1%)
      → AUC=0.8006  P=0.4309  R=0.6571  F1=0.5205  LogLoss=0.5486  (trees=202)
    Direction: training on 271956 clear-direction examples (from 324777 total, ratio>1.5 filter)
    Training P(dir) fold 0... (train=271956, test=118334, pos=136304/271956 = 50.1%)
      → AUC=0.5193  P=0.4480  R=0.4171  F1=0.4320  LogLoss=0.6931  (trees=38)

  ── Fold 1/2 ──
    Train: 476812 rows, 151 symbols, super=23.3%
    Test:  144809 rows, 151 symbols, super=20.4%
    Training P(super) fold 1... (train=476812, test=144809, pos=111218/476812 = 23.3%)
      → AUC=0.7943  P=0.4237  R=0.6838  F1=0.5232  LogLoss=0.5647  (trees=126)
    Direction: training on 396425 clear-direction examples (from 476812 total, ratio>1.5 filter)
    Training P(dir) fold 1... (train=396425, test=118986, pos=188144/396425 = 47.5%)
      → AUC=0.4652  P=0.5072  R=0.4584  F1=0.4816  LogLoss=0.7019  (trees=1)

  ── Fold 2/2 ──
    Train: 629020 rows, 151 symbols, super=22.6%
    Test:  143116 rows, 151 symbols, super=19.2%
    Training P(super) fold 2... (train=629020, test=143116, pos=142090/629020 = 22.6%)
      → AUC=0.8138  P=0.4377  R=0.6865  F1=0.5346  LogLoss=0.5267  (trees=294)
    Direction: training on 521592 clear-direction examples (from 629020 total, ratio>1.5 filter)
    Training P(dir) fold 2... (train=521592, test=119157, pos=255269/521592 = 48.9%)
      → AUC=0.4891  P=0.5223  R=0.4296  F1=0.4714  LogLoss=0.6968  (trees=1)

  ────────────────────────────────────────────────────────────
  WFO Aggregate Out-of-Sample Metrics — TF 5m
  ────────────────────────────────────────────────────────────
    P(super) (across 3 folds, 432635 OOS samples):
      auc           0.8029 ± 0.0081  [0.7943 .. 0.8138]  CV=0.010  trend=↑0.0066/fold
      precision     0.4308 ± 0.0057  [0.4237 .. 0.4377]  CV=0.013  trend=→0.0034/fold
      recall        0.6758 ± 0.0133  [0.6571 .. 0.6865]  CV=0.020  trend=↑0.0147/fold
      f1            0.5261 ± 0.0061  [0.5205 .. 0.5346]  CV=0.012  trend=↑0.0070/fold
      logloss       0.5467 ± 0.0156  [0.5267 .. 0.5647]  CV=0.028  trend=↓0.0110/fold
    P(direction) (across 3 folds, 356477 OOS samples):
      auc           0.4912 ± 0.0221  [0.4652 .. 0.5193]  CV=0.045  trend=↓0.0151/fold
      precision     0.4925 ± 0.0320  [0.4480 .. 0.5223]  CV=0.065  trend=↑0.0371/fold
      recall        0.4350 ± 0.0173  [0.4171 .. 0.4584]  CV=0.040  trend=↑0.0062/fold
      f1            0.4617 ± 0.0214  [0.4320 .. 0.4816]  CV=0.046  trend=↑0.0197/fold
      logloss       0.6973 ± 0.0036  [0.6931 .. 0.7019]  CV=0.005  trend=→0.0018/fold

    Stable features P(super) (appeared in top-5 across 3 folds):
      ema20_direction_lb25                 3/3 folds
      price_return_lb25                    3/3 folds
      price_return_lb3                     3/3 folds
      price_accel                          2/3 folds
      price_return_lb10                    1/3 folds
      ema20_direction_lb5                  1/3 folds
      price_return_lb50                    1/3 folds
      ema20_direction_lb50                 1/3 folds
    Stable features P(dir) (appeared in top-5 across 3 folds):
      ema20_direction_lb15                 3/3 folds
      price_return_lb50                    2/3 folds
      ema20_direction_lb50                 2/3 folds
      ema20_direction_lb25                 2/3 folds
      ema20_direction_lb5                  2/3 folds
      price_return_lb5                     2/3 folds
      volume_trend_ratio                   1/3 folds
      price_return_lb25                    1/3 folds

  ── FINAL model (trained on ALL data) ──
    Training FINAL P(super)... (train=704979, test=78331, pos=157146/704979 = 22.3%)
      → AUC=0.6943  P=0.3200  R=0.5251  F1=0.3976  LogLoss=0.5860  (trees=61)
    ✅ Saved: models/super_entry_v1_tf5.ubj
    Training FINAL P(dir)... (train=584799, test=64977, pos=290017/584799 = 49.6%)
      → AUC=0.5610  P=0.5384  R=0.5710  F1=0.5542  LogLoss=0.6881  (trees=97)
    ✅ Saved: models/super_dir_v1_tf5.ubj

  📊 WFO report saved: models/wfo_report_tf5.json
  ⏱️  Elapsed: 59.6s

═══════════════════════════════════════════════════════════════════════════
  WFO TRAINING — TF 15m
  15m: 4 months, 5 folds with fortnightly test windows
  Data: 1670190 rows, 151 symbols
  Folds: 5 × 14.0d test, min_train=30.0d
  Purge: 25 bars × 15min = 6.2h
  Embargo: 50 bars × 15min = 12.5h
═══════════════════════════════════════════════════════════════════════════

  5 Walk-Forward folds:
    Fold 0: Train [2025-11-11 → 2026-01-04] (54d) | Test [2026-01-04 → 2026-01-18] (14d)
    Fold 1: Train [2025-11-11 → 2026-01-18] (68d) | Test [2026-01-18 → 2026-02-01] (14d)
    Fold 2: Train [2025-11-11 → 2026-02-01] (82d) | Test [2026-02-01 → 2026-02-15] (14d)
    Fold 3: Train [2025-11-11 → 2026-02-15] (96d) | Test [2026-02-15 → 2026-03-01] (14d)
    Fold 4: Train [2025-11-11 → 2026-03-01] (110d) | Test [2026-03-01 → 2026-03-15] (14d)

  ── Fold 0/4 ──
    Train: 711328 rows, 143 symbols, super=32.6%
    Test:  185731 rows, 144 symbols, super=29.3%
    Training P(super) fold 0... (train=711328, test=185731, pos=232128/711328 = 32.6%)
      → AUC=0.7595  P=0.5063  R=0.6359  F1=0.5637  LogLoss=0.5774  (trees=145)
    Direction: training on 588239 clear-direction examples (from 711328 total, ratio>1.5 filter)
    Training P(dir) fold 0... (train=588239, test=153403, pos=290459/588239 = 49.4%)
      → AUC=0.5341  P=0.5142  R=0.4749  F1=0.4938  LogLoss=0.6915  (trees=45)

  ── Fold 1/4 ──
    Train: 904041 rows, 144 symbols, super=32.0%
    Test:  186480 rows, 144 symbols, super=35.1%
    Training P(super) fold 1... (train=904041, test=186480, pos=289147/904041 = 32.0%)
      → AUC=0.7234  P=0.5287  R=0.6268  F1=0.5736  LogLoss=0.6108  (trees=52)
    Direction: training on 747532 clear-direction examples (from 904041 total, ratio>1.5 filter)
    Training P(dir) fold 1... (train=747532, test=154706, pos=370440/747532 = 49.6%)
      → AUC=0.4996  P=0.4221  R=0.5243  F1=0.4677  LogLoss=0.7017  (trees=3)

  ── Fold 2/4 ──
    Train: 1097577 rows, 144 symbols, super=32.4%
    Test:  188474 rows, 147 symbols, super=42.8%
    Training P(super) fold 2... (train=1097577, test=188474, pos=355317/1097577 = 32.4%)
      → AUC=0.7161  P=0.5561  R=0.7456  F1=0.6371  LogLoss=0.6459  (trees=35)
    Direction: training on 907882 clear-direction examples (from 1097577 total, ratio>1.5 filter)
    Training P(dir) fold 2... (train=907882, test=156889, pos=437469/907882 = 48.2%)
      → AUC=0.5334  P=0.5199  R=0.6235  F1=0.5670  LogLoss=0.6931  (trees=31)

  ── Fold 3/4 ──
    Train: 1293065 rows, 147 symbols, super=34.0%
    Test:  190479 rows, 148 symbols, super=35.5%
    Training P(super) fold 3... (train=1293065, test=190479, pos=439408/1293065 = 34.0%)
      → AUC=0.7158  P=0.5390  R=0.5896  F1=0.5632  LogLoss=0.6139  (trees=127)
    Direction: training on 1070889 clear-direction examples (from 1293065 total, ratio>1.5 filter)
    Training P(dir) fold 3... (train=1070889, test=158929, pos=518272/1070889 = 48.4%)
      → AUC=0.4858  P=0.4700  R=0.5430  F1=0.5039  LogLoss=0.7001  (trees=1)

  ── Fold 4/4 ──
    Train: 1490747 rows, 148 symbols, super=34.2%
    Test:  168565 rows, 151 symbols, super=33.3%
    Training P(super) fold 4... (train=1490747, test=168565, pos=510073/1490747 = 34.2%)
      → AUC=0.7783  P=0.5400  R=0.7121  F1=0.6142  LogLoss=0.5961  (trees=70)
    Direction: training on 1235888 clear-direction examples (from 1490747 total, ratio>1.5 filter)
    Training P(dir) fold 4... (train=1235888, test=138412, pos=594651/1235888 = 48.1%)
      → AUC=0.5113  P=0.5273  R=0.4152  F1=0.4646  LogLoss=0.6945  (trees=12)

  ────────────────────────────────────────────────────────────
  WFO Aggregate Out-of-Sample Metrics — TF 15m
  ────────────────────────────────────────────────────────────
    P(super) (across 5 folds, 919729 OOS samples):
      auc           0.7386 ± 0.0256  [0.7158 .. 0.7783]  CV=0.035  trend=→0.0030/fold
      precision     0.5340 ± 0.0164  [0.5063 .. 0.5561]  CV=0.031  trend=↑0.0078/fold
      recall        0.6620 ± 0.0577  [0.5896 .. 0.7456]  CV=0.087  trend=↑0.0115/fold
      f1            0.5904 ± 0.0299  [0.5632 .. 0.6371]  CV=0.051  trend=↑0.0091/fold
      logloss       0.6088 ± 0.0226  [0.5774 .. 0.6459]  CV=0.037  trend=→0.0040/fold
    P(direction) (across 5 folds, 762339 OOS samples):
      auc           0.5128 ± 0.0189  [0.4858 .. 0.5341]  CV=0.037  trend=↓0.0059/fold
      precision     0.4907 ± 0.0397  [0.4221 .. 0.5273]  CV=0.081  trend=↑0.0074/fold
      recall        0.5162 ± 0.0696  [0.4152 .. 0.6235]  CV=0.135  trend=↓0.0101/fold
      f1            0.4994 ± 0.0370  [0.4646 .. 0.5670]  CV=0.074  trend=→0.0022/fold
      logloss       0.6962 ± 0.0040  [0.6915 .. 0.7017]  CV=0.006  trend=→0.0004/fold

    Stable features P(super) (appeared in top-5 across 5 folds):
      atr_pct                              5/5 folds
      bb_width_pct                         5/5 folds
      price_vs_supertrend                  5/5 folds
      atr_ratio_lb50                       4/5 folds
      rsi_norm                             2/5 folds
      trend_persist_lb3                    1/5 folds
      atr_ratio_lb5                        1/5 folds
      volume_spike                         1/5 folds
    Stable features P(dir) (appeared in top-5 across 5 folds):
      price_return_lb25                    5/5 folds
      ema20_direction_lb25                 5/5 folds
      supertrend_dir                       3/5 folds
      adx                                  3/5 folds
      trend_short_persist_lb10             1/5 folds
      atr_ratio_lb15                       1/5 folds
      ema20_direction_lb15                 1/5 folds
      ema20_direction_lb3                  1/5 folds

  ── FINAL model (trained on ALL data) ──
    Training FINAL P(super)... (train=1503171, test=167019, pos=513994/1503171 = 34.2%)
      → AUC=0.7589  P=0.5615  R=0.6338  F1=0.5955  LogLoss=0.5743  (trees=500)
    ✅ Saved: models/super_entry_v1_tf15.ubj
    Training FINAL P(dir)... (train=1245150, test=138350, pos=602779/1245150 = 48.4%)
      → AUC=0.6698  P=0.6158  R=0.5505  F1=0.5813  LogLoss=0.6424  (trees=2000)
    ✅ Saved: models/super_dir_v1_tf15.ubj

  📊 WFO report saved: models/wfo_report_tf15.json
  ⏱️  Elapsed: 349.7s

═══════════════════════════════════════════════════════════════════════════
  WFO TRAINING — TF 60m
  1h: 16 months, 5 folds with bimonthly test windows
  Data: 1324534 rows, 149 symbols
  Folds: 5 × 60.0d test, min_train=120.0d
  Purge: 25 bars × 60min = 25.0h
  Embargo: 50 bars × 60min = 50.0h
═══════════════════════════════════════════════════════════════════════════

  5 Walk-Forward folds:
    Fold 0: Train [2024-11-11 → 2025-05-18] (188d) | Test [2025-05-18 → 2025-07-17] (60d)
    Fold 1: Train [2024-11-11 → 2025-07-17] (248d) | Test [2025-07-17 → 2025-09-15] (60d)
    Fold 2: Train [2024-11-11 → 2025-09-15] (308d) | Test [2025-09-15 → 2025-11-14] (60d)
    Fold 3: Train [2024-11-11 → 2025-11-14] (368d) | Test [2025-11-14 → 2026-01-13] (60d)
    Fold 4: Train [2024-11-11 → 2026-01-13] (428d) | Test [2026-01-13 → 2026-03-14] (60d)

  ── Fold 0/4 ──
    Train: 417477 rows, 104 symbols, super=60.4%
    Test:  149229 rows, 112 symbols, super=52.6%
    Training P(super) fold 0... (train=417477, test=149229, pos=251950/417477 = 60.4%)
      → AUC=0.6796  P=0.6802  R=0.5023  F1=0.5779  LogLoss=0.6536  (trees=39)
    Direction: training on 346437 clear-direction examples (from 417477 total, ratio>1.5 filter)
    Training P(dir) fold 0... (train=346437, test=125441, pos=165525/346437 = 47.8%)
      → AUC=0.4139  P=0.4436  R=0.4381  F1=0.4408  LogLoss=0.7217  (trees=1)

  ── Fold 1/4 ──
    Train: 571615 rows, 111 symbols, super=58.3%
    Test:  160337 rows, 119 symbols, super=48.1%
    Training P(super) fold 1... (train=571615, test=160337, pos=333441/571615 = 58.3%)
      → AUC=0.6967  P=0.6586  R=0.5435  F1=0.5955  LogLoss=0.6324  (trees=61)
    Direction: training on 475739 clear-direction examples (from 571615 total, ratio>1.5 filter)
    Training P(dir) fold 1... (train=475739, test=132677, pos=231756/475739 = 48.7%)
      → AUC=0.5089  P=0.5187  R=0.4753  F1=0.4960  LogLoss=0.6962  (trees=1)

  ── Fold 2/4 ──
    Train: 737252 rows, 119 symbols, super=56.1%
    Test:  176313 rows, 133 symbols, super=55.4%
    Training P(super) fold 2... (train=737252, test=176313, pos=413496/737252 = 56.1%)
      → AUC=0.6889  P=0.6860  R=0.6692  F1=0.6775  LogLoss=0.6378  (trees=43)
    Direction: training on 612176 clear-direction examples (from 737252 total, ratio>1.5 filter)
    Training P(dir) fold 2... (train=612176, test=145209, pos=302201/612176 = 49.4%)
      → AUC=0.5177  P=0.4698  R=0.5115  F1=0.4898  LogLoss=0.6966  (trees=3)

  ── Fold 3/4 ──
    Train: 919106 rows, 133 symbols, super=55.8%
    Test:  191475 rows, 142 symbols, super=48.2%
    Training P(super) fold 3... (train=919106, test=191475, pos=512439/919106 = 55.8%)
      → AUC=0.6808  P=0.6228  R=0.6209  F1=0.6219  LogLoss=0.6407  (trees=46)
    Direction: training on 761712 clear-direction examples (from 919106 total, ratio>1.5 filter)
    Training P(dir) fold 3... (train=761712, test=156525, pos=371335/761712 = 48.8%)
      → AUC=0.4825  P=0.4899  R=0.4982  F1=0.4940  LogLoss=0.6995  (trees=1)

  ── Fold 4/4 ──
    Train: 1116816 rows, 142 symbols, super=54.5%
    Test:  197227 rows, 149 symbols, super=56.0%
    Training P(super) fold 4... (train=1116816, test=197227, pos=608453/1116816 = 54.5%)
      → AUC=0.6674  P=0.6716  R=0.6528  F1=0.6621  LogLoss=0.6475  (trees=61)
    Direction: training on 923184 clear-direction examples (from 1116816 total, ratio>1.5 filter)
    Training P(dir) fold 4... (train=923184, test=165330, pos=448709/923184 = 48.6%)
      → AUC=0.5199  P=0.4618  R=0.4840  F1=0.4726  LogLoss=0.6952  (trees=3)

  ────────────────────────────────────────────────────────────
  WFO Aggregate Out-of-Sample Metrics — TF 60m
  ────────────────────────────────────────────────────────────
    P(super) (across 5 folds, 874581 OOS samples):
      auc           0.6827 ± 0.0098  [0.6674 .. 0.6967]  CV=0.014  trend=→0.0040/fold
      precision     0.6638 ± 0.0225  [0.6228 .. 0.6860]  CV=0.034  trend=↓0.0053/fold
      recall        0.5978 ± 0.0644  [0.5023 .. 0.6692]  CV=0.108  trend=↑0.0378/fold
      f1            0.6270 ± 0.0380  [0.5779 .. 0.6775]  CV=0.061  trend=↑0.0195/fold
      logloss       0.6424 ± 0.0074  [0.6324 .. 0.6536]  CV=0.012  trend=→0.0004/fold
    P(direction) (across 5 folds, 725182 OOS samples):
      auc           0.4886 ± 0.0396  [0.4139 .. 0.5199]  CV=0.081  trend=↑0.0185/fold
      precision     0.4768 ± 0.0257  [0.4436 .. 0.5187]  CV=0.054  trend=→0.0008/fold
      recall        0.4814 ± 0.0249  [0.4381 .. 0.5115]  CV=0.052  trend=↑0.0115/fold
      f1            0.4787 ± 0.0206  [0.4408 .. 0.4960]  CV=0.043  trend=↑0.0062/fold
      logloss       0.7018 ± 0.0100  [0.6952 .. 0.7217]  CV=0.014  trend=→0.0050/fold

    Stable features P(super) (appeared in top-5 across 5 folds):
      atr_pct                              5/5 folds
      bb_width_pct                         5/5 folds
      price_vs_supertrend                  4/5 folds
      fibo_s1                              2/5 folds
      vwap                                 2/5 folds
      supertrend                           2/5 folds
      supertrend_dir                       1/5 folds
      alligator_lips                       1/5 folds
    Stable features P(dir) (appeared in top-5 across 5 folds):
      trend_persist_lb15                   3/5 folds
      rsi_slope_lb50                       3/5 folds
      trend_short_persist_lb15             3/5 folds
      supertrend_dir                       2/5 folds
      atr_ratio_lb25                       2/5 folds
      atr_ratio_lb50                       1/5 folds
      rsi_slope_lb25                       1/5 folds
      trend_short_persist_lb25             1/5 folds

  ── FINAL model (trained on ALL data) ──
    Training FINAL P(super)... (train=1192081, test=132453, pos=652121/1192081 = 54.7%)
      → AUC=0.7178  P=0.6985  R=0.7042  F1=0.7014  LogLoss=0.6161  (trees=500)
    ✅ Saved: models/super_entry_v1_tf60.ubj
    Training FINAL P(dir)... (train=987756, test=109750, pos=473597/987756 = 47.9%)
      → AUC=0.6996  P=0.6396  R=0.5650  F1=0.6000  LogLoss=0.6270  (trees=2000)
    ✅ Saved: models/super_dir_v1_tf60.ubj

  📊 WFO report saved: models/wfo_report_tf60.json
  ⏱️  Elapsed: 262.3s

═══════════════════════════════════════════════════════════════════════════
  WFO TRAINING — TF 240m
  4h: 5.3 years, 6 folds with quarterly test windows
  Data: 725560 rows, 144 symbols
  Folds: 6 × 120.0d test, min_train=365.0d
  Purge: 25 bars × 240min = 100.0h
  Embargo: 50 bars × 240min = 200.0h
═══════════════════════════════════════════════════════════════════════════

  6 Walk-Forward folds:
    Fold 0: Train [2020-11-09 → 2024-03-19] (1226d) | Test [2024-03-19 → 2024-07-17] (120d)
    Fold 1: Train [2020-11-09 → 2024-07-17] (1346d) | Test [2024-07-17 → 2024-11-14] (120d)
    Fold 2: Train [2020-11-09 → 2024-11-14] (1466d) | Test [2024-11-14 → 2025-03-14] (120d)
    Fold 3: Train [2020-11-09 → 2025-03-14] (1586d) | Test [2025-03-14 → 2025-07-12] (120d)
    Fold 4: Train [2020-11-09 → 2025-07-12] (1706d) | Test [2025-07-12 → 2025-11-09] (120d)
    Fold 5: Train [2020-11-09 → 2025-11-09] (1826d) | Test [2025-11-09 → 2026-03-09] (120d)

  ── Fold 0/5 ──
    Train: 309275 rows, 63 symbols, super=63.1%
    Test:  46457 rows, 72 symbols, super=64.7%
    Training P(super) fold 0... (train=309275, test=46457, pos=195229/309275 = 63.1%)
      → AUC=0.6419  P=0.7212  R=0.7273  F1=0.7242  LogLoss=0.6485  (trees=137)
    Direction: training on 256709 clear-direction examples (from 309275 total, ratio>1.5 filter)
    Training P(dir) fold 0... (train=256709, test=38343, pos=124447/256709 = 48.5%)
      → AUC=0.5530  P=0.4380  R=0.5010  F1=0.4674  LogLoss=0.6863  (trees=158)

  ── Fold 1/5 ──
    Train: 358629 rows, 72 symbols, super=63.4%
    Test:  50055 rows, 77 symbols, super=66.1%
    Training P(super) fold 1... (train=358629, test=50055, pos=227361/358629 = 63.4%)
      → AUC=0.6300  P=0.7393  R=0.6412  F1=0.6868  LogLoss=0.6681  (trees=38)
    Direction: training on 297267 clear-direction examples (from 358629 total, ratio>1.5 filter)
    Training P(dir) fold 1... (train=297267, test=41650, pos=140685/297267 = 47.3%)
      → AUC=0.5099  P=0.5041  R=0.5673  F1=0.5338  LogLoss=0.6976  (trees=7)

  ── Fold 2/5 ──
    Train: 412123 rows, 77 symbols, super=63.7%
    Test:  56116 rows, 94 symbols, super=74.7%
    Training P(super) fold 2... (train=412123, test=56116, pos=262556/412123 = 63.7%)
      → AUC=0.5745  P=0.7690  R=0.9325  F1=0.8429  LogLoss=0.5948  (trees=215)
    Direction: training on 341901 clear-direction examples (from 412123 total, ratio>1.5 filter)
    Training P(dir) fold 2... (train=341901, test=46539, pos=163015/341901 = 47.7%)
      → AUC=0.5931  P=0.4854  R=0.5645  F1=0.5220  LogLoss=0.6799  (trees=212)

  ── Fold 3/5 ──
    Train: 471608 rows, 93 symbols, super=65.1%
    Test:  67439 rows, 105 symbols, super=70.1%
    Training P(super) fold 3... (train=471608, test=67439, pos=307163/471608 = 65.1%)
      → AUC=0.6236  P=0.7539  R=0.7788  F1=0.7661  LogLoss=0.6327  (trees=500)
    Direction: training on 391124 clear-direction examples (from 471608 total, ratio>1.5 filter)
    Training P(dir) fold 3... (train=391124, test=56693, pos=183991/391124 = 47.0%)
      → AUC=0.5117  P=0.5056  R=0.5631  F1=0.5328  LogLoss=0.6963  (trees=7)

  ── Fold 4/5 ──
    Train: 543427 rows, 105 symbols, super=65.6%
    Test:  76616 rows, 125 symbols, super=66.4%
    Training P(super) fold 4... (train=543427, test=76616, pos=356343/543427 = 65.6%)
      → AUC=0.6080  P=0.7180  R=0.7094  F1=0.7136  LogLoss=0.6594  (trees=88)
    Direction: training on 451053 clear-direction examples (from 543427 total, ratio>1.5 filter)
    Training P(dir) fold 4... (train=451053, test=63081, pos=214270/451053 = 47.5%)
      → AUC=0.5313  P=0.4989  R=0.4989  F1=0.4989  LogLoss=0.6937  (trees=25)

  ── Fold 5/5 ──
    Train: 624766 rows, 122 symbols, super=65.8%
    Test:  91554 rows, 144 symbols, super=68.3%
    Training P(super) fold 5... (train=624766, test=91554, pos=410891/624766 = 65.8%)
      → AUC=0.5991  P=0.7251  R=0.7861  F1=0.7544  LogLoss=0.6392  (trees=498)
    Direction: training on 518112 clear-direction examples (from 624766 total, ratio>1.5 filter)
    Training P(dir) fold 5... (train=518112, test=76804, pos=247711/518112 = 47.8%)
      → AUC=0.5144  P=0.4441  R=0.5951  F1=0.5087  LogLoss=0.6981  (trees=3)

  ────────────────────────────────────────────────────────────
  WFO Aggregate Out-of-Sample Metrics — TF 240m
  ────────────────────────────────────────────────────────────
    P(super) (across 6 folds, 388237 OOS samples):
      auc           0.6128 ± 0.0221  [0.5745 .. 0.6419]  CV=0.036  trend=↓0.0066/fold
      precision     0.7377 ± 0.0186  [0.7180 .. 0.7690]  CV=0.025  trend=→0.0017/fold
      recall        0.7625 ± 0.0899  [0.6412 .. 0.9325]  CV=0.118  trend=↑0.0098/fold
      f1            0.7480 ± 0.0498  [0.6868 .. 0.8429]  CV=0.067  trend=→0.0044/fold
      logloss       0.6404 ± 0.0236  [0.5948 .. 0.6681]  CV=0.037  trend=→0.0010/fold
    P(direction) (across 6 folds, 323110 OOS samples):
      auc           0.5356 ± 0.0298  [0.5099 .. 0.5931]  CV=0.056  trend=↓0.0060/fold
      precision     0.4794 ± 0.0279  [0.4380 .. 0.5056]  CV=0.058  trend=→0.0010/fold
      recall        0.5483 ± 0.0359  [0.4989 .. 0.5951]  CV=0.065  trend=↑0.0075/fold
      f1            0.5106 ± 0.0230  [0.4674 .. 0.5338]  CV=0.045  trend=→0.0032/fold
      logloss       0.6920 ± 0.0067  [0.6799 .. 0.6981]  CV=0.010  trend=→0.0018/fold

    Stable features P(super) (appeared in top-5 across 6 folds):
      atr_pct                              6/6 folds
      bb_width_pct                         6/6 folds
      price_vs_supertrend                  6/6 folds
      vwap                                 4/6 folds
      trend_persist_lb3                    2/6 folds
      rsi_norm                             2/6 folds
      supertrend_dir                       1/6 folds
      trend_short_persist_lb10             1/6 folds
    Stable features P(dir) (appeared in top-5 across 6 folds):
      supertrend_dir                       4/6 folds
      atr_ratio_lb5                        3/6 folds
      trend_persist_lb3                    2/6 folds
      ema_convergence_change               2/6 folds
      atr_ratio_lb3                        2/6 folds
      price_return_lb50                    2/6 folds
      supertrend_consistency               2/6 folds
      atr_ratio_lb15                       1/6 folds

  ── FINAL model (trained on ALL data) ──
    Training FINAL P(super)... (train=653004, test=72556, pos=435293/653004 = 66.7%)
      → AUC=0.6943  P=0.7332  R=0.7252  F1=0.7292  LogLoss=0.6310  (trees=500)
    ✅ Saved: models/super_entry_v1_tf240.ubj
    Training FINAL P(dir)... (train=542325, test=60258, pos=255946/542325 = 47.2%)
      → AUC=0.6712  P=0.5941  R=0.6096  F1=0.6017  LogLoss=0.6443  (trees=1998)
    ✅ Saved: models/super_dir_v1_tf240.ubj

  📊 WFO report saved: models/wfo_report_tf240.json
  ⏱️  Elapsed: 197.6s

═══════════════════════════════════════════════════════════════════════════
  WFO TRAINING — TF 1440m
  1d: 5.6 years, 5 folds with semi-annual test windows
  Data: 91933 rows, 102 symbols
  Folds: 5 × 180.0d test, min_train=365.0d
  Purge: 25 bars × 1440min = 600.0h
  Embargo: 50 bars × 1440min = 1200.0h
═══════════════════════════════════════════════════════════════════════════

  5 Walk-Forward folds:
    Fold 0: Train [2020-07-04 → 2023-08-30] (1152d) | Test [2023-08-30 → 2024-02-26] (180d)
    Fold 1: Train [2020-07-04 → 2024-02-26] (1332d) | Test [2024-02-26 → 2024-08-24] (180d)
    Fold 2: Train [2020-07-04 → 2024-08-24] (1512d) | Test [2024-08-24 → 2025-02-20] (180d)
    Fold 3: Train [2020-07-04 → 2025-02-20] (1692d) | Test [2025-02-20 → 2025-08-19] (180d)
    Fold 4: Train [2020-07-04 → 2025-08-19] (1872d) | Test [2025-08-19 → 2026-02-15] (180d)

  ── Fold 0/4 ──
    Train: 31139 rows, 45 symbols, super=78.0%
    Test:  6245 rows, 49 symbols, super=76.5%
    Training P(super) fold 0... (train=31139, test=6245, pos=24287/31139 = 78.0%)
      → AUC=0.5432  P=0.7724  R=0.8242  F1=0.7974  LogLoss=0.6115  (trees=499)
    Direction: training on 26279 clear-direction examples (from 31139 total, ratio>1.5 filter)
    Training P(dir) fold 0... (train=26279, test=5216, pos=12236/26279 = 46.6%)
      → AUC=0.5046  P=0.6903  R=0.3384  F1=0.4541  LogLoss=0.7307  (trees=1)

  ── Fold 1/4 ──
    Train: 39554 rows, 49 symbols, super=76.5%
    Test:  7172 rows, 56 symbols, super=80.3%
    Training P(super) fold 1... (train=39554, test=7172, pos=30276/39554 = 76.5%)
      → AUC=0.5231  P=0.8122  R=0.7657  F1=0.7883  LogLoss=0.6227  (trees=496)
    Direction: training on 33053 clear-direction examples (from 39554 total, ratio>1.5 filter)
    Training P(dir) fold 1... (train=33053, test=6101, pos=16004/33053 = 48.4%)
      → AUC=0.5282  P=0.4114  R=0.4949  F1=0.4493  LogLoss=0.7083  (trees=16)

  ── Fold 2/4 ──
    Train: 49094 rows, 56 symbols, super=77.2%
    Test:  8593 rows, 72 symbols, super=78.4%
    Training P(super) fold 2... (train=49094, test=8593, pos=37903/49094 = 77.2%)
      → AUC=0.5254  P=0.7902  R=0.7638  F1=0.7768  LogLoss=0.6296  (trees=500)
    Direction: training on 41232 clear-direction examples (from 49094 total, ratio>1.5 filter)
    Training P(dir) fold 2... (train=41232, test=7310, pos=19449/41232 = 47.2%)
      → AUC=0.5295  P=0.4709  R=0.5509  F1=0.5078  LogLoss=0.6976  (trees=16)

  ── Fold 3/4 ──
    Train: 60202 rows, 69 symbols, super=77.3%
    Test:  9881 rows, 78 symbols, super=77.0%
    Training P(super) fold 3... (train=60202, test=9881, pos=46546/60202 = 77.3%)
      → AUC=0.5151  P=0.7763  R=0.7206  F1=0.7474  LogLoss=0.6512  (trees=293)
    Direction: training on 50556 clear-direction examples (from 60202 total, ratio>1.5 filter)
    Training P(dir) fold 3... (train=50556, test=8161, pos=24271/50556 = 48.0%)
      → AUC=0.5223  P=0.5936  R=0.5729  F1=0.5831  LogLoss=0.6913  (trees=61)

  ── Fold 4/4 ──
    Train: 73469 rows, 77 symbols, super=77.3%
    Test:  12556 rows, 102 symbols, super=78.6%
    Training P(super) fold 4... (train=73469, test=12556, pos=56783/73469 = 77.3%)
      → AUC=0.5215  P=0.7902  R=0.8080  F1=0.7990  LogLoss=0.6169  (trees=500)
    Direction: training on 61561 clear-direction examples (from 73469 total, ratio>1.5 filter)
    Training P(dir) fold 4... (train=61561, test=10729, pos=29835/61561 = 48.5%)
      → AUC=0.5890  P=0.4106  R=0.7258  F1=0.5245  LogLoss=0.7015  (trees=11)

  ────────────────────────────────────────────────────────────
  WFO Aggregate Out-of-Sample Metrics — TF 1440m
  ────────────────────────────────────────────────────────────
    P(super) (across 5 folds, 44447 OOS samples):
      auc           0.5257 ± 0.0094  [0.5151 .. 0.5432]  CV=0.018  trend=↓0.0051/fold
      precision     0.7883 ± 0.0140  [0.7724 .. 0.8122]  CV=0.018  trend=→0.0000/fold
      recall        0.7765 ± 0.0365  [0.7206 .. 0.8242]  CV=0.047  trend=↓0.0077/fold
      f1            0.7818 ± 0.0189  [0.7474 .. 0.7990]  CV=0.024  trend=→0.0038/fold
      logloss       0.6264 ± 0.0138  [0.6115 .. 0.6512]  CV=0.022  trend=→0.0039/fold
    P(direction) (across 5 folds, 37517 OOS samples):
      auc           0.5347 ± 0.0286  [0.5046 .. 0.5890]  CV=0.053  trend=↑0.0163/fold
      precision     0.5154 ± 0.1100  [0.4106 .. 0.6903]  CV=0.213  trend=↓0.0377/fold
      recall        0.5366 ± 0.1252  [0.3384 .. 0.7258]  CV=0.233  trend=↑0.0853/fold
      f1            0.5038 ± 0.0493  [0.4493 .. 0.5831]  CV=0.098  trend=↑0.0274/fold
      logloss       0.7059 ± 0.0136  [0.6913 .. 0.7307]  CV=0.019  trend=↓0.0075/fold

    Stable features P(super) (appeared in top-5 across 5 folds):
      trend_persist_lb3                    5/5 folds
      atr_pct                              4/5 folds
      trend_persist_lb15                   3/5 folds
      atr_ratio_lb25                       3/5 folds
      supertrend_dir                       2/5 folds
      trend_persist_lb10                   2/5 folds
      vwap                                 2/5 folds
      trend_persist_lb5                    2/5 folds
    Stable features P(dir) (appeared in top-5 across 5 folds):
      trend_persist_lb50                   4/5 folds
      rsi_norm                             3/5 folds
      trend_persist_lb15                   3/5 folds
      trend_persist_lb10                   2/5 folds
      atr_ratio_lb25                       2/5 folds
      adx_slope_lb15                       2/5 folds
      price_vs_sma                         1/5 folds
      price_return_lb25                    1/5 folds

  ── FINAL model (trained on ALL data) ──
    Training FINAL P(super)... (train=82740, test=9193, pos=64202/82740 = 77.6%)
      → AUC=0.5933  P=0.7901  R=0.7207  F1=0.7538  LogLoss=0.6377  (trees=499)
    ✅ Saved: models/super_entry_v1_tf1440.ubj
    Training FINAL P(dir)... (train=69539, test=7726, pos=32561/69539 = 46.8%)
      → AUC=0.6911  P=0.6061  R=0.6374  F1=0.6214  LogLoss=0.6338  (trees=625)
    ✅ Saved: models/super_dir_v1_tf1440.ubj

  📊 WFO report saved: models/wfo_report_tf1440.json
  ⏱️  Elapsed: 28.2s

╔═════════════════════════════════════════════════════════════════════════╗
║  WFO TRAINING COMPLETE — FINAL SUMMARY                                 ║
╚═════════════════════════════════════════════════════════════════════════╝

  TF 1m (705,925 rows, 151 symbols, 2 folds):
    P(super):     AUC=0.8050±0.0178  F1=0.5513±0.0095  (OOS=302,959)
    P(direction): AUC=0.5349±0.0129  F1=0.5225±0.0115  (OOS=249,786)

  TF 5m (783,310 rows, 151 symbols, 3 folds):
    P(super):     AUC=0.8029±0.0081  F1=0.5261±0.0061  (OOS=432,635)
    P(direction): AUC=0.4912±0.0221  F1=0.4617±0.0214  (OOS=356,477)

  TF 15m (1,670,190 rows, 151 symbols, 5 folds):
    P(super):     AUC=0.7386±0.0256  F1=0.5904±0.0299  (OOS=919,729)
    P(direction): AUC=0.5128±0.0189  F1=0.4994±0.0370  (OOS=762,339)

  TF 60m (1,324,534 rows, 149 symbols, 5 folds):
    P(super):     AUC=0.6827±0.0098  F1=0.6270±0.0380  (OOS=874,581)
    P(direction): AUC=0.4886±0.0396  F1=0.4787±0.0206  (OOS=725,182)

  TF 240m (725,560 rows, 144 symbols, 6 folds):
    P(super):     AUC=0.6128±0.0221  F1=0.7480±0.0498  (OOS=388,237)
    P(direction): AUC=0.5356±0.0298  F1=0.5106±0.0230  (OOS=323,110)

  TF 1440m (91,933 rows, 102 symbols, 5 folds):
    P(super):     AUC=0.5257±0.0094  F1=0.7818±0.0189  (OOS=44,447)
    P(direction): AUC=0.5347±0.0286  F1=0.5038±0.0493  (OOS=37,517)

  📊 Combined report: models/wfo_combined_report.json
  🏷️  Models: models/super_entry_v1_tf*.ubj
  ⏱️  Total time: 962.8s (16.0min)
  🏁 Done (FULL TRAINING)
