╔═════════════════════════════════════════════════════════════════════════╗
║  Walk-Forward Optimization — Super Entry Strategy                      ║
╚═════════════════════════════════════════════════════════════════════════╝

Loading dataset from dataset/super_entry_dataset.csv...
  Loaded 7,074,271 rows, 115 columns in 48.7s

  Dataset overview:
    TF     1m:   925,259 rows, 200 symbols, super=20.7%  [2026-03-10..2026-03-18] ◄
    TF     5m: 1,133,629 rows, 199 symbols, super=20.2%  [2026-02-25..2026-03-18] ◄
    TF    15m: 2,215,849 rows, 199 symbols, super=33.0%  [2025-11-11..2026-03-18] ◄
    TF    60m: 1,746,242 rows, 199 symbols, super=54.2%  [2024-11-11..2026-03-17] ◄
    TF   240m:   936,946 rows, 191 symbols, super=66.4%  [2020-11-09..2026-03-14] ◄
    TF  1440m:   116,346 rows, 137 symbols, super=77.5%  [2020-07-04..2026-02-20] ◄

═══════════════════════════════════════════════════════════════════════════
  WFO TRAINING — TF 1m
  1m: very short history, 2 folds — limited statistical power
  Data: 925259 rows, 200 symbols
  Folds: 2 × 0.75d test, min_train=1.5d
  Purge: 25 bars × 1min = 0.4h
  Embargo: 50 bars × 1min = 0.8h
═══════════════════════════════════════════════════════════════════════════

  2 Walk-Forward folds:
    Fold 0: Train [2026-03-10 → 2026-03-17] (7d) | Test [2026-03-17 → 2026-03-17] (1d)
    Fold 1: Train [2026-03-10 → 2026-03-17] (8d) | Test [2026-03-17 → 2026-03-18] (1d)

  ── Fold 0/1 ──
    Train: 865567 rows, 198 symbols, super=20.2%
    Test:  29866 rows, 35 symbols, super=21.8%
    Training P(super) fold 0... (train=865567, test=29866, pos=174817/865567 = 20.2%)
      → AUC=0.8101  P=0.4800  R=0.6818  F1=0.5634  LogLoss=0.5117  (trees=500)
    Training P(dir) fold 0... (train=174817, test=6509, pos=94733/174817 = 54.2%)
      → AUC=0.5759  P=0.6238  R=0.5772  F1=0.5996  LogLoss=0.6851  (trees=348)

  ── Fold 1/1 ──
    Train: 896804 rows, 200 symbols, super=20.2%
    Test:  26215 rows, 29 symbols, super=36.6%
    Training P(super) fold 1... (train=896804, test=26215, pos=181402/896804 = 20.2%)
      → AUC=0.7918  P=0.5766  R=0.7786  F1=0.6626  LogLoss=0.5944  (trees=114)
    Training P(dir) fold 1... (train=181402, test=9599, pos=98491/181402 = 54.3%)
      → AUC=0.4840  P=0.4765  R=0.4418  F1=0.4585  LogLoss=0.6955  (trees=1)

  ────────────────────────────────────────────────────────────
  WFO Aggregate Out-of-Sample Metrics — TF 1m
  ────────────────────────────────────────────────────────────
    P(super) (across 2 folds, 56081 OOS samples):
      auc           0.8010 ± 0.0091  [0.7918 .. 0.8101]  CV=0.011
      precision     0.5283 ± 0.0483  [0.4800 .. 0.5766]  CV=0.091
      recall        0.7302 ± 0.0484  [0.6818 .. 0.7786]  CV=0.066
      f1            0.6130 ± 0.0496  [0.5634 .. 0.6626]  CV=0.081
      logloss       0.5531 ± 0.0414  [0.5117 .. 0.5944]  CV=0.075
    P(direction) (across 2 folds, 16108 OOS samples):
      auc           0.5299 ± 0.0459  [0.4840 .. 0.5759]  CV=0.087
      precision     0.5501 ± 0.0736  [0.4765 .. 0.6238]  CV=0.134
      recall        0.5095 ± 0.0677  [0.4418 .. 0.5772]  CV=0.133
      f1            0.5291 ± 0.0705  [0.4585 .. 0.5996]  CV=0.133
      logloss       0.6903 ± 0.0052  [0.6851 .. 0.6955]  CV=0.008

    Stable features P(super) (appeared in top-5 across 2 folds):
      price_return_lb50                    2/2 folds
      ema20_direction_lb15                 2/2 folds
      price_accel                          2/2 folds
      ema20_direction_lb50                 2/2 folds
      ema20_direction_lb5                  1/2 folds
      price_return_lb25                    1/2 folds
    Stable features P(dir) (appeared in top-5 across 2 folds):
      price_return_lb50                    2/2 folds
      ema20_direction_lb50                 2/2 folds
      price_return_lb3                     2/2 folds
      ema20_direction_lb3                  2/2 folds
      atr_pct                              1/2 folds
      price_accel                          1/2 folds

  ── FINAL model (trained on ALL data) ──
    Training FINAL P(super)... (train=832734, test=92525, pos=176944/832734 = 21.2%)
      → AUC=0.7612  P=0.3691  R=0.5582  F1=0.4444  LogLoss=0.5062  (trees=128)
    ✅ Saved: models/super_entry_v1_tf1.ubj
    Training FINAL P(dir)... (train=172457, test=19161, pos=93150/172457 = 54.0%)
      → AUC=0.5584  P=0.5856  R=0.6007  F1=0.5930  LogLoss=0.6869  (trees=207)
    ✅ Saved: models/super_dir_v1_tf1.ubj

  📊 WFO report saved: models/wfo_report_tf1.json
  ⏱️  Elapsed: 62.7s

═══════════════════════════════════════════════════════════════════════════
  WFO TRAINING — TF 5m
  5m: 18 days, 3 folds with expanding window
  Data: 1133629 rows, 199 symbols
  Folds: 3 × 3.5d test, min_train=6.0d
  Purge: 25 bars × 5min = 2.1h
  Embargo: 50 bars × 5min = 4.2h
═══════════════════════════════════════════════════════════════════════════

  3 Walk-Forward folds:
    Fold 0: Train [2026-02-25 → 2026-03-08] (11d) | Test [2026-03-08 → 2026-03-11] (4d)
    Fold 1: Train [2026-02-25 → 2026-03-11] (14d) | Test [2026-03-11 → 2026-03-15] (4d)
    Fold 2: Train [2026-02-25 → 2026-03-15] (18d) | Test [2026-03-15 → 2026-03-18] (4d)

  ── Fold 0/2 ──
    Train: 543997 rows, 197 symbols, super=22.2%
    Test:  188923 rows, 197 symbols, super=18.4%
    Training P(super) fold 0... (train=543997, test=188923, pos=120866/543997 = 22.2%)
      → AUC=0.7987  P=0.4102  R=0.6682  F1=0.5083  LogLoss=0.5507  (trees=237)
    Training P(dir) fold 0... (train=120866, test=34803, pos=68307/120866 = 56.5%)
      → AUC=0.5123  P=0.5965  R=0.5157  F1=0.5532  LogLoss=0.6948  (trees=5)

  ── Fold 1/2 ──
    Train: 742573 rows, 197 symbols, super=21.0%
    Test:  186492 rows, 197 symbols, super=16.5%
    Training P(super) fold 1... (train=742573, test=186492, pos=156303/742573 = 21.0%)
      → AUC=0.8126  P=0.4028  R=0.6683  F1=0.5026  LogLoss=0.5143  (trees=500)
    Training P(dir) fold 1... (train=156303, test=30764, pos=88411/156303 = 56.6%)
      → AUC=0.5701  P=0.6396  R=0.5790  F1=0.6078  LogLoss=0.6847  (trees=261)

  ── Fold 2/2 ──
    Train: 938918 rows, 197 symbols, super=20.2%
    Test:  180725 rows, 199 symbols, super=20.6%
    Training P(super) fold 2... (train=938918, test=180725, pos=189966/938918 = 20.2%)
      → AUC=0.7621  P=0.4115  R=0.6374  F1=0.5001  LogLoss=0.5652  (trees=149)
    Training P(dir) fold 2... (train=189966, test=37169, pos=108714/189966 = 57.2%)
      → AUC=0.5562  P=0.5654  R=0.5313  F1=0.5479  LogLoss=0.6885  (trees=209)

  ────────────────────────────────────────────────────────────
  WFO Aggregate Out-of-Sample Metrics — TF 5m
  ────────────────────────────────────────────────────────────
    P(super) (across 3 folds, 556140 OOS samples):
      auc           0.7911 ± 0.0213  [0.7621 .. 0.8126]  CV=0.027  trend=↓0.0183/fold
      precision     0.4081 ± 0.0038  [0.4028 .. 0.4115]  CV=0.009  trend=→0.0007/fold
      recall        0.6580 ± 0.0146  [0.6374 .. 0.6683]  CV=0.022  trend=↓0.0154/fold
      f1            0.5037 ± 0.0034  [0.5001 .. 0.5083]  CV=0.007  trend=→0.0041/fold
      logloss       0.5434 ± 0.0214  [0.5143 .. 0.5652]  CV=0.039  trend=↑0.0072/fold
    P(direction) (across 3 folds, 102736 OOS samples):
      auc           0.5462 ± 0.0247  [0.5123 .. 0.5701]  CV=0.045  trend=↑0.0220/fold
      precision     0.6005 ± 0.0304  [0.5654 .. 0.6396]  CV=0.051  trend=↓0.0155/fold
      recall        0.5420 ± 0.0269  [0.5157 .. 0.5790]  CV=0.050  trend=↑0.0078/fold
      f1            0.5696 ± 0.0271  [0.5479 .. 0.6078]  CV=0.048  trend=→0.0027/fold
      logloss       0.6893 ± 0.0042  [0.6847 .. 0.6948]  CV=0.006  trend=→0.0032/fold

    Stable features P(super) (appeared in top-5 across 3 folds):
      ema20_direction_lb25                 3/3 folds
      price_return_lb3                     3/3 folds
      price_return_lb25                    3/3 folds
      price_return_lb50                    3/3 folds
      price_accel                          2/3 folds
      ema20_direction_lb5                  1/3 folds
    Stable features P(dir) (appeared in top-5 across 3 folds):
      price_return_lb50                    3/3 folds
      ema20_direction_lb50                 3/3 folds
      price_return_lb10                    3/3 folds
      price_return_lb25                    2/3 folds
      ema20_direction_lb10                 2/3 folds
      high_low_pressure                    1/3 folds
      ema20_direction_lb25                 1/3 folds

  ── FINAL model (trained on ALL data) ──
    Training FINAL P(super)... (train=1020267, test=113362, pos=209999/1020267 = 20.6%)
      → AUC=0.7117  P=0.3284  R=0.5346  F1=0.4069  LogLoss=0.5731  (trees=100)
    ✅ Saved: models/super_entry_v1_tf5.ubj
    Training FINAL P(dir)... (train=206363, test=22929, pos=116395/206363 = 56.4%)
      → AUC=0.5832  P=0.6213  R=0.6699  F1=0.6447  LogLoss=0.6764  (trees=812)
    ✅ Saved: models/super_dir_v1_tf5.ubj

  📊 WFO report saved: models/wfo_report_tf5.json
  ⏱️  Elapsed: 89.7s

═══════════════════════════════════════════════════════════════════════════
  WFO TRAINING — TF 15m
  15m: 4 months, 5 folds with fortnightly test windows
  Data: 2215849 rows, 199 symbols
  Folds: 5 × 14.0d test, min_train=30.0d
  Purge: 25 bars × 15min = 6.2h
  Embargo: 50 bars × 15min = 12.5h
═══════════════════════════════════════════════════════════════════════════

  5 Walk-Forward folds:
    Fold 0: Train [2025-11-11 → 2026-01-07] (57d) | Test [2026-01-07 → 2026-01-21] (14d)
    Fold 1: Train [2025-11-11 → 2026-01-21] (71d) | Test [2026-01-21 → 2026-02-04] (14d)
    Fold 2: Train [2025-11-11 → 2026-02-04] (85d) | Test [2026-02-04 → 2026-02-18] (14d)
    Fold 3: Train [2025-11-11 → 2026-02-18] (99d) | Test [2026-02-18 → 2026-03-04] (14d)
    Fold 4: Train [2025-11-11 → 2026-03-04] (113d) | Test [2026-03-04 → 2026-03-18] (14d)

  ── Fold 0/4 ──
    Train: 984938 rows, 190 symbols, super=31.5%
    Test:  246899 rows, 191 symbols, super=27.9%
    Training P(super) fold 0... (train=984938, test=246899, pos=310282/984938 = 31.5%)
      → AUC=0.7404  P=0.4885  R=0.6117  F1=0.5432  LogLoss=0.5826  (trees=84)
    Training P(dir) fold 0... (train=310282, test=68815, pos=158128/310282 = 51.0%)
      → AUC=0.5384  P=0.5347  R=0.5658  F1=0.5498  LogLoss=0.6921  (trees=83)

  ── Fold 1/4 ──
    Train: 1241122 rows, 191 symbols, super=30.8%
    Test:  248183 rows, 192 symbols, super=35.9%
    Training P(super) fold 1... (train=1241122, test=248183, pos=382091/1241122 = 30.8%)
      → AUC=0.7226  P=0.5100  R=0.6867  F1=0.5853  LogLoss=0.6289  (trees=43)
    Training P(dir) fold 1... (train=382091, test=89172, pos=193722/382091 = 50.7%)
      → AUC=0.4608  P=0.3914  R=0.5381  F1=0.4532  LogLoss=0.7001  (trees=1)

  ── Fold 2/4 ──
    Train: 1498639 rows, 192 symbols, super=31.8%
    Test:  250333 rows, 195 symbols, super=37.8%
    Training P(super) fold 2... (train=1498639, test=250333, pos=476757/1498639 = 31.8%)
      → AUC=0.7429  P=0.5329  R=0.7404  F1=0.6197  LogLoss=0.6335  (trees=41)
    Training P(dir) fold 2... (train=476757, test=94616, pos=233450/476757 = 49.0%)
      → AUC=0.5055  P=0.5404  R=0.6371  F1=0.5848  LogLoss=0.6940  (trees=45)

  ── Fold 3/4 ──
    Train: 1758305 rows, 195 symbols, super=32.8%
    Test:  251218 rows, 197 symbols, super=37.2%
    Training P(super) fold 3... (train=1758305, test=251218, pos=576695/1758305 = 32.8%)
      → AUC=0.7024  P=0.5418  R=0.5956  F1=0.5674  LogLoss=0.6278  (trees=208)
    Training P(dir) fold 3... (train=576695, test=93423, pos=285052/576695 = 49.4%)
      → AUC=0.5052  P=0.5550  R=0.5764  F1=0.5655  LogLoss=0.6947  (trees=26)

  ── Fold 4/4 ──
    Train: 2019203 rows, 197 symbols, super=33.3%
    Test:  182586 rows, 199 symbols, super=29.5%
    Training P(super) fold 4... (train=2019203, test=182586, pos=671762/2019203 = 33.3%)
      → AUC=0.7868  P=0.5244  R=0.6980  F1=0.5989  LogLoss=0.5838  (trees=87)
    Training P(dir) fold 4... (train=671762, test=53808, pos=335551/671762 = 50.0%)
      → AUC=0.5201  P=0.5765  R=0.5901  F1=0.5832  LogLoss=0.6924  (trees=90)

  ────────────────────────────────────────────────────────────
  WFO Aggregate Out-of-Sample Metrics — TF 15m
  ────────────────────────────────────────────────────────────
    P(super) (across 5 folds, 1179219 OOS samples):
      auc           0.7390 ± 0.0280  [0.7024 .. 0.7868]  CV=0.038  trend=↑0.0073/fold
      precision     0.5195 ± 0.0187  [0.4885 .. 0.5418]  CV=0.036  trend=↑0.0104/fold
      recall        0.6665 ± 0.0546  [0.5956 .. 0.7404]  CV=0.082  trend=↑0.0082/fold
      f1            0.5829 ± 0.0262  [0.5432 .. 0.6197]  CV=0.045  trend=↑0.0093/fold
      logloss       0.6113 ± 0.0230  [0.5826 .. 0.6335]  CV=0.038  trend=→0.0001/fold
    P(direction) (across 5 folds, 399834 OOS samples):
      auc           0.5060 ± 0.0257  [0.4608 .. 0.5384]  CV=0.051  trend=→0.0008/fold
      precision     0.5196 ± 0.0657  [0.3914 .. 0.5765]  CV=0.126  trend=↑0.0247/fold
      recall        0.5815 ± 0.0326  [0.5381 .. 0.6371]  CV=0.056  trend=↑0.0087/fold
      f1            0.5473 ± 0.0488  [0.4532 .. 0.5848]  CV=0.089  trend=↑0.0179/fold
      logloss       0.6946 ± 0.0029  [0.6921 .. 0.7001]  CV=0.004  trend=→0.0005/fold

    Stable features P(super) (appeared in top-5 across 5 folds):
      atr_pct                              5/5 folds
      bb_width_pct                         5/5 folds
      atr                                  5/5 folds
      price_vs_supertrend                  5/5 folds
      ema20_direction_lb3                  2/5 folds
      fibo_s1                              1/5 folds
      rsi_norm                             1/5 folds
      fibo_pivot                           1/5 folds
    Stable features P(dir) (appeared in top-5 across 5 folds):
      macd_hist_slope_lb15                 4/5 folds
      adx                                  3/5 folds
      atr_ratio_lb15                       2/5 folds
      cci                                  2/5 folds
      trend_persist_lb10                   1/5 folds
      supertrend_dir                       1/5 folds
      trend_persist_lb15                   1/5 folds
      trend_persist_lb3                    1/5 folds

  ── FINAL model (trained on ALL data) ──
    Training FINAL P(super)... (train=1994265, test=221584, pos=655442/1994265 = 32.9%)
      → AUC=0.7499  P=0.5451  R=0.6633  F1=0.5984  LogLoss=0.5943  (trees=499)
    ✅ Saved: models/super_entry_v1_tf15.ubj
    Training FINAL P(dir)... (train=658911, test=73212, pos=334273/658911 = 50.7%)
      → AUC=0.6439  P=0.6035  R=0.5688  F1=0.5856  LogLoss=0.6559  (trees=2000)
    ✅ Saved: models/super_dir_v1_tf15.ubj

  📊 WFO report saved: models/wfo_report_tf15.json
  ⏱️  Elapsed: 292.2s

═══════════════════════════════════════════════════════════════════════════
  WFO TRAINING — TF 60m
  1h: 16 months, 5 folds with bimonthly test windows
  Data: 1746242 rows, 199 symbols
  Folds: 5 × 60.0d test, min_train=120.0d
  Purge: 25 bars × 60min = 25.0h
  Embargo: 50 bars × 60min = 50.0h
═══════════════════════════════════════════════════════════════════════════

  5 Walk-Forward folds:
    Fold 0: Train [2024-11-11 → 2025-05-21] (191d) | Test [2025-05-21 → 2025-07-20] (60d)
    Fold 1: Train [2024-11-11 → 2025-07-20] (251d) | Test [2025-07-20 → 2025-09-18] (60d)
    Fold 2: Train [2024-11-11 → 2025-09-18] (311d) | Test [2025-09-18 → 2025-11-17] (60d)
    Fold 3: Train [2024-11-11 → 2025-11-17] (371d) | Test [2025-11-17 → 2026-01-16] (60d)
    Fold 4: Train [2024-11-11 → 2026-01-16] (431d) | Test [2026-01-16 → 2026-03-17] (60d)

  ── Fold 0/4 ──
    Train: 549630 rows, 138 symbols, super=60.1%
    Test:  198497 rows, 150 symbols, super=50.9%
    Training P(super) fold 0... (train=549630, test=198497, pos=330185/549630 = 60.1%)
      → AUC=0.6624  P=0.6562  R=0.4731  F1=0.5498  LogLoss=0.6596  (trees=43)
    Training P(dir) fold 0... (train=330185, test=101032, pos=159212/330185 = 48.2%)
      → AUC=0.4483  P=0.4684  R=0.4394  F1=0.4534  LogLoss=0.7037  (trees=1)

  ── Fold 1/4 ──
    Train: 754623 rows, 149 symbols, super=57.7%
    Test:  215305 rows, 162 symbols, super=45.9%
    Training P(super) fold 1... (train=754623, test=215305, pos=435536/754623 = 57.7%)
      → AUC=0.6932  P=0.6433  R=0.5082  F1=0.5678  LogLoss=0.6320  (trees=89)
    Training P(dir) fold 1... (train=435536, test=98889, pos=212410/435536 = 48.8%)
      → AUC=0.5012  P=0.4699  R=0.5724  F1=0.5161  LogLoss=0.6956  (trees=8)

  ── Fold 2/4 ──
    Train: 976895 rows, 163 symbols, super=55.2%
    Test:  237814 rows, 178 symbols, super=56.0%
    Training P(super) fold 2... (train=976895, test=237814, pos=539342/976895 = 55.2%)
      → AUC=0.6749  P=0.6738  R=0.6816  F1=0.6777  LogLoss=0.6442  (trees=47)
    Training P(dir) fold 2... (train=539342, test=133097, pos=261620/539342 = 48.5%)
      → AUC=0.5046  P=0.4200  R=0.5466  F1=0.4750  LogLoss=0.6943  (trees=12)

  ── Fold 3/4 ──
    Train: 1222272 rows, 179 symbols, super=55.2%
    Test:  253519 rows, 188 symbols, super=47.4%
    Training P(super) fold 3... (train=1222272, test=253519, pos=674335/1222272 = 55.2%)
      → AUC=0.6748  P=0.6164  R=0.5987  F1=0.6075  LogLoss=0.6446  (trees=51)
    Training P(dir) fold 3... (train=674335, test=120147, pos=319052/674335 = 47.3%)
      → AUC=0.5154  P=0.5390  R=0.5199  F1=0.5293  LogLoss=0.6937  (trees=1)

  ── Fold 4/4 ──
    Train: 1484304 rows, 190 symbols, super=54.0%
    Test:  248322 rows, 198 symbols, super=56.1%
    Training P(super) fold 4... (train=1484304, test=248322, pos=801299/1484304 = 54.0%)
      → AUC=0.6629  P=0.6648  R=0.6654  F1=0.6651  LogLoss=0.6491  (trees=145)
    Training P(dir) fold 4... (train=801299, test=139387, pos=384528/801299 = 48.0%)
      → AUC=0.5519  P=0.4925  R=0.6025  F1=0.5420  LogLoss=0.6918  (trees=51)

  ────────────────────────────────────────────────────────────
  WFO Aggregate Out-of-Sample Metrics — TF 60m
  ────────────────────────────────────────────────────────────
    P(super) (across 5 folds, 1153457 OOS samples):
      auc           0.6736 ± 0.0112  [0.6624 .. 0.6932]  CV=0.017  trend=→0.0017/fold
      precision     0.6509 ± 0.0200  [0.6164 .. 0.6738]  CV=0.031  trend=→0.0010/fold
      recall        0.5854 ± 0.0829  [0.4731 .. 0.6816]  CV=0.142  trend=↑0.0475/fold
      f1            0.6136 ± 0.0509  [0.5498 .. 0.6777]  CV=0.083  trend=↑0.0270/fold
      logloss       0.6459 ± 0.0089  [0.6320 .. 0.6596]  CV=0.014  trend=→0.0008/fold
    P(direction) (across 5 folds, 592552 OOS samples):
      auc           0.5043 ± 0.0333  [0.4483 .. 0.5519]  CV=0.066  trend=↑0.0222/fold
      precision     0.4780 ± 0.0386  [0.4200 .. 0.5390]  CV=0.081  trend=↑0.0117/fold
      recall        0.5361 ± 0.0556  [0.4394 .. 0.6025]  CV=0.104  trend=↑0.0274/fold
      f1            0.5032 ± 0.0335  [0.4534 .. 0.5420]  CV=0.067  trend=↑0.0190/fold
      logloss       0.6958 ± 0.0041  [0.6918 .. 0.7037]  CV=0.006  trend=→0.0026/fold

    Stable features P(super) (appeared in top-5 across 5 folds):
      atr_pct                              5/5 folds
      bb_width_pct                         5/5 folds
      price_vs_supertrend                  4/5 folds
      bb_lower                             2/5 folds
      supertrend                           1/5 folds
      ema_20                               1/5 folds
      ema_200                              1/5 folds
      trend_persist_lb3                    1/5 folds
    Stable features P(dir) (appeared in top-5 across 5 folds):
      rsi_slope_lb50                       3/5 folds
      trend_persist_lb10                   3/5 folds
      atr_pct                              2/5 folds
      trend_persist_lb5                    2/5 folds
      trend_persist_lb3                    2/5 folds
      atr_ratio_lb25                       2/5 folds
      rsi_norm                             1/5 folds
      atr_ratio_lb50                       1/5 folds

  ── FINAL model (trained on ALL data) ──
    Training FINAL P(super)... (train=1571618, test=174624, pos=849715/1571618 = 54.1%)
      → AUC=0.7113  P=0.6944  R=0.7032  F1=0.6988  LogLoss=0.6192  (trees=500)
    ✅ Saved: models/super_entry_v1_tf60.ubj
    Training FINAL P(dir)... (train=852142, test=94682, pos=405185/852142 = 47.5%)
      → AUC=0.6689  P=0.5947  R=0.6170  F1=0.6056  LogLoss=0.6505  (trees=2000)
    ✅ Saved: models/super_dir_v1_tf60.ubj

  📊 WFO report saved: models/wfo_report_tf60.json
  ⏱️  Elapsed: 275.4s

═══════════════════════════════════════════════════════════════════════════
  WFO TRAINING — TF 240m
  4h: 5.3 years, 6 folds with quarterly test windows
  Data: 936946 rows, 191 symbols
  Folds: 6 × 120.0d test, min_train=365.0d
  Purge: 25 bars × 240min = 100.0h
  Embargo: 50 bars × 240min = 200.0h
═══════════════════════════════════════════════════════════════════════════

  6 Walk-Forward folds:
    Fold 0: Train [2020-11-09 → 2024-03-24] (1230d) | Test [2024-03-24 → 2024-07-22] (120d)
    Fold 1: Train [2020-11-09 → 2024-07-22] (1350d) | Test [2024-07-22 → 2024-11-19] (120d)
    Fold 2: Train [2020-11-09 → 2024-11-19] (1470d) | Test [2024-11-19 → 2025-03-19] (120d)
    Fold 3: Train [2020-11-09 → 2025-03-19] (1590d) | Test [2025-03-19 → 2025-07-17] (120d)
    Fold 4: Train [2020-11-09 → 2025-07-17] (1710d) | Test [2025-07-17 → 2025-11-14] (120d)
    Fold 5: Train [2020-11-09 → 2025-11-14] (1830d) | Test [2025-11-14 → 2026-03-14] (120d)

  ── Fold 0/5 ──
    Train: 389021 rows, 80 symbols, super=63.8%
    Test:  58941 rows, 92 symbols, super=64.4%
    Training P(super) fold 0... (train=389021, test=58941, pos=248148/389021 = 63.8%)
      → AUC=0.6292  P=0.7114  R=0.7048  F1=0.7081  LogLoss=0.6570  (trees=107)
    Training P(dir) fold 0... (train=248148, test=37966, pos=122481/248148 = 49.4%)
      → AUC=0.5278  P=0.4253  R=0.4862  F1=0.4537  LogLoss=0.6902  (trees=183)

  ── Fold 1/5 ──
    Train: 451655 rows, 91 symbols, super=64.0%
    Test:  64305 rows, 100 symbols, super=66.9%
    Training P(super) fold 1... (train=451655, test=64305, pos=288906/451655 = 64.0%)
      → AUC=0.6131  P=0.7356  R=0.6098  F1=0.6668  LogLoss=0.6777  (trees=31)
    Training P(dir) fold 1... (train=288906, test=42998, pos=139693/288906 = 48.4%)
      → AUC=0.5263  P=0.5278  R=0.5763  F1=0.5510  LogLoss=0.6933  (trees=43)

  ── Fold 2/5 ──
    Train: 520260 rows, 100 symbols, super=64.3%
    Test:  73902 rows, 122 symbols, super=73.3%
    Training P(super) fold 2... (train=520260, test=73902, pos=334504/520260 = 64.3%)
      → AUC=0.5712  P=0.7558  R=0.9075  F1=0.8247  LogLoss=0.6089  (trees=298)
    Training P(dir) fold 2... (train=334504, test=54200, pos=161754/334504 = 48.4%)
      → AUC=0.5728  P=0.4637  R=0.5167  F1=0.4887  LogLoss=0.6826  (trees=456)

  ── Fold 3/5 ──
    Train: 598605 rows, 121 symbols, super=65.7%
    Test:  88103 rows, 141 symbols, super=70.0%
    Training P(super) fold 3... (train=598605, test=88103, pos=393035/598605 = 65.7%)
      → AUC=0.6102  P=0.7479  R=0.7455  F1=0.7467  LogLoss=0.6477  (trees=364)
    Training P(dir) fold 3... (train=393035, test=61642, pos=186881/393035 = 47.5%)
      → AUC=0.5499  P=0.5488  R=0.6033  F1=0.5747  LogLoss=0.6897  (trees=288)

  ── Fold 4/5 ──
    Train: 692267 rows, 140 symbols, super=66.1%
    Test:  103506 rows, 168 symbols, super=65.7%
    Training P(super) fold 4... (train=692267, test=103506, pos=457682/692267 = 66.1%)
      → AUC=0.6079  P=0.7132  R=0.6991  F1=0.7061  LogLoss=0.6637  (trees=176)
    Training P(dir) fold 4... (train=457682, test=67971, pos=220091/457682 = 48.1%)
      → AUC=0.4899  P=0.4449  R=0.5125  F1=0.4763  LogLoss=0.6959  (trees=6)

  ── Fold 5/5 ──
    Train: 802030 rows, 168 symbols, super=66.1%
    Test:  122380 rows, 191 symbols, super=67.4%
    Training P(super) fold 5... (train=802030, test=122380, pos=529933/802030 = 66.1%)
      → AUC=0.5960  P=0.7165  R=0.7435  F1=0.7297  LogLoss=0.6532  (trees=268)
    Training P(dir) fold 5... (train=529933, test=82493, pos=255054/529933 = 48.1%)
      → AUC=0.4949  P=0.4493  R=0.5695  F1=0.5023  LogLoss=0.6961  (trees=2)

  ────────────────────────────────────────────────────────────
  WFO Aggregate Out-of-Sample Metrics — TF 240m
  ────────────────────────────────────────────────────────────
    P(super) (across 6 folds, 511137 OOS samples):
      auc           0.6046 ± 0.0178  [0.5712 .. 0.6292]  CV=0.029  trend=→0.0041/fold
      precision     0.7300 ± 0.0174  [0.7114 .. 0.7558]  CV=0.024  trend=→0.0014/fold
      recall        0.7351 ± 0.0893  [0.6098 .. 0.9075]  CV=0.121  trend=↑0.0086/fold
      f1            0.7304 ± 0.0488  [0.6668 .. 0.8247]  CV=0.067  trend=→0.0042/fold
      logloss       0.6514 ± 0.0212  [0.6089 .. 0.6777]  CV=0.033  trend=→0.0006/fold
    P(direction) (across 6 folds, 347270 OOS samples):
      auc           0.5269 ± 0.0289  [0.4899 .. 0.5728]  CV=0.055  trend=↓0.0085/fold
      precision     0.4766 ± 0.0454  [0.4253 .. 0.5488]  CV=0.095  trend=→0.0013/fold
      recall        0.5441 ± 0.0414  [0.4862 .. 0.6033]  CV=0.076  trend=↑0.0089/fold
      f1            0.5078 ± 0.0422  [0.4537 .. 0.5747]  CV=0.083  trend=→0.0030/fold
      logloss       0.6913 ± 0.0046  [0.6826 .. 0.6961]  CV=0.007  trend=→0.0013/fold

    Stable features P(super) (appeared in top-5 across 6 folds):
      atr_pct                              6/6 folds
      bb_width_pct                         6/6 folds
      price_vs_supertrend                  5/6 folds
      supertrend_dir                       4/6 folds
      trend                                3/6 folds
      vwap                                 2/6 folds
      trend_persist_lb3                    1/6 folds
      ema20_direction_lb3                  1/6 folds
    Stable features P(dir) (appeared in top-5 across 6 folds):
      rsi_norm                             5/6 folds
      stoch_norm                           3/6 folds
      atr_ratio_lb5                        2/6 folds
      price_return_lb50                    2/6 folds
      rsi                                  2/6 folds
      atr_ratio_lb3                        2/6 folds
      rsi_slope_lb50                       2/6 folds
      bb_position                          1/6 folds

  ── FINAL model (trained on ALL data) ──
    Training FINAL P(super)... (train=843252, test=93694, pos=561938/843252 = 66.6%)
      → AUC=0.6714  P=0.7301  R=0.7518  F1=0.7408  LogLoss=0.6350  (trees=500)
    ✅ Saved: models/super_entry_v1_tf240.ubj
    Training FINAL P(dir)... (train=559633, test=62181, pos=265013/559633 = 47.4%)
      → AUC=0.6346  P=0.5637  R=0.6235  F1=0.5921  LogLoss=0.6642  (trees=2000)
    ✅ Saved: models/super_dir_v1_tf240.ubj

  📊 WFO report saved: models/wfo_report_tf240.json
  ⏱️  Elapsed: 247.1s

═══════════════════════════════════════════════════════════════════════════
  WFO TRAINING — TF 1440m
  1d: 5.6 years, 5 folds with semi-annual test windows
  Data: 116346 rows, 137 symbols
  Folds: 5 × 180.0d test, min_train=365.0d
  Purge: 25 bars × 1440min = 600.0h
  Embargo: 50 bars × 1440min = 1200.0h
═══════════════════════════════════════════════════════════════════════════

  5 Walk-Forward folds:
    Fold 0: Train [2020-07-04 → 2023-09-04] (1157d) | Test [2023-09-04 → 2024-03-02] (180d)
    Fold 1: Train [2020-07-04 → 2024-03-02] (1337d) | Test [2024-03-02 → 2024-08-29] (180d)
    Fold 2: Train [2020-07-04 → 2024-08-29] (1517d) | Test [2024-08-29 → 2025-02-25] (180d)
    Fold 3: Train [2020-07-04 → 2025-02-25] (1697d) | Test [2025-02-25 → 2025-08-24] (180d)
    Fold 4: Train [2020-07-04 → 2025-08-24] (1877d) | Test [2025-08-24 → 2026-02-20] (180d)

  ── Fold 0/4 ──
    Train: 38761 rows, 55 symbols, super=78.2%
    Test:  7814 rows, 65 symbols, super=76.2%
    Training P(super) fold 0... (train=38761, test=7814, pos=30314/38761 = 78.2%)
      → AUC=0.5403  P=0.7696  R=0.8227  F1=0.7953  LogLoss=0.6131  (trees=498)
    Training P(dir) fold 0... (train=30314, test=5957, pos=14141/30314 = 46.6%)
      → AUC=0.4653  P=0.6503  R=0.3604  F1=0.4637  LogLoss=0.7128  (trees=1)

  ── Fold 1/4 ──
    Train: 49155 rows, 62 symbols, super=76.8%
    Test:  8911 rows, 72 symbols, super=81.4%
    Training P(super) fold 1... (train=49155, test=8911, pos=37731/49155 = 76.8%)
      → AUC=0.4962  P=0.8177  R=0.7374  F1=0.7755  LogLoss=0.6377  (trees=500)
    Training P(dir) fold 1... (train=37731, test=7258, pos=18493/37731 = 49.0%)
      → AUC=0.5048  P=0.3709  R=0.4788  F1=0.4180  LogLoss=0.7001  (trees=12)

  ── Fold 2/4 ──
    Train: 61070 rows, 69 symbols, super=77.5%
    Test:  10972 rows, 91 symbols, super=78.2%
    Training P(super) fold 2... (train=61070, test=10972, pos=47301/61070 = 77.5%)
      → AUC=0.5184  P=0.7869  R=0.7294  F1=0.7571  LogLoss=0.6423  (trees=500)
    Training P(dir) fold 2... (train=47301, test=8582, pos=22222/47301 = 47.0%)
      → AUC=0.5457  P=0.4648  R=0.5255  F1=0.4933  LogLoss=0.6910  (trees=88)

  ── Fold 3/4 ──
    Train: 75268 rows, 89 symbols, super=77.4%
    Test:  12771 rows, 103 symbols, super=77.6%
    Training P(super) fold 3... (train=75268, test=12771, pos=58285/75268 = 77.4%)
      → AUC=0.5060  P=0.7779  R=0.7315  F1=0.7540  LogLoss=0.6490  (trees=500)
    Training P(dir) fold 3... (train=58285, test=9914, pos=27951/58285 = 48.0%)
      → AUC=0.5240  P=0.5668  R=0.5246  F1=0.5449  LogLoss=0.6905  (trees=62)

  ── Fold 4/4 ──
    Train: 92216 rows, 102 symbols, super=77.5%
    Test:  16331 rows, 137 symbols, super=78.5%
    Training P(super) fold 4... (train=92216, test=16331, pos=71433/92216 = 77.5%)
      → AUC=0.5190  P=0.7891  R=0.8049  F1=0.7969  LogLoss=0.6206  (trees=500)
    Training P(dir) fold 4... (train=71433, test=12819, pos=34342/71433 = 48.1%)
      → AUC=0.5643  P=0.3740  R=0.6580  F1=0.4770  LogLoss=0.6972  (trees=20)

  ────────────────────────────────────────────────────────────
  WFO Aggregate Out-of-Sample Metrics — TF 1440m
  ────────────────────────────────────────────────────────────
    P(super) (across 5 folds, 56799 OOS samples):
      auc           0.5160 ± 0.0148  [0.4962 .. 0.5403]  CV=0.029  trend=→0.0033/fold
      precision     0.7883 ± 0.0163  [0.7696 .. 0.8177]  CV=0.021  trend=→0.0001/fold
      recall        0.7652 ± 0.0402  [0.7294 .. 0.8227]  CV=0.053  trend=→0.0042/fold
      f1            0.7758 ± 0.0182  [0.7540 .. 0.7969]  CV=0.023  trend=→0.0018/fold
      logloss       0.6325 ± 0.0135  [0.6131 .. 0.6490]  CV=0.021  trend=→0.0026/fold
    P(direction) (across 5 folds, 44530 OOS samples):
      auc           0.5208 ± 0.0342  [0.4653 .. 0.5643]  CV=0.066  trend=↑0.0217/fold
      precision     0.4853 ± 0.1093  [0.3709 .. 0.6503]  CV=0.225  trend=↓0.0357/fold
      recall        0.5095 ± 0.0956  [0.3604 .. 0.6580]  CV=0.188  trend=↑0.0641/fold
      f1            0.4794 ± 0.0412  [0.4180 .. 0.5449]  CV=0.086  trend=↑0.0153/fold
      logloss       0.6983 ± 0.0081  [0.6905 .. 0.7128]  CV=0.012  trend=→0.0041/fold

    Stable features P(super) (appeared in top-5 across 5 folds):
      atr_pct                              4/5 folds
      trend_persist_lb5                    3/5 folds
      supertrend_dir                       3/5 folds
      atr_ratio_lb25                       3/5 folds
      trend_persist_lb3                    3/5 folds
      trend_persist_lb10                   2/5 folds
      trend                                2/5 folds
      volume_spike_flag                    2/5 folds
    Stable features P(dir) (appeared in top-5 across 5 folds):
      trend_persist_lb50                   4/5 folds
      adx_slope_lb15                       4/5 folds
      rsi_norm                             3/5 folds
      price_vs_ema20                       3/5 folds
      trend_persist_lb15                   2/5 folds
      trend_persist_lb25                   2/5 folds
      supertrend                           1/5 folds
      atr_ratio_lb25                       1/5 folds

  ── FINAL model (trained on ALL data) ──
    Training FINAL P(super)... (train=104712, test=11634, pos=81248/104712 = 77.6%)
      → AUC=0.6128  P=0.8030  R=0.7118  F1=0.7547  LogLoss=0.6345  (trees=500)
    ✅ Saved: models/super_entry_v1_tf1440.ubj
    Training FINAL P(dir)... (train=81113, test=9012, pos=37514/81113 = 46.2%)
      → AUC=0.7285  P=0.6423  R=0.6675  F1=0.6547  LogLoss=0.6151  (trees=2000)
    ✅ Saved: models/super_dir_v1_tf1440.ubj

  📊 WFO report saved: models/wfo_report_tf1440.json
  ⏱️  Elapsed: 37.8s

╔═════════════════════════════════════════════════════════════════════════╗
║  WFO TRAINING COMPLETE — FINAL SUMMARY                                 ║
╚═════════════════════════════════════════════════════════════════════════╝

  TF 1m (925,259 rows, 200 symbols, 2 folds):
    P(super):     AUC=0.8010±0.0091  F1=0.6130±0.0496  (OOS=56,081)
    P(direction): AUC=0.5299±0.0459  F1=0.5291±0.0705  (OOS=16,108)

  TF 5m (1,133,629 rows, 199 symbols, 3 folds):
    P(super):     AUC=0.7911±0.0213  F1=0.5037±0.0034  (OOS=556,140)
    P(direction): AUC=0.5462±0.0247  F1=0.5696±0.0271  (OOS=102,736)

  TF 15m (2,215,849 rows, 199 symbols, 5 folds):
    P(super):     AUC=0.7390±0.0280  F1=0.5829±0.0262  (OOS=1,179,219)
    P(direction): AUC=0.5060±0.0257  F1=0.5473±0.0488  (OOS=399,834)

  TF 60m (1,746,242 rows, 199 symbols, 5 folds):
    P(super):     AUC=0.6736±0.0112  F1=0.6136±0.0509  (OOS=1,153,457)
    P(direction): AUC=0.5043±0.0333  F1=0.5032±0.0335  (OOS=592,552)

  TF 240m (936,946 rows, 191 symbols, 6 folds):
    P(super):     AUC=0.6046±0.0178  F1=0.7304±0.0488  (OOS=511,137)
    P(direction): AUC=0.5269±0.0289  F1=0.5078±0.0422  (OOS=347,270)

  TF 1440m (116,346 rows, 137 symbols, 5 folds):
    P(super):     AUC=0.5160±0.0148  F1=0.7758±0.0182  (OOS=56,799)
    P(direction): AUC=0.5208±0.0342  F1=0.4794±0.0412  (OOS=44,530)

  📊 Combined report: models/wfo_combined_report.json
  🏷️  Models: models/super_entry_v1_tf*.ubj
  ⏱️  Total time: 1019.7s (17.0min)
  🏁 Done (FULL TRAINING)
